Archive member included because of file (symbol)

/Users/imac/Develop/stm32f4/arm_gcc/gcc-arm-none-eabi-4_7-2013q3/bin/../lib/gcc/arm-none-eabi/4.7.4/../../../../arm-none-eabi/lib/armv7-m/libc.a(lib_a-ctype_.o)
                              Ap_StrCmd.o (__ctype_ptr__)
/Users/imac/Develop/stm32f4/arm_gcc/gcc-arm-none-eabi-4_7-2013q3/bin/../lib/gcc/arm-none-eabi/4.7.4/../../../../arm-none-eabi/lib/armv7-m/libc.a(lib_a-errno.o)
                              Lb_Util.o (__errno)
/Users/imac/Develop/stm32f4/arm_gcc/gcc-arm-none-eabi-4_7-2013q3/bin/../lib/gcc/arm-none-eabi/4.7.4/../../../../arm-none-eabi/lib/armv7-m/libc.a(lib_a-impure.o)
                              /Users/imac/Develop/stm32f4/arm_gcc/gcc-arm-none-eabi-4_7-2013q3/bin/../lib/gcc/arm-none-eabi/4.7.4/../../../../arm-none-eabi/lib/armv7-m/libc.a(lib_a-errno.o) (_impure_ptr)
/Users/imac/Develop/stm32f4/arm_gcc/gcc-arm-none-eabi-4_7-2013q3/bin/../lib/gcc/arm-none-eabi/4.7.4/../../../../arm-none-eabi/lib/armv7-m/libc.a(lib_a-sscanf.o)
                              Ap_StrCmd.o (sscanf)
/Users/imac/Develop/stm32f4/arm_gcc/gcc-arm-none-eabi-4_7-2013q3/bin/../lib/gcc/arm-none-eabi/4.7.4/../../../../arm-none-eabi/lib/armv7-m/libc.a(lib_a-stdio.o)
                              /Users/imac/Develop/stm32f4/arm_gcc/gcc-arm-none-eabi-4_7-2013q3/bin/../lib/gcc/arm-none-eabi/4.7.4/../../../../arm-none-eabi/lib/armv7-m/libc.a(lib_a-sscanf.o) (__seofread)
/Users/imac/Develop/stm32f4/arm_gcc/gcc-arm-none-eabi-4_7-2013q3/bin/../lib/gcc/arm-none-eabi/4.7.4/../../../../arm-none-eabi/lib/armv7-m/libc.a(lib_a-strcmp.o)
                              Ap_StrCmd_MOVE.o (strcmp)
/Users/imac/Develop/stm32f4/arm_gcc/gcc-arm-none-eabi-4_7-2013q3/bin/../lib/gcc/arm-none-eabi/4.7.4/../../../../arm-none-eabi/lib/armv7-m/libc.a(lib_a-strlen.o)
                              Ap_StrCmd.o (strlen)
/Users/imac/Develop/stm32f4/arm_gcc/gcc-arm-none-eabi-4_7-2013q3/bin/../lib/gcc/arm-none-eabi/4.7.4/../../../../arm-none-eabi/lib/armv7-m/libc.a(lib_a-strncmp.o)
                              Ap_StrCmd.o (strncmp)
/Users/imac/Develop/stm32f4/arm_gcc/gcc-arm-none-eabi-4_7-2013q3/bin/../lib/gcc/arm-none-eabi/4.7.4/../../../../arm-none-eabi/lib/armv7-m/libc.a(lib_a-strtok.o)
                              Lb_Util.o (strtok)
/Users/imac/Develop/stm32f4/arm_gcc/gcc-arm-none-eabi-4_7-2013q3/bin/../lib/gcc/arm-none-eabi/4.7.4/../../../../arm-none-eabi/lib/armv7-m/libc.a(lib_a-strtok_r.o)
                              /Users/imac/Develop/stm32f4/arm_gcc/gcc-arm-none-eabi-4_7-2013q3/bin/../lib/gcc/arm-none-eabi/4.7.4/../../../../arm-none-eabi/lib/armv7-m/libc.a(lib_a-strtok.o) (__strtok_r)
/Users/imac/Develop/stm32f4/arm_gcc/gcc-arm-none-eabi-4_7-2013q3/bin/../lib/gcc/arm-none-eabi/4.7.4/../../../../arm-none-eabi/lib/armv7-m/libc.a(lib_a-svfscanf.o)
                              /Users/imac/Develop/stm32f4/arm_gcc/gcc-arm-none-eabi-4_7-2013q3/bin/../lib/gcc/arm-none-eabi/4.7.4/../../../../arm-none-eabi/lib/armv7-m/libc.a(lib_a-sscanf.o) (__ssvfscanf_r)
/Users/imac/Develop/stm32f4/arm_gcc/gcc-arm-none-eabi-4_7-2013q3/bin/../lib/gcc/arm-none-eabi/4.7.4/../../../../arm-none-eabi/lib/armv7-m/libc.a(lib_a-writer.o)
                              /Users/imac/Develop/stm32f4/arm_gcc/gcc-arm-none-eabi-4_7-2013q3/bin/../lib/gcc/arm-none-eabi/4.7.4/../../../../arm-none-eabi/lib/armv7-m/libc.a(lib_a-stdio.o) (_write_r)
/Users/imac/Develop/stm32f4/arm_gcc/gcc-arm-none-eabi-4_7-2013q3/bin/../lib/gcc/arm-none-eabi/4.7.4/../../../../arm-none-eabi/lib/armv7-m/libc.a(lib_a-closer.o)
                              /Users/imac/Develop/stm32f4/arm_gcc/gcc-arm-none-eabi-4_7-2013q3/bin/../lib/gcc/arm-none-eabi/4.7.4/../../../../arm-none-eabi/lib/armv7-m/libc.a(lib_a-stdio.o) (_close_r)
/Users/imac/Develop/stm32f4/arm_gcc/gcc-arm-none-eabi-4_7-2013q3/bin/../lib/gcc/arm-none-eabi/4.7.4/../../../../arm-none-eabi/lib/armv7-m/libc.a(lib_a-findfp.o)
                              /Users/imac/Develop/stm32f4/arm_gcc/gcc-arm-none-eabi-4_7-2013q3/bin/../lib/gcc/arm-none-eabi/4.7.4/../../../../arm-none-eabi/lib/armv7-m/libc.a(lib_a-svfscanf.o) (__sfp_lock_acquire)
/Users/imac/Develop/stm32f4/arm_gcc/gcc-arm-none-eabi-4_7-2013q3/bin/../lib/gcc/arm-none-eabi/4.7.4/../../../../arm-none-eabi/lib/armv7-m/libc.a(lib_a-fwalk.o)
                              /Users/imac/Develop/stm32f4/arm_gcc/gcc-arm-none-eabi-4_7-2013q3/bin/../lib/gcc/arm-none-eabi/4.7.4/../../../../arm-none-eabi/lib/armv7-m/libc.a(lib_a-findfp.o) (_fwalk)
/Users/imac/Develop/stm32f4/arm_gcc/gcc-arm-none-eabi-4_7-2013q3/bin/../lib/gcc/arm-none-eabi/4.7.4/../../../../arm-none-eabi/lib/armv7-m/libc.a(lib_a-iswspace.o)
                              /Users/imac/Develop/stm32f4/arm_gcc/gcc-arm-none-eabi-4_7-2013q3/bin/../lib/gcc/arm-none-eabi/4.7.4/../../../../arm-none-eabi/lib/armv7-m/libc.a(lib_a-svfscanf.o) (iswspace)
/Users/imac/Develop/stm32f4/arm_gcc/gcc-arm-none-eabi-4_7-2013q3/bin/../lib/gcc/arm-none-eabi/4.7.4/../../../../arm-none-eabi/lib/armv7-m/libc.a(lib_a-locale.o)
[...]
Memory Configuration

Name             Origin             Length             Attributes
RAM              0x0000000020000000 0x0000000000005000 xrw
EXTSRAM          0x0000000068000000 0x0000000000000000 xrw
FLASH            0x0000000008000000 0x000000000001f800 xr
EEMUL            0x000000000801f800 0x0000000000000800 xrw
*default*        0x0000000000000000 0xffffffffffffffff

Linker script and memory map

LOAD main.o
LOAD Ap.o
LOAD Ap_RadioMenu.o
LOAD Ap_Radio.o
LOAD Ap_GLcdMenu.o
LOAD Ap_EduMenu.o
LOAD Ap_StrCmd.o
LOAD Ap_StrCmd_Q.o
LOAD Ap_StrCmd_List.o
LOAD Ap_StrCmd_MOVE.o
LOAD Lb_Util.o
LOAD Lb_Printf.o
LOAD Hw_StartUp.o
LOAD Hw.o
LOAD Hw_Uart.o
LOAD Hw_PLL.o
LOAD Hw_Led.o
LOAD Hw_Uart_Q.o
LOAD Hw_ISR.o
LOAD Hw_Timer.o
LOAD Hw_VCom.o
LOAD Hw_I2C.o
LOAD Hw_I2C_SW.o
LOAD Hw_Si47xx.o
LOAD Hw_SPI.o
LOAD Hw_N5110G.o
LOAD Hw_DMA.o
LOAD Hw_VBus.o
LOAD Hw_KeyPad.o
LOAD Hw_7Seg.o
LOAD Hw_CLcd.o
LOAD Hw_Adc.o
LOAD Hw_Cds.o
LOAD Hw_DcMotor.o
LOAD Hw_Pwm.o
LOAD usb_desc.o
LOAD usb_endp.o
LOAD usb_istr.o
LOAD usb_prop.o
LOAD usb_pwr.o
LOAD hw_config.o
LOAD usb_core.o
LOAD usb_init.o
LOAD usb_mem.o
LOAD usb_regs.o
LOAD usb_sil.o
LOAD usb_int.o
LOAD /Users/imac/Develop/stm32f4/arm_gcc/gcc-arm-none-eabi-4_7-2013q3/bin/../lib/gcc/arm-none-eabi/4.7.4/../../../../arm-none-eabi/lib/armv7-m/libc.a
LOAD /Users/imac/Develop/stm32f4/arm_gcc/gcc-arm-none-eabi-4_7-2013q3/bin/../lib/gcc/arm-none-eabi/4.7.4/../../../../arm-none-eabi/lib/armv7-m/libm.a
LOAD /Users/imac/Develop/stm32f4/arm_gcc/gcc-arm-none-eabi-4_7-2013q3/bin/../lib/gcc/arm-none-eabi/4.7.4/../../../../arm-none-eabi/lib/armv7-m/libc.a
LOAD /Users/imac/Develop/stm32f4/arm_gcc/gcc-arm-none-eabi-4_7-2013q3/bin/../lib/gcc/arm-none-eabi/4.7.4/armv7-m/libgcc.a
                0x0000000020005000                _estack = (ORIGIN (RAM) + 0x5000)
                0x000000000801f800                _seemul = ORIGIN (EEMUL)
                0x0000000000000100                _Minimum_Stack_Size = 0x100
                0x0000000000000001                ASSERT ((ORIGIN (FLASH) == ALIGN (ORIGIN (FLASH), 0x80)), Start of memory region flash not aligned for startup vector table)

.text           0x0000000008000000     0xe1b8
                0x0000000008000000                . = ALIGN (0x80)
                0x0000000000000000                _isr_vectorsflash_offs = (. - 0x8000000)
 *(.isr_vectorsflash)
 .isr_vectorsflash
                0x0000000008000000        0x8 Hw_StartUp.o
                0x0000000008000000                g_pfnVectors
                0x0000000008000008                . = ALIGN (0x4)
 *(.text)
 .text          0x0000000008000008      0x370 /Users/imac/Develop/stm32f4/arm_gcc/gcc-arm-none-eabi-4_7-2013q3/bin/../lib/gcc/arm-none-eabi/4.7.4/armv7-m/libgcc.a(_arm_addsubdf3.o)
                0x0000000008000008                __aeabi_drsub
                0x0000000008000010                __subdf3
                0x0000000008000010                __aeabi_dsub
                0x0000000008000014                __aeabi_dadd
                0x0000000008000014                __adddf3
                0x000000000800028c                __aeabi_ui2d
                0x000000000800028c                __floatunsidf
                0x00000000080002ac                __floatsidf
                0x00000000080002ac                __aeabi_i2d
                0x00000000080002d0                __extendsfdf2
                0x00000000080002d0                __aeabi_f2d
                0x000000000800030c                __aeabi_ul2d
                0x000000000800030c                __floatundidf
                0x000000000800031c                __aeabi_l2d
                0x000000000800031c                __floatdidf
 .text          0x0000000008000378      0x424 /Users/imac/Develop/stm32f4/arm_gcc/gcc-arm-none-eabi-4_7-2013q3/bin/../lib/gcc/arm-none-eabi/4.7.4/armv7-m/libgcc.a(_arm_muldivdf3.o)
                0x0000000008000378                __aeabi_dmul
                0x0000000008000378                __muldf3
                0x00000000080005cc                __aeabi_ddiv
                0x00000000080005cc                __divdf3
 .text          0x000000000800079c      0x110 /Users/imac/Develop/stm32f4/arm_gcc/gcc-arm-none-eabi-4_7-2013q3/bin/../lib/gcc/arm-none-eabi/4.7.4/armv7-m/libgcc.a(_arm_cmpdf2.o)
                0x000000000800079c                __gtdf2
                0x000000000800079c                __gedf2
                0x00000000080007a4                __ltdf2
                0x00000000080007a4                __ledf2
                0x00000000080007ac                __eqdf2
                0x00000000080007ac                __nedf2
                0x00000000080007ac                __cmpdf2
                0x0000000008000828                __aeabi_cdrcmple
                0x0000000008000838                __aeabi_cdcmple
                0x0000000008000838                __aeabi_cdcmpeq
                0x0000000008000848                __aeabi_dcmpeq
                0x000000000800085c                __aeabi_dcmplt
                0x0000000008000870                __aeabi_dcmple
                0x0000000008000884                __aeabi_dcmpge
                0x0000000008000898                __aeabi_dcmpgt
 .text          0x00000000080008ac       0x50 /Users/imac/Develop/stm32f4/arm_gcc/gcc-arm-none-eabi-4_7-2013q3/bin/../lib/gcc/arm-none-eabi/4.7.4/armv7-m/libgcc.a(_arm_fixdfsi.o)
                0x00000000080008ac                __fixdfsi
                0x00000000080008ac                __aeabi_d2iz
 .text          0x00000000080008fc       0x40 /Users/imac/Develop/stm32f4/arm_gcc/gcc-arm-none-eabi-4_7-2013q3/bin/../lib/gcc/arm-none-eabi/4.7.4/armv7-m/libgcc.a(_arm_fixunsdfsi.o)
                0x00000000080008fc                __fixunsdfsi
                0x00000000080008fc                __aeabi_d2uiz
 .text          0x000000000800093c       0xa0 /Users/imac/Develop/stm32f4/arm_gcc/gcc-arm-none-eabi-4_7-2013q3/bin/../lib/gcc/arm-none-eabi/4.7.4/armv7-m/libgcc.a(_arm_truncdfsf2.o)
                0x000000000800093c                __aeabi_d2f
                0x000000000800093c                __truncdfsf2
 .text          0x00000000080009dc       0x2c /Users/imac/Develop/stm32f4/arm_gcc/gcc-arm-none-eabi-4_7-2013q3/bin/../lib/gcc/arm-none-eabi/4.7.4/armv7-m/libgcc.a(_aeabi_uldivmod.o)
                0x00000000080009dc                __aeabi_uldivmod
 .text          0x0000000008000a08       0x60 /Users/imac/Develop/stm32f4/arm_gcc/gcc-arm-none-eabi-4_7-2013q3/bin/../lib/gcc/arm-none-eabi/4.7.4/armv7-m/libgcc.a(bpabi.o)
                0x0000000008000a08                __gnu_ldivmod_helper
                0x0000000008000a38                __gnu_uldivmod_helper
 .text          0x0000000008000a68        0x4 /Users/imac/Develop/stm32f4/arm_gcc/gcc-arm-none-eabi-4_7-2013q3/bin/../lib/gcc/arm-none-eabi/4.7.4/armv7-m/libgcc.a(_dvmd_tls.o)
                0x0000000008000a68                __aeabi_ldiv0
                0x0000000008000a68                __aeabi_idiv0
 .text          0x0000000008000a6c      0x2bc /Users/imac/Develop/stm32f4/arm_gcc/gcc-arm-none-eabi-4_7-2013q3/bin/../lib/gcc/arm-none-eabi/4.7.4/armv7-m/libgcc.a(_divdi3.o)
                0x0000000008000a6c                __divdi3
 .text          0x0000000008000d28      0x28c /Users/imac/Develop/stm32f4/arm_gcc/gcc-arm-none-eabi-4_7-2013q3/bin/../lib/gcc/arm-none-eabi/4.7.4/armv7-m/libgcc.a(_udivdi3.o)
                0x0000000008000d28                __udivdi3
 *(.text.*)
 .text.LED_Tick
                0x0000000008000fb4       0x10 main.o
                0x0000000008000fb4                LED_Tick
 .text.startup.main
                0x0000000008000fc4       0x50 main.o
                0x0000000008000fc4                main
 .text.Ap_Init  0x0000000008001014       0x18 Ap.o
                0x0000000008001014                Ap_Init
 .text.Ap_StrCmd_PutFunc
                0x000000000800102c       0x14 Ap_StrCmd.o
                0x000000000800102c                Ap_StrCmd_PutFunc
 .text.Ap_StrCmd_CallBack_RxdISR
                0x0000000008001040       0x8c Ap_StrCmd.o
                0x0000000008001040                Ap_StrCmd_CallBack_RxdISR
 .text.Ap_StrCmd_AddCmd
                0x00000000080010cc      0x110 Ap_StrCmd.o
                0x00000000080010cc                Ap_StrCmd_AddCmd
 .text.Ap_StrCmd_Init
                0x00000000080011dc       0xc8 Ap_StrCmd.o
                0x00000000080011dc                Ap_StrCmd_Init
 .text.Ap_StrCmd_Print
                0x00000000080012a4       0x34 Ap_StrCmd.o
                0x00000000080012a4                Ap_StrCmd_Print
 .text.Ap_StrCmd_SendResp
                0x00000000080012d8       0x68 Ap_StrCmd.o
                0x00000000080012d8                Ap_StrCmd_SendResp
 .text.Ap_StrCmd_ShowMenuHelp
                0x0000000008001340       0x74 Ap_StrCmd.o
                0x0000000008001340                Ap_StrCmd_ShowMenuHelp
 .text.Ap_StrCmd_ShowMenu
                0x00000000080013b4       0x6c Ap_StrCmd.o
                0x00000000080013b4                Ap_StrCmd_ShowMenu
 .text.Ap_StrCmd_Printf
                0x0000000008001420       0x30 Ap_StrCmd.o
                0x0000000008001420                Ap_StrCmd_Printf
 .text.Ap_StrCmd_Echo
                0x0000000008001450       0x78 Ap_StrCmd.o
                0x0000000008001450                Ap_StrCmd_Echo
 .text.Ap_StrCmd_ShowInfo
                0x00000000080014c8       0x64 Ap_StrCmd.o
                0x00000000080014c8                Ap_StrCmd_ShowInfo
 .text.Ap_StrCmd_ExeFunc
                0x000000000800152c      0x160 Ap_StrCmd.o
                0x000000000800152c                Ap_StrCmd_ExeFunc
 .text.Ap_StrCmd_ExeCmd
                0x000000000800168c       0x1c Ap_StrCmd.o
                0x000000000800168c                Ap_StrCmd_ExeCmd
 .text.Ap_StrCmd_Q_Init
                0x00000000080016a8       0x18 Ap_StrCmd_Q.o
                0x00000000080016a8                Ap_StrCmd_Q_Init
 .text.Ap_StrCmd_Q_SIZE
                0x00000000080016c0       0x38 Ap_StrCmd_Q.o
                0x00000000080016c0                Ap_StrCmd_Q_SIZE
 .text.Ap_StrCmd_Q_Push
                0x00000000080016f8       0xb8 Ap_StrCmd_Q.o
                0x00000000080016f8                Ap_StrCmd_Q_Push
 .text.Ap_StrCmd_Q_Pop
                0x00000000080017b0       0xac Ap_StrCmd_Q.o
                0x00000000080017b0                Ap_StrCmd_Q_Pop
 .text.Ap_StrCmd_List
                0x000000000800185c       0x28 Ap_StrCmd_List.o
                0x000000000800185c                Ap_StrCmd_List
 .text.Ap_StrCmd_MOVE
                0x0000000008001884       0x70 Ap_StrCmd_MOVE.o
                0x0000000008001884                Ap_StrCmd_MOVE
 .text.Lb_Util_PaseArgs
                0x00000000080018f4       0x34 Lb_Util.o
                0x00000000080018f4                Lb_Util_PaseArgs
 .text.Lb_Util_atoi
                0x0000000008001928       0x4c Lb_Util.o
                0x0000000008001928                Lb_Util_atoi
 .text.__get_MSP
                0x0000000008001974        0x8 Lb_Util.o
                0x0000000008001974                __get_MSP
 .text._sbrk    0x000000000800197c       0x40 Lb_Util.o
                0x000000000800197c                _sbrk
 .text.print_byte_out
                0x00000000080019bc       0x38 Lb_Printf.o
                0x00000000080019bc                print_byte_out
 .text.PrintString
                0x00000000080019f4       0x20 Lb_Printf.o
 .text.DecToLong
                0x0000000008001a14       0x44 Lb_Printf.o
                0x0000000008001a14                DecToLong
 .text.PrintDec
                0x0000000008001a58      0x3cc Lb_Printf.o
 .text.PrintHex
                0x0000000008001e24      0x3b4 Lb_Printf.o
 .text.Lb_printf
                0x00000000080021d8      0x2d4 Lb_Printf.o
                0x00000000080021d8                Lb_printf
 .text.Lb_sprintf
                0x00000000080024ac      0x2e8 Lb_Printf.o
                0x00000000080024ac                Lb_sprintf
 .text.Lb_vsprintf
                0x0000000008002794      0x2d4 Lb_Printf.o
                0x0000000008002794                Lb_vsprintf
 .text.Hw_StartUp_Init
                0x0000000008002a68       0xcc Hw_StartUp.o
                0x0000000008002a68                Hw_StartUp_Init
 .text.Hw_Init  0x0000000008002b34       0xa8 Hw.o
                0x0000000008002b34                Hw_Init
 .text.Hw_ISR_UART2_Handler
                0x0000000008002bdc       0x34 Hw_Uart.o
                0x0000000008002bdc                Hw_ISR_UART2_Handler
 .text.Hw_ISR_UART1_Handler
                0x0000000008002c10       0x34 Hw_Uart.o
                0x0000000008002c10                Hw_ISR_UART1_Handler
 .text.Hw_Uart_Putch.part.0
                0x0000000008002c44       0x1c Hw_Uart.o
 .text.Hw_Uart_Open_COM1
                0x0000000008002c60       0x90 Hw_Uart.o
                0x0000000008002c60                Hw_Uart_Open_COM1
 .text.Hw_Uart_Open_COM2
                0x0000000008002cf0       0xb8 Hw_Uart.o
                0x0000000008002cf0                Hw_Uart_Open_COM2
 .text.Hw_Uart_Init
                0x0000000008002da8       0x50 Hw_Uart.o
                0x0000000008002da8                Hw_Uart_Init
 .text.Hw_Uart_SetReceiveFuncISR
                0x0000000008002df8       0x24 Hw_Uart.o
                0x0000000008002df8                Hw_Uart_SetReceiveFuncISR
 .text.Hw_Uart_Putch
                0x0000000008002e1c       0x40 Hw_Uart.o
                0x0000000008002e1c                Hw_Uart_Putch
 .text.print_byte
                0x0000000008002e5c       0x1c Hw_Uart.o
                0x0000000008002e5c                print_byte
 .text.Hw_PLL_Init
                0x0000000008002e78       0x94 Hw_PLL.o
                0x0000000008002e78                Hw_PLL_Init
 .text.Hw_Led_Init
                0x0000000008002f0c       0x44 Hw_Led.o
                0x0000000008002f0c                Hw_Led_Init
 .text.Hw_Led_Toggle
                0x0000000008002f50       0x14 Hw_Led.o
                0x0000000008002f50                Hw_Led_Toggle
 .text.Hw_Uart_Q_Init
                0x0000000008002f64       0x30 Hw_Uart_Q.o
                0x0000000008002f64                Hw_Uart_Q_Init
 .text.Hw_Uart_Q_Push
                0x0000000008002f94       0x78 Hw_Uart_Q.o
                0x0000000008002f94                Hw_Uart_Q_Push
 .text.Hw_ISR_Init
                0x000000000800300c       0x14 Hw_ISR.o
                0x000000000800300c                Hw_ISR_Init
 .text.Hw_ISR_SetIRQFunc
                0x0000000008003020       0x10 Hw_ISR.o
                0x0000000008003020                Hw_ISR_SetIRQFunc
 .text.Hw_ISR_SetIRQFuncByAddr
                0x0000000008003030       0x10 Hw_ISR.o
                0x0000000008003030                Hw_ISR_SetIRQFuncByAddr
 .text.Hw_Timer_SetupISR
                0x0000000008003040       0x1c Hw_Timer.o
                0x0000000008003040                Hw_Timer_SetupISR
 .text.Hw_Timer_Init
                0x000000000800305c       0xdc Hw_Timer.o
                0x000000000800305c                Hw_Timer_Init
 .text.Hw_Timer_Tick
                0x0000000008003138      0x284 Hw_Timer.o
                0x0000000008003138                Hw_Timer_Tick
 .text.Hw_Timer_ISR
                0x00000000080033bc       0x10 Hw_Timer.o
                0x00000000080033bc                Hw_Timer_ISR
 .text.Hw_Timer_Set
                0x00000000080033cc       0x20 Hw_Timer.o
                0x00000000080033cc                Hw_Timer_Set
 .text.Hw_Timer_Start
                0x00000000080033ec       0x14 Hw_Timer.o
                0x00000000080033ec                Hw_Timer_Start
 .text.Hw_VCom_Init
                0x0000000008003400       0x38 Hw_VCom.o
                0x0000000008003400                Hw_VCom_Init
 .text.Hw_VCom_Putch
                0x0000000008003438       0x10 Hw_VCom.o
                0x0000000008003438                Hw_VCom_Putch
 .text.Hw_VCom_SetReceiveFuncISR
                0x0000000008003448        0xc Hw_VCom.o
                0x0000000008003448                Hw_VCom_SetReceiveFuncISR
 .text.Hw_Adc_Init
                0x0000000008003454       0xa0 Hw_Adc.o
                0x0000000008003454                Hw_Adc_Init
 .text.Hw_DcMotor_SetPwm.part.0
                0x00000000080034f4       0x2c Hw_DcMotor.o
 .text.Hw_DcMotor_SetDir.part.1
                0x0000000008003520       0x1c Hw_DcMotor.o
 .text.Hw_DcMotor_Stop
                0x000000000800353c       0x3c Hw_DcMotor.o
                0x000000000800353c                Hw_DcMotor_Stop
 .text.Hw_DcMotor_Init
                0x0000000008003578       0x9c Hw_DcMotor.o
                0x0000000008003578                Hw_DcMotor_Init
 .text.Hw_DcMotor_SetDir
                0x0000000008003614       0x6c Hw_DcMotor.o
                0x0000000008003614                Hw_DcMotor_SetDir
 .text.Hw_DcMotor_Handle
                0x0000000008003680       0xb0 Hw_DcMotor.o
                0x0000000008003680                Hw_DcMotor_Handle
 .text.Hw_Pwm_IO_Setup
                0x0000000008003730       0x3c Hw_Pwm.o
                0x0000000008003730                Hw_Pwm_IO_Setup
 .text.Hw_Pwm_Timer_Setup
                0x000000000800376c       0x90 Hw_Pwm.o
                0x000000000800376c                Hw_Pwm_Timer_Setup
 .text.Hw_Pwm_Init
                0x00000000080037fc       0x18 Hw_Pwm.o
                0x00000000080037fc                Hw_Pwm_Init
 .text.Hw_Pwm_SetPercent
                0x0000000008003814       0x2c Hw_Pwm.o
                0x0000000008003814                Hw_Pwm_SetPercent
 .text.EP1_IN_Callback
                0x0000000008003840       0x74 usb_endp.o
                0x0000000008003840                EP1_IN_Callback
 .text.EP3_OUT_Callback
                0x00000000080038b4       0x34 usb_endp.o
                0x00000000080038b4                EP3_OUT_Callback
 .text.SOF_Callback
                0x00000000080038e8       0x30 usb_endp.o
                0x00000000080038e8                SOF_Callback
 .text.USB_Istr
                0x0000000008003918      0x278 usb_istr.o
                0x0000000008003918                USB_Istr
 .text.Virtual_Com_Port_SetConfiguration
                0x0000000008003b90       0x18 usb_prop.o
                0x0000000008003b90                Virtual_Com_Port_SetConfiguration
 .text.Virtual_Com_Port_SetDeviceAddress
                0x0000000008003ba8       0x10 usb_prop.o
                0x0000000008003ba8                Virtual_Com_Port_SetDeviceAddress
 .text.Virtual_Com_Port_Status_In
                0x0000000008003bb8       0x14 usb_prop.o
                0x0000000008003bb8                Virtual_Com_Port_Status_In
 .text.Virtual_Com_Port_Status_Out
                0x0000000008003bcc        0x4 usb_prop.o
                0x0000000008003bcc                Virtual_Com_Port_Status_Out
 .text.Virtual_Com_Port_Data_Setup
                0x0000000008003bd0       0x60 usb_prop.o
                0x0000000008003bd0                Virtual_Com_Port_Data_Setup
 .text.Virtual_Com_Port_NoData_Setup
                0x0000000008003c30       0x24 usb_prop.o
                0x0000000008003c30                Virtual_Com_Port_NoData_Setup
 .text.Virtual_Com_Port_Get_Interface_Setting
                0x0000000008003c54       0x10 usb_prop.o
                0x0000000008003c54                Virtual_Com_Port_Get_Interface_Setting
 .text.Virtual_Com_Port_GetLineCoding
                0x0000000008003c64       0x18 usb_prop.o
                0x0000000008003c64                Virtual_Com_Port_GetLineCoding
 .text.Virtual_Com_Port_SetLineCoding
                0x0000000008003c7c       0x18 usb_prop.o
                0x0000000008003c7c                Virtual_Com_Port_SetLineCoding
 .text.Virtual_Com_Port_GetStringDescriptor
                0x0000000008003c94       0x28 usb_prop.o
                0x0000000008003c94                Virtual_Com_Port_GetStringDescriptor
 .text.Virtual_Com_Port_GetConfigDescriptor
                0x0000000008003cbc       0x18 usb_prop.o
                0x0000000008003cbc                Virtual_Com_Port_GetConfigDescriptor
 .text.Virtual_Com_Port_GetDeviceDescriptor
                0x0000000008003cd4       0x18 usb_prop.o
                0x0000000008003cd4                Virtual_Com_Port_GetDeviceDescriptor
 .text.Virtual_Com_Port_Reset
                0x0000000008003cec      0x110 usb_prop.o
                0x0000000008003cec                Virtual_Com_Port_Reset
 .text.Virtual_Com_Port_init
                0x0000000008003dfc       0x3c usb_prop.o
                0x0000000008003dfc                Virtual_Com_Port_init
 .text.PowerOn  0x0000000008003e38       0x3c usb_pwr.o
                0x0000000008003e38                PowerOn
 .text.Suspend  0x0000000008003e74      0x1a8 usb_pwr.o
                0x0000000008003e74                Suspend
 .text.Resume_Init
                0x000000000800401c       0x28 usb_pwr.o
                0x000000000800401c                Resume_Init
 .text.Resume   0x0000000008004044       0xbc usb_pwr.o
                0x0000000008004044                Resume
 .text.USBWakeUp_IRQHandler
                0x0000000008004100       0x10 hw_config.o
                0x0000000008004100                USBWakeUp_IRQHandler
 .text.IntToUnicode
                0x0000000008004110       0x78 hw_config.o
 .text.USB_LP_IRQHandler
                0x0000000008004188       0x10 hw_config.o
                0x0000000008004188                USB_LP_IRQHandler
 .text.Set_System
                0x0000000008004198       0x20 hw_config.o
                0x0000000008004198                Set_System
 .text.Set_USBClock
                0x00000000080041b8       0x24 hw_config.o
                0x00000000080041b8                Set_USBClock
 .text.Leave_LowPowerMode
                0x00000000080041dc       0x20 hw_config.o
                0x00000000080041dc                Leave_LowPowerMode
 .text.USB_Interrupts_Config
                0x00000000080041fc       0xb0 hw_config.o
                0x00000000080041fc                USB_Interrupts_Config
 .text.USB_Cable_Config
                0x00000000080042ac       0x1c hw_config.o
                0x00000000080042ac                USB_Cable_Config
 .text.USB_To_USART_Send_Data
                0x00000000080042c8       0xa8 hw_config.o
                0x00000000080042c8                USB_To_USART_Send_Data
 .text.Handle_USBAsynchXfer
                0x0000000008004370       0xa4 hw_config.o
                0x0000000008004370                Handle_USBAsynchXfer
 .text.USB_Send_Data
                0x0000000008004414       0x38 hw_config.o
                0x0000000008004414                USB_Send_Data
 .text.Get_SerialNum
                0x000000000800444c       0x44 hw_config.o
                0x000000000800444c                Get_SerialNum
 .text.__WFI    0x0000000008004490        0x4 hw_config.o
                0x0000000008004490                __WFI
 .text.Standard_GetConfiguration
                0x0000000008004494       0x28 usb_core.o
                0x0000000008004494                Standard_GetConfiguration
 .text.Standard_GetInterface
                0x00000000080044bc       0x28 usb_core.o
                0x00000000080044bc                Standard_GetInterface
 .text.Standard_GetStatus
                0x00000000080044e4       0xa0 usb_core.o
                0x00000000080044e4                Standard_GetStatus
 .text.DataStageIn
                0x0000000008004584       0xc0 usb_core.o
 .text.Standard_SetConfiguration
                0x0000000008004644       0x3c usb_core.o
                0x0000000008004644                Standard_SetConfiguration
 .text.Standard_SetInterface
                0x0000000008004680       0x50 usb_core.o
                0x0000000008004680                Standard_SetInterface
 .text.Standard_ClearFeature
                0x00000000080046d0       0xf8 usb_core.o
                0x00000000080046d0                Standard_ClearFeature
 .text.Standard_SetEndPointFeature
                0x00000000080047c8       0x98 usb_core.o
                0x00000000080047c8                Standard_SetEndPointFeature
 .text.Standard_GetDescriptorData
                0x0000000008004860       0x1c usb_core.o
                0x0000000008004860                Standard_GetDescriptorData
 .text.Post0_Process
                0x000000000800487c       0x48 usb_core.o
                0x000000000800487c                Post0_Process
 .text.Out0_Process
                0x00000000080048c4       0xf0 usb_core.o
                0x00000000080048c4                Out0_Process
 .text.Setup0_Process
                0x00000000080049b4      0x388 usb_core.o
                0x00000000080049b4                Setup0_Process
 .text.SetDeviceAddress
                0x0000000008004d3c       0xa8 usb_core.o
                0x0000000008004d3c                SetDeviceAddress
 .text.In0_Process
                0x0000000008004de4       0x6c usb_core.o
                0x0000000008004de4                In0_Process
 .text.NOP_Process
                0x0000000008004e50        0x4 usb_core.o
                0x0000000008004e50                NOP_Process
 .text.USB_Init
                0x0000000008004e54       0x44 usb_init.o
                0x0000000008004e54                USB_Init
 .text.UserToPMABufferCopy
                0x0000000008004e98       0x78 usb_mem.o
                0x0000000008004e98                UserToPMABufferCopy
 .text.PMAToUserBufferCopy
                0x0000000008004f10       0x50 usb_mem.o
                0x0000000008004f10                PMAToUserBufferCopy
 .text.SetBTABLE
                0x0000000008004f60       0x14 usb_regs.o
                0x0000000008004f60                SetBTABLE
 .text.SetEPType
                0x0000000008004f74       0x18 usb_regs.o
                0x0000000008004f74                SetEPType
 .text.SetEPTxStatus
                0x0000000008004f8c       0x40 usb_regs.o
                0x0000000008004f8c                SetEPTxStatus
 .text.SetEPRxStatus
                0x0000000008004fcc       0x40 usb_regs.o
                0x0000000008004fcc                SetEPRxStatus
 .text.SetEPTxValid
                0x000000000800500c       0x24 usb_regs.o
                0x000000000800500c                SetEPTxValid
 .text.SetEPRxValid
                0x0000000008005030       0x24 usb_regs.o
                0x0000000008005030                SetEPRxValid
 .text.Clear_Status_Out
                0x0000000008005054       0x20 usb_regs.o
                0x0000000008005054                Clear_Status_Out
 .text.ClearDTOG_RX
                0x0000000008005074       0x24 usb_regs.o
                0x0000000008005074                ClearDTOG_RX
 .text.ClearDTOG_TX
                0x0000000008005098       0x24 usb_regs.o
                0x0000000008005098                ClearDTOG_TX
 .text.SetEPTxAddr
                0x00000000080050bc       0x24 usb_regs.o
                0x00000000080050bc                SetEPTxAddr
 .text.SetEPRxAddr
                0x00000000080050e0       0x28 usb_regs.o
                0x00000000080050e0                SetEPRxAddr
 .text.GetEPTxAddr
                0x0000000008005108       0x20 usb_regs.o
                0x0000000008005108                GetEPTxAddr
 .text.GetEPRxAddr
                0x0000000008005128       0x20 usb_regs.o
                0x0000000008005128                GetEPRxAddr
 .text.SetEPTxCount
                0x0000000008005148       0x20 usb_regs.o
                0x0000000008005148                SetEPTxCount
 .text.SetEPRxCount
                0x0000000008005168       0x44 usb_regs.o
                0x0000000008005168                SetEPRxCount
 .text.GetEPRxCount
                0x00000000080051ac       0x24 usb_regs.o
                0x00000000080051ac                GetEPRxCount
 .text.ByteSwap
                0x00000000080051d0        0xc usb_regs.o
                0x00000000080051d0                ByteSwap
 .text.USB_SIL_Init
                0x00000000080051dc       0x2c usb_sil.o
                0x00000000080051dc                USB_SIL_Init
 .text.USB_SIL_Read
                0x0000000008005208       0x38 usb_sil.o
                0x0000000008005208                USB_SIL_Read
 .text.CTR_LP   0x0000000008005240      0x1bc usb_int.o
                0x0000000008005240                CTR_LP
 .text.__errno  0x00000000080053fc        0xc /Users/imac/Develop/stm32f4/arm_gcc/gcc-arm-none-eabi-4_7-2013q3/bin/../lib/gcc/arm-none-eabi/4.7.4/../../../../arm-none-eabi/lib/armv7-m/libc.a(lib_a-errno.o)
                0x00000000080053fc                __errno
 .text.sscanf   0x0000000008005408       0x5c /Users/imac/Develop/stm32f4/arm_gcc/gcc-arm-none-eabi-4_7-2013q3/bin/../lib/gcc/arm-none-eabi/4.7.4/../../../../arm-none-eabi/lib/armv7-m/libc.a(lib_a-sscanf.o)
                0x0000000008005408                sscanf
 .text.__seofread
                0x0000000008005464        0x4 /Users/imac/Develop/stm32f4/arm_gcc/gcc-arm-none-eabi-4_7-2013q3/bin/../lib/gcc/arm-none-eabi/4.7.4/../../../../arm-none-eabi/lib/armv7-m/libc.a(lib_a-stdio.o)
                0x0000000008005464                __seofread
 .text.strcmp   0x0000000008005468       0x80 /Users/imac/Develop/stm32f4/arm_gcc/gcc-arm-none-eabi-4_7-2013q3/bin/../lib/gcc/arm-none-eabi/4.7.4/../../../../arm-none-eabi/lib/armv7-m/libc.a(lib_a-strcmp.o)
                0x0000000008005468                strcmp
 .text.strcmp_unaligned
                0x00000000080054e8      0x15c /Users/imac/Develop/stm32f4/arm_gcc/gcc-arm-none-eabi-4_7-2013q3/bin/../lib/gcc/arm-none-eabi/4.7.4/../../../../arm-none-eabi/lib/armv7-m/libc.a(lib_a-strcmp.o)
 .text.strlen   0x0000000008005644       0x60 /Users/imac/Develop/stm32f4/arm_gcc/gcc-arm-none-eabi-4_7-2013q3/bin/../lib/gcc/arm-none-eabi/4.7.4/../../../../arm-none-eabi/lib/armv7-m/libc.a(lib_a-strlen.o)
                0x0000000008005644                strlen
 .text.strncmp  0x00000000080056a4      0x120 /Users/imac/Develop/stm32f4/arm_gcc/gcc-arm-none-eabi-4_7-2013q3/bin/../lib/gcc/arm-none-eabi/4.7.4/../../../../arm-none-eabi/lib/armv7-m/libc.a(lib_a-strncmp.o)
                0x00000000080056a4                strncmp
 .text.strtok   0x00000000080057c4       0x14 /Users/imac/Develop/stm32f4/arm_gcc/gcc-arm-none-eabi-4_7-2013q3/bin/../lib/gcc/arm-none-eabi/4.7.4/../../../../arm-none-eabi/lib/armv7-m/libc.a(lib_a-strtok.o)
                0x00000000080057c4                strtok
 .text.__strtok_r
                0x00000000080057d8       0x60 /Users/imac/Develop/stm32f4/arm_gcc/gcc-arm-none-eabi-4_7-2013q3/bin/../lib/gcc/arm-none-eabi/4.7.4/../../../../arm-none-eabi/lib/armv7-m/libc.a(lib_a-strtok_r.o)
                0x00000000080057d8                __strtok_r
 .text.__ssvfscanf_r
                0x0000000008005838     0x11b8 /Users/imac/Develop/stm32f4/arm_gcc/gcc-arm-none-eabi-4_7-2013q3/bin/../lib/gcc/arm-none-eabi/4.7.4/../../../../arm-none-eabi/lib/armv7-m/libc.a(lib_a-svfscanf.o)
                0x0000000008005838                __ssvfscanf_r
 .text.__sfp_lock_acquire
                0x00000000080069f0        0x4 /Users/imac/Develop/stm32f4/arm_gcc/gcc-arm-none-eabi-4_7-2013q3/bin/../lib/gcc/arm-none-eabi/4.7.4/../../../../arm-none-eabi/lib/armv7-m/libc.a(lib_a-findfp.o)
                0x00000000080069f0                __sfp_lock_acquire
 .text.__sfp_lock_release
                0x00000000080069f4        0x4 /Users/imac/Develop/stm32f4/arm_gcc/gcc-arm-none-eabi-4_7-2013q3/bin/../lib/gcc/arm-none-eabi/4.7.4/../../../../arm-none-eabi/lib/armv7-m/libc.a(lib_a-findfp.o)
                0x00000000080069f4                __sfp_lock_release
 .text.iswspace
                0x00000000080069f8       0x1c /Users/imac/Develop/stm32f4/arm_gcc/gcc-arm-none-eabi-4_7-2013q3/bin/../lib/gcc/arm-none-eabi/4.7.4/../../../../arm-none-eabi/lib/armv7-m/libc.a(lib_a-iswspace.o)
                0x00000000080069f8                iswspace
 .text.__locale_charset
                0x0000000008006a14        0xc /Users/imac/Develop/stm32f4/arm_gcc/gcc-arm-none-eabi-4_7-2013q3/bin/../lib/gcc/arm-none-eabi/4.7.4/../../../../arm-none-eabi/lib/armv7-m/libc.a(lib_a-locale.o)
                0x0000000008006a14                __locale_charset
 .text.__locale_mb_cur_max
                0x0000000008006a20        0xc /Users/imac/Develop/stm32f4/arm_gcc/gcc-arm-none-eabi-4_7-2013q3/bin/../lib/gcc/arm-none-eabi/4.7.4/../../../../arm-none-eabi/lib/armv7-m/libc.a(lib_a-locale.o)
                0x0000000008006a20                __locale_mb_cur_max
 .text._localeconv_r
                0x0000000008006a2c        0xc /Users/imac/Develop/stm32f4/arm_gcc/gcc-arm-none-eabi-4_7-2013q3/bin/../lib/gcc/arm-none-eabi/4.7.4/../../../../arm-none-eabi/lib/armv7-m/libc.a(lib_a-locale.o)
                0x0000000008006a2c                _localeconv_r
 .text._malloc_r
                0x0000000008006a38      0x530 /Users/imac/Develop/stm32f4/arm_gcc/gcc-arm-none-eabi-4_7-2013q3/bin/../lib/gcc/arm-none-eabi/4.7.4/../../../../arm-none-eabi/lib/armv7-m/libc.a(lib_a-mallocr.o)
                0x0000000008006a38                _malloc_r
 .text._mbrtowc_r
                0x0000000008006f68       0x5c /Users/imac/Develop/stm32f4/arm_gcc/gcc-arm-none-eabi-4_7-2013q3/bin/../lib/gcc/arm-none-eabi/4.7.4/../../../../arm-none-eabi/lib/armv7-m/libc.a(lib_a-mbrtowc.o)
                0x0000000008006f68                _mbrtowc_r
 .text.__ascii_mbtowc
                0x0000000008006fc4       0x28 /Users/imac/Develop/stm32f4/arm_gcc/gcc-arm-none-eabi-4_7-2013q3/bin/../lib/gcc/arm-none-eabi/4.7.4/../../../../arm-none-eabi/lib/armv7-m/libc.a(lib_a-mbtowc_r.o)
                0x0000000008006fc4                __ascii_mbtowc
 .text.memset   0x0000000008006fec      0x12c /Users/imac/Develop/stm32f4/arm_gcc/gcc-arm-none-eabi-4_7-2013q3/bin/../lib/gcc/arm-none-eabi/4.7.4/../../../../arm-none-eabi/lib/armv7-m/libc.a(lib_a-memset.o)
                0x0000000008006fec                memset
 .text.__malloc_lock
                0x0000000008007118        0x4 /Users/imac/Develop/stm32f4/arm_gcc/gcc-arm-none-eabi-4_7-2013q3/bin/../lib/gcc/arm-none-eabi/4.7.4/../../../../arm-none-eabi/lib/armv7-m/libc.a(lib_a-mlock.o)
                0x0000000008007118                __malloc_lock
 .text.__malloc_unlock
                0x000000000800711c        0x4 /Users/imac/Develop/stm32f4/arm_gcc/gcc-arm-none-eabi-4_7-2013q3/bin/../lib/gcc/arm-none-eabi/4.7.4/../../../../arm-none-eabi/lib/armv7-m/libc.a(lib_a-mlock.o)
                0x000000000800711c                __malloc_unlock
 .text.__fpclassifyd
                0x0000000008007120       0x68 /Users/imac/Develop/stm32f4/arm_gcc/gcc-arm-none-eabi-4_7-2013q3/bin/../lib/gcc/arm-none-eabi/4.7.4/../../../../arm-none-eabi/lib/armv7-m/libc.a(lib_a-s_fpclassify.o)
                0x0000000008007120                __fpclassifyd
 .text._sbrk_r  0x0000000008007188       0x24 /Users/imac/Develop/stm32f4/arm_gcc/gcc-arm-none-eabi-4_7-2013q3/bin/../lib/gcc/arm-none-eabi/4.7.4/../../../../arm-none-eabi/lib/armv7-m/libc.a(lib_a-sbrkr.o)
                0x0000000008007188                _sbrk_r
 .text.__sccl   0x00000000080071ac       0x94 /Users/imac/Develop/stm32f4/arm_gcc/gcc-arm-none-eabi-4_7-2013q3/bin/../lib/gcc/arm-none-eabi/4.7.4/../../../../arm-none-eabi/lib/armv7-m/libc.a(lib_a-sccl.o)
                0x00000000080071ac                __sccl
 .text.nanf     0x0000000008007240        0x8 /Users/imac/Develop/stm32f4/arm_gcc/gcc-arm-none-eabi-4_7-2013q3/bin/../lib/gcc/arm-none-eabi/4.7.4/../../../../arm-none-eabi/lib/armv7-m/libc.a(lib_a-sf_nan.o)
                0x0000000008007240                nanf
 .text.sprintf  0x0000000008007248       0x50 /Users/imac/Develop/stm32f4/arm_gcc/gcc-arm-none-eabi-4_7-2013q3/bin/../lib/gcc/arm-none-eabi/4.7.4/../../../../arm-none-eabi/lib/armv7-m/libc.a(lib_a-sprintf.o)
                0x0000000008007248                sprintf
 .text._strtod_r
                0x0000000008007298      0xeb0 /Users/imac/Develop/stm32f4/arm_gcc/gcc-arm-none-eabi-4_7-2013q3/bin/../lib/gcc/arm-none-eabi/4.7.4/../../../../arm-none-eabi/lib/armv7-m/libc.a(lib_a-strtod.o)
                0x0000000008007298                _strtod_r
 .text._strtol_r
                0x0000000008008148      0x130 /Users/imac/Develop/stm32f4/arm_gcc/gcc-arm-none-eabi-4_7-2013q3/bin/../lib/gcc/arm-none-eabi/4.7.4/../../../../arm-none-eabi/lib/armv7-m/libc.a(lib_a-strtol.o)
                0x0000000008008148                _strtol_r
 .text._strtoll_r
                0x0000000008008278      0x1b0 /Users/imac/Develop/stm32f4/arm_gcc/gcc-arm-none-eabi-4_7-2013q3/bin/../lib/gcc/arm-none-eabi/4.7.4/../../../../arm-none-eabi/lib/armv7-m/libc.a(lib_a-strtoll_r.o)
                0x0000000008008278                _strtoll_r
 .text._strtoul_r
                0x0000000008008428      0x150 /Users/imac/Develop/stm32f4/arm_gcc/gcc-arm-none-eabi-4_7-2013q3/bin/../lib/gcc/arm-none-eabi/4.7.4/../../../../arm-none-eabi/lib/armv7-m/libc.a(lib_a-strtoul.o)
                0x0000000008008428                _strtoul_r
 .text._strtoull_r
                0x0000000008008578      0x1f0 /Users/imac/Develop/stm32f4/arm_gcc/gcc-arm-none-eabi-4_7-2013q3/bin/../lib/gcc/arm-none-eabi/4.7.4/../../../../arm-none-eabi/lib/armv7-m/libc.a(lib_a-strtoull_r.o)
                0x0000000008008578                _strtoull_r
 .text._sungetc_r
                0x0000000008008768       0x80 /Users/imac/Develop/stm32f4/arm_gcc/gcc-arm-none-eabi-4_7-2013q3/bin/../lib/gcc/arm-none-eabi/4.7.4/../../../../arm-none-eabi/lib/armv7-m/libc.a(lib_a-svfiscanf.o)
                0x0000000008008768                _sungetc_r
 .text.__ssrefill_r
                0x00000000080087e8       0x3c /Users/imac/Develop/stm32f4/arm_gcc/gcc-arm-none-eabi-4_7-2013q3/bin/../lib/gcc/arm-none-eabi/4.7.4/../../../../arm-none-eabi/lib/armv7-m/libc.a(lib_a-svfiscanf.o)
                0x00000000080087e8                __ssrefill_r
 .text._sfread_r
                0x0000000008008824       0x7c /Users/imac/Develop/stm32f4/arm_gcc/gcc-arm-none-eabi-4_7-2013q3/bin/../lib/gcc/arm-none-eabi/4.7.4/../../../../arm-none-eabi/lib/armv7-m/libc.a(lib_a-svfiscanf.o)
                0x0000000008008824                _sfread_r
 .text._svfprintf_r
                0x00000000080088a0     0x1adc /Users/imac/Develop/stm32f4/arm_gcc/gcc-arm-none-eabi-4_7-2013q3/bin/../lib/gcc/arm-none-eabi/4.7.4/../../../../arm-none-eabi/lib/armv7-m/libc.a(lib_a-svfprintf.o)
                0x00000000080088a0                _svfprintf_r
 .text.__submore
                0x000000000800a37c       0x7c /Users/imac/Develop/stm32f4/arm_gcc/gcc-arm-none-eabi-4_7-2013q3/bin/../lib/gcc/arm-none-eabi/4.7.4/../../../../arm-none-eabi/lib/armv7-m/libc.a(lib_a-ungetc.o)
                0x000000000800a37c                __submore
 .text.quorem   0x000000000800a3f8      0x2ec /Users/imac/Develop/stm32f4/arm_gcc/gcc-arm-none-eabi-4_7-2013q3/bin/../lib/gcc/arm-none-eabi/4.7.4/../../../../arm-none-eabi/lib/armv7-m/libc.a(lib_a-dtoa.o)
 *fill*         0x000000000800a6e4        0x4 00
 .text._dtoa_r  0x000000000800a6e8     0x11f8 /Users/imac/Develop/stm32f4/arm_gcc/gcc-arm-none-eabi-4_7-2013q3/bin/../lib/gcc/arm-none-eabi/4.7.4/../../../../arm-none-eabi/lib/armv7-m/libc.a(lib_a-dtoa.o)
                0x000000000800a6e8                _dtoa_r
 .text._malloc_trim_r
                0x000000000800b8e0       0x98 /Users/imac/Develop/stm32f4/arm_gcc/gcc-arm-none-eabi-4_7-2013q3/bin/../lib/gcc/arm-none-eabi/4.7.4/../../../../arm-none-eabi/lib/armv7-m/libc.a(lib_a-freer.o)
                0x000000000800b8e0                _malloc_trim_r
 .text._free_r  0x000000000800b978      0x194 /Users/imac/Develop/stm32f4/arm_gcc/gcc-arm-none-eabi-4_7-2013q3/bin/../lib/gcc/arm-none-eabi/4.7.4/../../../../arm-none-eabi/lib/armv7-m/libc.a(lib_a-freer.o)
                0x000000000800b978                _free_r
 .text.rshift   0x000000000800bb0c      0x148 /Users/imac/Develop/stm32f4/arm_gcc/gcc-arm-none-eabi-4_7-2013q3/bin/../lib/gcc/arm-none-eabi/4.7.4/../../../../arm-none-eabi/lib/armv7-m/libc.a(lib_a-gdtoa-gethex.o)
 .text.__hexdig_init
                0x000000000800bc54       0x50 /Users/imac/Develop/stm32f4/arm_gcc/gcc-arm-none-eabi-4_7-2013q3/bin/../lib/gcc/arm-none-eabi/4.7.4/../../../../arm-none-eabi/lib/armv7-m/libc.a(lib_a-gdtoa-gethex.o)
                0x000000000800bc54                __hexdig_init
 .text.__gethex
                0x000000000800bca4      0x588 /Users/imac/Develop/stm32f4/arm_gcc/gcc-arm-none-eabi-4_7-2013q3/bin/../lib/gcc/arm-none-eabi/4.7.4/../../../../arm-none-eabi/lib/armv7-m/libc.a(lib_a-gdtoa-gethex.o)
                0x000000000800bca4                __gethex
 .text.__hexnan
                0x000000000800c22c      0x2f0 /Users/imac/Develop/stm32f4/arm_gcc/gcc-arm-none-eabi-4_7-2013q3/bin/../lib/gcc/arm-none-eabi/4.7.4/../../../../arm-none-eabi/lib/armv7-m/libc.a(lib_a-gdtoa-hexnan.o)
                0x000000000800c22c                __hexnan
 .text.memchr   0x000000000800c51c      0x140 /Users/imac/Develop/stm32f4/arm_gcc/gcc-arm-none-eabi-4_7-2013q3/bin/../lib/gcc/arm-none-eabi/4.7.4/../../../../arm-none-eabi/lib/armv7-m/libc.a(lib_a-memchr.o)
                0x000000000800c51c                memchr
 .text.memcpy   0x000000000800c65c      0x15c /Users/imac/Develop/stm32f4/arm_gcc/gcc-arm-none-eabi-4_7-2013q3/bin/../lib/gcc/arm-none-eabi/4.7.4/../../../../arm-none-eabi/lib/armv7-m/libc.a(lib_a-memcpy.o)
                0x000000000800c65c                memcpy
 .text._Balloc  0x000000000800c7b8       0x4c /Users/imac/Develop/stm32f4/arm_gcc/gcc-arm-none-eabi-4_7-2013q3/bin/../lib/gcc/arm-none-eabi/4.7.4/../../../../arm-none-eabi/lib/armv7-m/libc.a(lib_a-mprec.o)
                0x000000000800c7b8                _Balloc
 .text._Bfree   0x000000000800c804       0x14 /Users/imac/Develop/stm32f4/arm_gcc/gcc-arm-none-eabi-4_7-2013q3/bin/../lib/gcc/arm-none-eabi/4.7.4/../../../../arm-none-eabi/lib/armv7-m/libc.a(lib_a-mprec.o)
                0x000000000800c804                _Bfree
 .text.__multadd
                0x000000000800c818       0xfc /Users/imac/Develop/stm32f4/arm_gcc/gcc-arm-none-eabi-4_7-2013q3/bin/../lib/gcc/arm-none-eabi/4.7.4/../../../../arm-none-eabi/lib/armv7-m/libc.a(lib_a-mprec.o)
                0x000000000800c818                __multadd
 .text.__s2b    0x000000000800c914      0x140 /Users/imac/Develop/stm32f4/arm_gcc/gcc-arm-none-eabi-4_7-2013q3/bin/../lib/gcc/arm-none-eabi/4.7.4/../../../../arm-none-eabi/lib/armv7-m/libc.a(lib_a-mprec.o)
                0x000000000800c914                __s2b
 .text.__hi0bits
                0x000000000800ca54       0x3c /Users/imac/Develop/stm32f4/arm_gcc/gcc-arm-none-eabi-4_7-2013q3/bin/../lib/gcc/arm-none-eabi/4.7.4/../../../../arm-none-eabi/lib/armv7-m/libc.a(lib_a-mprec.o)
                0x000000000800ca54                __hi0bits
 .text.__lo0bits
                0x000000000800ca90       0x5c /Users/imac/Develop/stm32f4/arm_gcc/gcc-arm-none-eabi-4_7-2013q3/bin/../lib/gcc/arm-none-eabi/4.7.4/../../../../arm-none-eabi/lib/armv7-m/libc.a(lib_a-mprec.o)
                0x000000000800ca90                __lo0bits
 .text.__i2b    0x000000000800caec       0x14 /Users/imac/Develop/stm32f4/arm_gcc/gcc-arm-none-eabi-4_7-2013q3/bin/../lib/gcc/arm-none-eabi/4.7.4/../../../../arm-none-eabi/lib/armv7-m/libc.a(lib_a-mprec.o)
                0x000000000800caec                __i2b
 .text.__multiply
                0x000000000800cb00      0x2d0 /Users/imac/Develop/stm32f4/arm_gcc/gcc-arm-none-eabi-4_7-2013q3/bin/../lib/gcc/arm-none-eabi/4.7.4/../../../../arm-none-eabi/lib/armv7-m/libc.a(lib_a-mprec.o)
                0x000000000800cb00                __multiply
 .text.__pow5mult
                0x000000000800cdd0       0x94 /Users/imac/Develop/stm32f4/arm_gcc/gcc-arm-none-eabi-4_7-2013q3/bin/../lib/gcc/arm-none-eabi/4.7.4/../../../../arm-none-eabi/lib/armv7-m/libc.a(lib_a-mprec.o)
                0x000000000800cdd0                __pow5mult
 .text.__lshift
                0x000000000800ce64      0x16c /Users/imac/Develop/stm32f4/arm_gcc/gcc-arm-none-eabi-4_7-2013q3/bin/../lib/gcc/arm-none-eabi/4.7.4/../../../../arm-none-eabi/lib/armv7-m/libc.a(lib_a-mprec.o)
                0x000000000800ce64                __lshift
 .text.__mcmp   0x000000000800cfd0       0x5c /Users/imac/Develop/stm32f4/arm_gcc/gcc-arm-none-eabi-4_7-2013q3/bin/../lib/gcc/arm-none-eabi/4.7.4/../../../../arm-none-eabi/lib/armv7-m/libc.a(lib_a-mprec.o)
                0x000000000800cfd0                __mcmp
 .text.__mdiff  0x000000000800d02c      0x218 /Users/imac/Develop/stm32f4/arm_gcc/gcc-arm-none-eabi-4_7-2013q3/bin/../lib/gcc/arm-none-eabi/4.7.4/../../../../arm-none-eabi/lib/armv7-m/libc.a(lib_a-mprec.o)
                0x000000000800d02c                __mdiff
 .text.__ulp    0x000000000800d244       0x44 /Users/imac/Develop/stm32f4/arm_gcc/gcc-arm-none-eabi-4_7-2013q3/bin/../lib/gcc/arm-none-eabi/4.7.4/../../../../arm-none-eabi/lib/armv7-m/libc.a(lib_a-mprec.o)
                0x000000000800d244                __ulp
 .text.__b2d    0x000000000800d288       0xbc /Users/imac/Develop/stm32f4/arm_gcc/gcc-arm-none-eabi-4_7-2013q3/bin/../lib/gcc/arm-none-eabi/4.7.4/../../../../arm-none-eabi/lib/armv7-m/libc.a(lib_a-mprec.o)
                0x000000000800d288                __b2d
 .text.__d2b    0x000000000800d344       0xc0 /Users/imac/Develop/stm32f4/arm_gcc/gcc-arm-none-eabi-4_7-2013q3/bin/../lib/gcc/arm-none-eabi/4.7.4/../../../../arm-none-eabi/lib/armv7-m/libc.a(lib_a-mprec.o)
                0x000000000800d344                __d2b
 .text.__ratio  0x000000000800d404       0x54 /Users/imac/Develop/stm32f4/arm_gcc/gcc-arm-none-eabi-4_7-2013q3/bin/../lib/gcc/arm-none-eabi/4.7.4/../../../../arm-none-eabi/lib/armv7-m/libc.a(lib_a-mprec.o)
                0x000000000800d404                __ratio
 .text.__copybits
                0x000000000800d458       0xa0 /Users/imac/Develop/stm32f4/arm_gcc/gcc-arm-none-eabi-4_7-2013q3/bin/../lib/gcc/arm-none-eabi/4.7.4/../../../../arm-none-eabi/lib/armv7-m/libc.a(lib_a-mprec.o)
                0x000000000800d458                __copybits
 .text.__any_on
                0x000000000800d4f8       0x74 /Users/imac/Develop/stm32f4/arm_gcc/gcc-arm-none-eabi-4_7-2013q3/bin/../lib/gcc/arm-none-eabi/4.7.4/../../../../arm-none-eabi/lib/armv7-m/libc.a(lib_a-mprec.o)
                0x000000000800d4f8                __any_on
 .text._realloc_r
                0x000000000800d56c      0x3ec /Users/imac/Develop/stm32f4/arm_gcc/gcc-arm-none-eabi-4_7-2013q3/bin/../lib/gcc/arm-none-eabi/4.7.4/../../../../arm-none-eabi/lib/armv7-m/libc.a(lib_a-reallocr.o)
                0x000000000800d56c                _realloc_r
 .text.__ssprint_r
                0x000000000800d958      0x100 /Users/imac/Develop/stm32f4/arm_gcc/gcc-arm-none-eabi-4_7-2013q3/bin/../lib/gcc/arm-none-eabi/4.7.4/../../../../arm-none-eabi/lib/armv7-m/libc.a(lib_a-svfiprintf.o)
                0x000000000800d958                __ssprint_r
 .text._calloc_r
                0x000000000800da58       0x60 /Users/imac/Develop/stm32f4/arm_gcc/gcc-arm-none-eabi-4_7-2013q3/bin/../lib/gcc/arm-none-eabi/4.7.4/../../../../arm-none-eabi/lib/armv7-m/libc.a(lib_a-callocr.o)
                0x000000000800da58                _calloc_r
 .text.memmove  0x000000000800dab8      0x1b0 /Users/imac/Develop/stm32f4/arm_gcc/gcc-arm-none-eabi-4_7-2013q3/bin/../lib/gcc/arm-none-eabi/4.7.4/../../../../arm-none-eabi/lib/armv7-m/libc.a(lib_a-memmove.o)
                0x000000000800dab8                memmove
 *(.stub .gnu.linkonce.t.*)
 *(.rodata .rodata.* .gnu.linkonce.r.*)
 .rodata.str1.4
                0x000000000800dc68       0x14 main.o
 .rodata.str1.4
                0x000000000800dc7c      0x153 Ap_StrCmd.o
                                        0x158 (size before relaxing)
 *fill*         0x000000000800ddcf        0x1 00
 .rodata.str1.4
                0x000000000800ddd0       0x13 Ap_StrCmd_List.o
                                         0x14 (size before relaxing)
 *fill*         0x000000000800dde3        0x1 00
 .rodata.str1.4
                0x000000000800dde4        0xb Ap_StrCmd_MOVE.o
                                         0x10 (size before relaxing)
 *fill*         0x000000000800ddef        0x1 00
 .rodata.str1.4
                0x000000000800ddf0        0x7 Lb_Util.o
                                          0x8 (size before relaxing)
 *fill*         0x000000000800ddf7        0x1 00
 .rodata.Virtual_Com_Port_StringVendor
                0x000000000800ddf8       0x28 usb_desc.o
                0x000000000800ddf8                Virtual_Com_Port_StringVendor
 .rodata.Virtual_Com_Port_DeviceDescriptor
                0x000000000800de20       0x14 usb_desc.o
                0x000000000800de20                Virtual_Com_Port_DeviceDescriptor
 .rodata.Virtual_Com_Port_StringLangID
                0x000000000800de34        0x4 usb_desc.o
                0x000000000800de34                Virtual_Com_Port_StringLangID
 .rodata.Virtual_Com_Port_StringProduct
                0x000000000800de38       0x34 usb_desc.o
                0x000000000800de38                Virtual_Com_Port_StringProduct
 .rodata.Virtual_Com_Port_ConfigDescriptor
                0x000000000800de6c       0x44 usb_desc.o
                0x000000000800de6c                Virtual_Com_Port_ConfigDescriptor
 .rodata._ctype_
                0x000000000800deb0      0x104 /Users/imac/Develop/stm32f4/arm_gcc/gcc-arm-none-eabi-4_7-2013q3/bin/../lib/gcc/arm-none-eabi/4.7.4/../../../../arm-none-eabi/lib/armv7-m/libc.a(lib_a-ctype_.o)
                0x000000000800deb0                _ctype_
 .rodata.str1.4
                0x000000000800dfb4        0x2 /Users/imac/Develop/stm32f4/arm_gcc/gcc-arm-none-eabi-4_7-2013q3/bin/../lib/gcc/arm-none-eabi/4.7.4/../../../../arm-none-eabi/lib/armv7-m/libc.a(lib_a-impure.o)
                                          0x4 (size before relaxing)
 *fill*         0x000000000800dfb6        0x2 00
 .rodata.basefix.6637
                0x000000000800dfb8       0x24 /Users/imac/Develop/stm32f4/arm_gcc/gcc-arm-none-eabi-4_7-2013q3/bin/../lib/gcc/arm-none-eabi/4.7.4/../../../../arm-none-eabi/lib/armv7-m/libc.a(lib_a-svfscanf.o)
 .rodata.str1.4
                0x000000000800dfdc        0x5 /Users/imac/Develop/stm32f4/arm_gcc/gcc-arm-none-eabi-4_7-2013q3/bin/../lib/gcc/arm-none-eabi/4.7.4/../../../../arm-none-eabi/lib/armv7-m/libc.a(lib_a-svfscanf.o)
                                          0x8 (size before relaxing)
 *fill*         0x000000000800dfe1        0x3 00
 .rodata.str1.4
                0x000000000800dfe4        0xa /Users/imac/Develop/stm32f4/arm_gcc/gcc-arm-none-eabi-4_7-2013q3/bin/../lib/gcc/arm-none-eabi/4.7.4/../../../../arm-none-eabi/lib/armv7-m/libc.a(lib_a-locale.o)
                                         0x14 (size before relaxing)
 .rodata.str1.4
                0x0000000000000000        0x4 /Users/imac/Develop/stm32f4/arm_gcc/gcc-arm-none-eabi-4_7-2013q3/bin/../lib/gcc/arm-none-eabi/4.7.4/../../../../arm-none-eabi/lib/armv7-m/libc.a(lib_a-mbrtowc.o)
 *fill*         0x000000000800dfee        0x2 00
 .rodata.str1.4
                0x000000000800dff0        0xf /Users/imac/Develop/stm32f4/arm_gcc/gcc-arm-none-eabi-4_7-2013q3/bin/../lib/gcc/arm-none-eabi/4.7.4/../../../../arm-none-eabi/lib/armv7-m/libc.a(lib_a-strtod.o)
                                         0x10 (size before relaxing)
 *fill*         0x000000000800dfff        0x1 00
 .rodata.tinytens
                0x000000000800e000       0x28 /Users/imac/Develop/stm32f4/arm_gcc/gcc-arm-none-eabi-4_7-2013q3/bin/../lib/gcc/arm-none-eabi/4.7.4/../../../../arm-none-eabi/lib/armv7-m/libc.a(lib_a-strtod.o)
 .rodata.str1.4
                0x000000000800e028       0x42 /Users/imac/Develop/stm32f4/arm_gcc/gcc-arm-none-eabi-4_7-2013q3/bin/../lib/gcc/arm-none-eabi/4.7.4/../../../../arm-none-eabi/lib/armv7-m/libc.a(lib_a-svfprintf.o)
                                         0x44 (size before relaxing)
 *fill*         0x000000000800e06a        0x2 00
 .rodata.zeroes.6721
                0x000000000800e06c       0x10 /Users/imac/Develop/stm32f4/arm_gcc/gcc-arm-none-eabi-4_7-2013q3/bin/../lib/gcc/arm-none-eabi/4.7.4/../../../../arm-none-eabi/lib/armv7-m/libc.a(lib_a-svfprintf.o)
 .rodata.blanks.6720
                0x000000000800e07c       0x10 /Users/imac/Develop/stm32f4/arm_gcc/gcc-arm-none-eabi-4_7-2013q3/bin/../lib/gcc/arm-none-eabi/4.7.4/../../../../arm-none-eabi/lib/armv7-m/libc.a(lib_a-svfprintf.o)
 .rodata.str1.4
                0x000000000800e08c       0x10 /Users/imac/Develop/stm32f4/arm_gcc/gcc-arm-none-eabi-4_7-2013q3/bin/../lib/gcc/arm-none-eabi/4.7.4/../../../../arm-none-eabi/lib/armv7-m/libc.a(lib_a-dtoa.o)
                                         0x14 (size before relaxing)
 .rodata.str1.4
                0x000000000800e09c       0x1c /Users/imac/Develop/stm32f4/arm_gcc/gcc-arm-none-eabi-4_7-2013q3/bin/../lib/gcc/arm-none-eabi/4.7.4/../../../../arm-none-eabi/lib/armv7-m/libc.a(lib_a-gdtoa-gethex.o)
 .rodata.p05.5242
                0x000000000800e0b8        0xc /Users/imac/Develop/stm32f4/arm_gcc/gcc-arm-none-eabi-4_7-2013q3/bin/../lib/gcc/arm-none-eabi/4.7.4/../../../../arm-none-eabi/lib/armv7-m/libc.a(lib_a-mprec.o)
 *fill*         0x000000000800e0c4        0x4 00
 .rodata.__mprec_tens
                0x000000000800e0c8       0xc8 /Users/imac/Develop/stm32f4/arm_gcc/gcc-arm-none-eabi-4_7-2013q3/bin/../lib/gcc/arm-none-eabi/4.7.4/../../../../arm-none-eabi/lib/armv7-m/libc.a(lib_a-mprec.o)
                0x000000000800e0c8                __mprec_tens
 .rodata.__mprec_bigtens
                0x000000000800e190       0x28 /Users/imac/Develop/stm32f4/arm_gcc/gcc-arm-none-eabi-4_7-2013q3/bin/../lib/gcc/arm-none-eabi/4.7.4/../../../../arm-none-eabi/lib/armv7-m/libc.a(lib_a-mprec.o)
                0x000000000800e190                __mprec_bigtens
 *(.glue_7 .glue_7t)
 .glue_7        0x0000000000000000        0x0 linker stubs
 .glue_7t       0x0000000000000000        0x0 linker stubs
                0x000000000800e1b8                . = ALIGN (0x4)

.vfp11_veneer   0x000000000800e1b8        0x0
 .vfp11_veneer  0x0000000000000000        0x0 linker stubs

.v4_bx          0x000000000800e1b8        0x0
 .v4_bx         0x0000000000000000        0x0 linker stubs

.iplt           0x000000000800e1b8        0x0
 .iplt          0x0000000000000000        0x0 main.o

.ARM.extab
 *(.ARM.extab* .gnu.linkonce.armextab.*)

.ARM            0x000000000800e1b8        0x8
                0x000000000800e1b8                __exidx_start = .
 *(.ARM.exidx*)
 .ARM.exidx     0x000000000800e1b8        0x8 /Users/imac/Develop/stm32f4/arm_gcc/gcc-arm-none-eabi-4_7-2013q3/bin/../lib/gcc/arm-none-eabi/4.7.4/armv7-m/libgcc.a(_divdi3.o)
 .ARM.exidx     0x000000000800e1c0        0x0 /Users/imac/Develop/stm32f4/arm_gcc/gcc-arm-none-eabi-4_7-2013q3/bin/../lib/gcc/arm-none-eabi/4.7.4/armv7-m/libgcc.a(_udivdi3.o)
                                          0x8 (size before relaxing)
                0x000000000800e1c0                __exidx_end = .
                0x000000000800e1c0                _etext = .
                0x000000000800e1c0                _sidata = _etext

.rel.dyn        0x000000000800e1c0        0x0
 .rel.iplt      0x0000000000000000        0x0 main.o

.data           0x0000000020000000      0x9ac load address 0x000000000800e1c0
                0x0000000020000000                . = .
                0x0000000020000000                . = ALIGN (0x4)
                0x0000000020000000                _sdata = .
                0x0000000020000000                . = ALIGN (0x80)
                0x0000000000000000                _isr_vectorsram_offs = (. - 0x20000000)
 *(.isr_vectorsram)
                0x0000000020000000                . = ALIGN (0x4)
 *(.ramfunc*)
                0x0000000020000000                . = ALIGN (0x4)
 *(.data .data.* .gnu.linkonce.d.*)
 .data.Virtual_Com_Port_StringSerial
                0x0000000020000000       0x1c usb_desc.o
                0x0000000020000000                Virtual_Com_Port_StringSerial
 .data.pEpInt_IN
                0x000000002000001c       0x1c usb_istr.o
                0x000000002000001c                pEpInt_IN
 .data.pEpInt_OUT
                0x0000000020000038       0x1c usb_istr.o
                0x0000000020000038                pEpInt_OUT
 .data.Config_Descriptor
                0x0000000020000054        0x8 usb_prop.o
                0x0000000020000054                Config_Descriptor
 .data.Device_Property
                0x000000002000005c       0x30 usb_prop.o
                0x000000002000005c                Device_Property
 .data.User_Standard_Requests
                0x000000002000008c       0x24 usb_prop.o
                0x000000002000008c                User_Standard_Requests
 .data.Device_Descriptor
                0x00000000200000b0        0x8 usb_prop.o
                0x00000000200000b0                Device_Descriptor
 .data.String_Descriptor
                0x00000000200000b8       0x20 usb_prop.o
                0x00000000200000b8                String_Descriptor
 .data.linecoding
                0x00000000200000d8        0x8 usb_prop.o
                0x00000000200000d8                linecoding
 .data.Device_Table
                0x00000000200000e0        0x4 usb_prop.o
                0x00000000200000e0                Device_Table
 .data.__ctype_ptr__
                0x00000000200000e4        0x4 /Users/imac/Develop/stm32f4/arm_gcc/gcc-arm-none-eabi-4_7-2013q3/bin/../lib/gcc/arm-none-eabi/4.7.4/../../../../arm-none-eabi/lib/armv7-m/libc.a(lib_a-ctype_.o)
                0x00000000200000e4                __ctype_ptr__
 .data.impure_data
                0x00000000200000e8      0x428 /Users/imac/Develop/stm32f4/arm_gcc/gcc-arm-none-eabi-4_7-2013q3/bin/../lib/gcc/arm-none-eabi/4.7.4/../../../../arm-none-eabi/lib/armv7-m/libc.a(lib_a-impure.o)
 .data._impure_ptr
                0x0000000020000510        0x4 /Users/imac/Develop/stm32f4/arm_gcc/gcc-arm-none-eabi-4_7-2013q3/bin/../lib/gcc/arm-none-eabi/4.7.4/../../../../arm-none-eabi/lib/armv7-m/libc.a(lib_a-impure.o)
                0x0000000020000510                _impure_ptr
 .data.lconv    0x0000000020000514       0x38 /Users/imac/Develop/stm32f4/arm_gcc/gcc-arm-none-eabi-4_7-2013q3/bin/../lib/gcc/arm-none-eabi/4.7.4/../../../../arm-none-eabi/lib/armv7-m/libc.a(lib_a-locale.o)
 .data.lc_ctype_charset
                0x000000002000054c       0x20 /Users/imac/Develop/stm32f4/arm_gcc/gcc-arm-none-eabi-4_7-2013q3/bin/../lib/gcc/arm-none-eabi/4.7.4/../../../../arm-none-eabi/lib/armv7-m/libc.a(lib_a-locale.o)
 .data.__mb_cur_max
                0x000000002000056c        0x4 /Users/imac/Develop/stm32f4/arm_gcc/gcc-arm-none-eabi-4_7-2013q3/bin/../lib/gcc/arm-none-eabi/4.7.4/../../../../arm-none-eabi/lib/armv7-m/libc.a(lib_a-locale.o)
                0x000000002000056c                __mb_cur_max
 .data.__malloc_av_
                0x0000000020000570      0x408 /Users/imac/Develop/stm32f4/arm_gcc/gcc-arm-none-eabi-4_7-2013q3/bin/../lib/gcc/arm-none-eabi/4.7.4/../../../../arm-none-eabi/lib/armv7-m/libc.a(lib_a-mallocr.o)
                0x0000000020000570                __malloc_av_
 .data.__malloc_trim_threshold
                0x0000000020000978        0x4 /Users/imac/Develop/stm32f4/arm_gcc/gcc-arm-none-eabi-4_7-2013q3/bin/../lib/gcc/arm-none-eabi/4.7.4/../../../../arm-none-eabi/lib/armv7-m/libc.a(lib_a-mallocr.o)
                0x0000000020000978                __malloc_trim_threshold
 .data.__malloc_sbrk_base
                0x000000002000097c        0x4 /Users/imac/Develop/stm32f4/arm_gcc/gcc-arm-none-eabi-4_7-2013q3/bin/../lib/gcc/arm-none-eabi/4.7.4/../../../../arm-none-eabi/lib/armv7-m/libc.a(lib_a-mallocr.o)
                0x000000002000097c                __malloc_sbrk_base
 .data.__mbtowc
                0x0000000020000980        0x4 /Users/imac/Develop/stm32f4/arm_gcc/gcc-arm-none-eabi-4_7-2013q3/bin/../lib/gcc/arm-none-eabi/4.7.4/../../../../arm-none-eabi/lib/armv7-m/libc.a(lib_a-mbtowc_r.o)
                0x0000000020000980                __mbtowc
 .data.fpi.5202
                0x0000000020000984       0x14 /Users/imac/Develop/stm32f4/arm_gcc/gcc-arm-none-eabi-4_7-2013q3/bin/../lib/gcc/arm-none-eabi/4.7.4/../../../../arm-none-eabi/lib/armv7-m/libc.a(lib_a-strtod.o)
 .data.fpinan.5238
                0x0000000020000998       0x14 /Users/imac/Develop/stm32f4/arm_gcc/gcc-arm-none-eabi-4_7-2013q3/bin/../lib/gcc/arm-none-eabi/4.7.4/../../../../arm-none-eabi/lib/armv7-m/libc.a(lib_a-strtod.o)
                0x00000000200009ac                . = ALIGN (0x4)
                0x00000000200009ac                _edata = .

.igot.plt       0x00000000200009ac        0x0 load address 0x000000000800eb6c
 .igot.plt      0x0000000000000000        0x0 main.o

.bss            0x0000000020000a00     0x1348 load address 0x000000000800ec00
                0x0000000020000a00                . = ALIGN (0x4)
                0x0000000020000a00                _sbss = .
 *(.bss .bss.*)
 .bss.Ap_StrCmd_EchoEnable
                0x0000000020000a00        0x1 Ap_StrCmd.o
                0x0000000020000a00                Ap_StrCmd_EchoEnable
 *fill*         0x0000000020000a01        0x3 00
 .bss.heap_end.4960
                0x0000000020000a04        0x4 Lb_Util.o
 .bss.StrPrintBufIndex
                0x0000000020000a08        0x4 Lb_Printf.o
                0x0000000020000a08                StrPrintBufIndex
 .bss.StrPrintMode
                0x0000000020000a0c        0x1 Lb_Printf.o
                0x0000000020000a0c                StrPrintMode
 .bss.Excute.4414
                0x0000000020000a0d        0x1 Hw_Timer.o
 *fill*         0x0000000020000a0e        0x2 00
 .bss.Timer_Tbl
                0x0000000020000a10       0xa0 Hw_Timer.o
 .bss.Hw_Timer_Counter
                0x0000000020000ab0        0x4 Hw_Timer.o
 .bss.Tmr_Ctn   0x0000000020000ab4        0x2 Hw_Timer.o
 *fill*         0x0000000020000ab6        0x2 00
 .bss.FrameCount.4862
                0x0000000020000ab8        0x4 usb_endp.o
 .bss.wCNTR     0x0000000020000abc        0x4 usb_istr.o
                0x0000000020000abc                wCNTR
 .bss.bIntPackSOF
                0x0000000020000ac0        0x1 usb_istr.o
                0x0000000020000ac0                bIntPackSOF
 *fill*         0x0000000020000ac1        0x3 00
 .bss.esof_counter
                0x0000000020000ac4        0x4 usb_istr.o
                0x0000000020000ac4                esof_counter
 .bss.Request   0x0000000020000ac8        0x1 usb_prop.o
                0x0000000020000ac8                Request
 *fill*         0x0000000020000ac9        0x3 00
 .bss.bDeviceState
                0x0000000020000acc        0x4 usb_pwr.o
                0x0000000020000acc                bDeviceState
 .bss.fSuspendEnabled
                0x0000000020000ad0        0x1 usb_pwr.o
                0x0000000020000ad0                fSuspendEnabled
 *fill*         0x0000000020000ad1        0x3 00
 .bss.remotewakeupon
                0x0000000020000ad4        0x4 usb_pwr.o
                0x0000000020000ad4                remotewakeupon
 .bss.USB_Tx_State
                0x0000000020000ad8        0x1 hw_config.o
                0x0000000020000ad8                USB_Tx_State
 *fill*         0x0000000020000ad9        0x3 00
 .bss.USART_Rx_ptr_in
                0x0000000020000adc        0x4 hw_config.o
                0x0000000020000adc                USART_Rx_ptr_in
 .bss.USART_Rx_ptr_out
                0x0000000020000ae0        0x4 hw_config.o
                0x0000000020000ae0                USART_Rx_ptr_out
 .bss.USART_Rx_length
                0x0000000020000ae4        0x4 hw_config.o
                0x0000000020000ae4                USART_Rx_length
 .bss.Data_Mul_MaxPacketSize
                0x0000000020000ae8        0x1 usb_core.o
                0x0000000020000ae8                Data_Mul_MaxPacketSize
 *fill*         0x0000000020000ae9        0x3 00
 .bss.__malloc_max_total_mem
                0x0000000020000aec        0x4 /Users/imac/Develop/stm32f4/arm_gcc/gcc-arm-none-eabi-4_7-2013q3/bin/../lib/gcc/arm-none-eabi/4.7.4/../../../../arm-none-eabi/lib/armv7-m/libc.a(lib_a-mallocr.o)
                0x0000000020000aec                __malloc_max_total_mem
 .bss.__malloc_max_sbrked_mem
                0x0000000020000af0        0x4 /Users/imac/Develop/stm32f4/arm_gcc/gcc-arm-none-eabi-4_7-2013q3/bin/../lib/gcc/arm-none-eabi/4.7.4/../../../../arm-none-eabi/lib/armv7-m/libc.a(lib_a-mallocr.o)
                0x0000000020000af0                __malloc_max_sbrked_mem
 .bss.__malloc_top_pad
                0x0000000020000af4        0x4 /Users/imac/Develop/stm32f4/arm_gcc/gcc-arm-none-eabi-4_7-2013q3/bin/../lib/gcc/arm-none-eabi/4.7.4/../../../../arm-none-eabi/lib/armv7-m/libc.a(lib_a-mallocr.o)
                0x0000000020000af4                __malloc_top_pad
 .bss.__malloc_current_mallinfo
                0x0000000020000af8       0x28 /Users/imac/Develop/stm32f4/arm_gcc/gcc-arm-none-eabi-4_7-2013q3/bin/../lib/gcc/arm-none-eabi/4.7.4/../../../../arm-none-eabi/lib/armv7-m/libc.a(lib_a-mallocr.o)
                0x0000000020000af8                __malloc_current_mallinfo
 *(COMMON)
 COMMON         0x0000000020000b20      0x3fd Ap_StrCmd.o
                0x0000000020000b20                Ap_StrCmd_Dic_Ptr
                0x0000000020000e90                Ap_StrCmd_CmdStrExe
                0x0000000020000ecc                Ap_StrCmd_ChSize
                0x0000000020000ece                Ap_StrCmd_CmdCheck
                0x0000000020000ed0                Ap_StrCmd_CmdStr
                0x0000000020000f0c                Ap_StrCmd_DlyCheck
                0x0000000020000f10                Ap_StrCmd_PrintPtr
                0x0000000020000f14                Ap_StrCmd_Size
                0x0000000020000f18                Ap_StrCmd_PutchPtr
                0x0000000020000f1c                Ap_StrCmd_LoopCheck
 *fill*         0x0000000020000f1d        0x3 00
 COMMON         0x0000000020000f20      0x172 Ap_StrCmd_Q.o
                0x0000000020000f20                Ap_StrCmd_Q_Start
                0x0000000020000f24                Ap_StrCmd_Q_Buffer
                0x000000002000108c                Ap_StrCmd_Q_End
                0x0000000020001090                Ap_StrCmd_Q_Size
 *fill*         0x0000000020001092        0x2 00
 COMMON         0x0000000020001094        0x4 Lb_Printf.o
                0x0000000020001094                pStrPrintBuf
 COMMON         0x0000000020001098       0x48 Hw_Uart.o
                0x0000000020001098                Hw_Uart_Ch
 COMMON         0x00000000200010e0      0x116 Hw_Uart_Q.o
                0x00000000200010e0                Hw_Uart_Q_Buffer
                0x00000000200011c8                Hw_Uart_Q_Size
                0x00000000200011d8                Hw_Uart_Q_End
                0x00000000200011e8                Hw_Uart_Q_Start
 *fill*         0x00000000200011f6        0xa 00
 COMMON         0x0000000020001200      0x190 Hw_ISR.o
                0x0000000020001200                Hw_ISR_VectorTable
 COMMON         0x0000000020001390        0x4 Hw_VCom.o
                0x0000000020001390                Hw_VCom_RxdFuncPtr
 COMMON         0x0000000020001394        0xc Hw_DcMotor.o
                0x0000000020001394                Hw_DcMotor_State
 COMMON         0x00000000200013a0       0x40 usb_endp.o
                0x00000000200013a0                USB_Rx_Buffer
 COMMON         0x00000000200013e0        0x2 usb_istr.o
                0x00000000200013e0                wIstr
 *fill*         0x00000000200013e2        0x2 00
 COMMON         0x00000000200013e4       0x24 usb_pwr.o
                0x00000000200013e4                ResumeS
                0x00000000200013e8                EP
 COMMON         0x0000000020001408      0x800 hw_config.o
                0x0000000020001408                USART_Rx_Buffer
 COMMON         0x0000000020001c08        0x2 usb_core.o
                0x0000000020001c08                StatusInfo
 *fill*         0x0000000020001c0a        0x2 00
 COMMON         0x0000000020001c0c       0x32 usb_init.o
                0x0000000020001c0c                SaveState
                0x0000000020001c10                pProperty
                0x0000000020001c14                EPindex
                0x0000000020001c18                Device_Info
                0x0000000020001c34                pUser_Standard_Requests
                0x0000000020001c38                pInformation
                0x0000000020001c3c                wInterrupt_Mask
 COMMON         0x0000000020001c3e        0x4 usb_int.o
                0x0000000020001c3e                SaveRState
                0x0000000020001c40                SaveTState
 *fill*         0x0000000020001c42        0x2 00
 COMMON         0x0000000020001c44        0x4 /Users/imac/Develop/stm32f4/arm_gcc/gcc-arm-none-eabi-4_7-2013q3/bin/../lib/gcc/arm-none-eabi/4.7.4/../../../../arm-none-eabi/lib/armv7-m/libc.a(lib_a-reent.o)
                0x0000000020001c44                errno
 COMMON         0x0000000020001c48      0x100 /Users/imac/Develop/stm32f4/arm_gcc/gcc-arm-none-eabi-4_7-2013q3/bin/../lib/gcc/arm-none-eabi/4.7.4/../../../../arm-none-eabi/lib/armv7-m/libc.a(lib_a-gdtoa-gethex.o)
                0x0000000020001c48                __hexdig
                0x0000000020001d48                . = ALIGN (0x4)
                0x0000000020001d48                _ebss = .
                0x0000000020001d48                PROVIDE (end, _ebss)
                0x0000000020001d48                PROVIDE (_end, _ebss)
                0x0000000020001d48                . = ALIGN (0x4)
                0x0000000020001e00                . = ALIGN (0x100)

._usrstack      0x0000000020001d48      0x100 load address 0x000000000800ff48
                0x0000000020001d48                . = ALIGN (0x4)
                0x0000000020001d48                _susrstack = .
                0x0000000020001e48                . = (. + _Minimum_Stack_Size)
 *fill*         0x0000000020001d48      0x100 00
                0x0000000020001e48                . = ALIGN (0x4)
                0x0000000020001e48                _eusrstack = .

.ARM.attributes
                0x0000000000000000       0x33
 *(.ARM.attributes)
 .ARM.attributes
                0x0000000000000000       0x33 main.o
 .ARM.attributes
                0x0000000000000033       0x33 Ap.o
 .ARM.attributes
                0x0000000000000066       0x33 Ap_StrCmd.o
 .ARM.attributes
                0x0000000000000099       0x33 Ap_StrCmd_Q.o
 .ARM.attributes
                0x00000000000000cc       0x33 Ap_StrCmd_List.o
 .ARM.attributes
                0x00000000000000ff       0x33 Ap_StrCmd_MOVE.o
 .ARM.attributes
                0x0000000000000132       0x33 Lb_Util.o
 .ARM.attributes
                0x0000000000000165       0x33 Lb_Printf.o
 .ARM.attributes
                0x0000000000000198       0x33 Hw_StartUp.o
 .ARM.attributes
                0x00000000000001cb       0x33 Hw.o
 .ARM.attributes
                0x00000000000001fe       0x33 Hw_Uart.o
 .ARM.attributes
                0x0000000000000231       0x33 Hw_PLL.o
 .ARM.attributes
                0x0000000000000264       0x33 Hw_Led.o
 .ARM.attributes
                0x0000000000000297       0x33 Hw_Uart_Q.o
 .ARM.attributes
                0x00000000000002ca       0x33 Hw_ISR.o
 .ARM.attributes
                0x00000000000002fd       0x33 Hw_Timer.o
 .ARM.attributes
                0x0000000000000330       0x33 Hw_VCom.o
 .ARM.attributes
                0x0000000000000363       0x33 Hw_Adc.o
 .ARM.attributes
                0x0000000000000396       0x33 Hw_DcMotor.o
 .ARM.attributes
                0x00000000000003c9       0x33 Hw_Pwm.o
 .ARM.attributes
                0x00000000000003fc       0x33 usb_desc.o
 .ARM.attributes
                0x000000000000042f       0x33 usb_endp.o
 .ARM.attributes
                0x0000000000000462       0x33 usb_istr.o
 .ARM.attributes
                0x0000000000000495       0x33 usb_prop.o
 .ARM.attributes
                0x00000000000004c8       0x33 usb_pwr.o
 .ARM.attributes
                0x00000000000004fb       0x33 hw_config.o
 .ARM.attributes
                0x000000000000052e       0x33 usb_core.o
 .ARM.attributes
                0x0000000000000561       0x33 usb_init.o
 .ARM.attributes
                0x0000000000000594       0x33 usb_mem.o
 .ARM.attributes
                0x00000000000005c7       0x33 usb_regs.o
 .ARM.attributes
                0x00000000000005fa       0x33 usb_sil.o
 .ARM.attributes
                0x000000000000062d       0x33 usb_int.o
 .ARM.attributes
                0x0000000000000660       0x2d /Users/imac/Develop/stm32f4/arm_gcc/gcc-arm-none-eabi-4_7-2013q3/bin/../lib/gcc/arm-none-eabi/4.7.4/../../../../arm-none-eabi/lib/armv7-m/libc.a(lib_a-ctype_.o)
 .ARM.attributes
                0x000000000000068d       0x2d /Users/imac/Develop/stm32f4/arm_gcc/gcc-arm-none-eabi-4_7-2013q3/bin/../lib/gcc/arm-none-eabi/4.7.4/../../../../arm-none-eabi/lib/armv7-m/libc.a(lib_a-errno.o)
 .ARM.attributes
                0x00000000000006ba       0x2d /Users/imac/Develop/stm32f4/arm_gcc/gcc-arm-none-eabi-4_7-2013q3/bin/../lib/gcc/arm-none-eabi/4.7.4/../../../../arm-none-eabi/lib/armv7-m/libc.a(lib_a-impure.o)
 .ARM.attributes
                0x00000000000006e7       0x2d /Users/imac/Develop/stm32f4/arm_gcc/gcc-arm-none-eabi-4_7-2013q3/bin/../lib/gcc/arm-none-eabi/4.7.4/../../../../arm-none-eabi/lib/armv7-m/libc.a(lib_a-sscanf.o)
 .ARM.attributes
                0x0000000000000714       0x2d /Users/imac/Develop/stm32f4/arm_gcc/gcc-arm-none-eabi-4_7-2013q3/bin/../lib/gcc/arm-none-eabi/4.7.4/../../../../arm-none-eabi/lib/armv7-m/libc.a(lib_a-stdio.o)
 .ARM.attributes
                0x0000000000000741       0x2d /Users/imac/Develop/stm32f4/arm_gcc/gcc-arm-none-eabi-4_7-2013q3/bin/../lib/gcc/arm-none-eabi/4.7.4/../../../../arm-none-eabi/lib/armv7-m/libc.a(lib_a-strcmp.o)
 .ARM.attributes
                0x000000000000076e       0x2d /Users/imac/Develop/stm32f4/arm_gcc/gcc-arm-none-eabi-4_7-2013q3/bin/../lib/gcc/arm-none-eabi/4.7.4/../../../../arm-none-eabi/lib/armv7-m/libc.a(lib_a-strlen.o)
 .ARM.attributes
                0x000000000000079b       0x2d /Users/imac/Develop/stm32f4/arm_gcc/gcc-arm-none-eabi-4_7-2013q3/bin/../lib/gcc/arm-none-eabi/4.7.4/../../../../arm-none-eabi/lib/armv7-m/libc.a(lib_a-strncmp.o)
 .ARM.attributes
                0x00000000000007c8       0x2d /Users/imac/Develop/stm32f4/arm_gcc/gcc-arm-none-eabi-4_7-2013q3/bin/../lib/gcc/arm-none-eabi/4.7.4/../../../../arm-none-eabi/lib/armv7-m/libc.a(lib_a-strtok.o)
 .ARM.attributes
                0x00000000000007f5       0x2d /Users/imac/Develop/stm32f4/arm_gcc/gcc-arm-none-eabi-4_7-2013q3/bin/../lib/gcc/arm-none-eabi/4.7.4/../../../../arm-none-eabi/lib/armv7-m/libc.a(lib_a-strtok_r.o)
 .ARM.attributes
                0x0000000000000822       0x2d /Users/imac/Develop/stm32f4/arm_gcc/gcc-arm-none-eabi-4_7-2013q3/bin/../lib/gcc/arm-none-eabi/4.7.4/../../../../arm-none-eabi/lib/armv7-m/libc.a(lib_a-svfscanf.o)
 .ARM.attributes
                0x000000000000084f       0x2d /Users/imac/Develop/stm32f4/arm_gcc/gcc-arm-none-eabi-4_7-2013q3/bin/../lib/gcc/arm-none-eabi/4.7.4/../../../../arm-none-eabi/lib/armv7-m/libc.a(lib_a-findfp.o)
 .ARM.attributes
                0x000000000000087c       0x2d /Users/imac/Develop/stm32f4/arm_gcc/gcc-arm-none-eabi-4_7-2013q3/bin/../lib/gcc/arm-none-eabi/4.7.4/../../../../arm-none-eabi/lib/armv7-m/libc.a(lib_a-iswspace.o)
 .ARM.attributes
                0x00000000000008a9       0x2d /Users/imac/Develop/stm32f4/arm_gcc/gcc-arm-none-eabi-4_7-2013q3/bin/../lib/gcc/arm-none-eabi/4.7.4/../../../../arm-none-eabi/lib/armv7-m/libc.a(lib_a-locale.o)
 .ARM.attributes
                0x00000000000008d6       0x2d /Users/imac/Develop/stm32f4/arm_gcc/gcc-arm-none-eabi-4_7-2013q3/bin/../lib/gcc/arm-none-eabi/4.7.4/../../../../arm-none-eabi/lib/armv7-m/libc.a(lib_a-mallocr.o)
 .ARM.attributes
                0x0000000000000903       0x2d /Users/imac/Develop/stm32f4/arm_gcc/gcc-arm-none-eabi-4_7-2013q3/bin/../lib/gcc/arm-none-eabi/4.7.4/../../../../arm-none-eabi/lib/armv7-m/libc.a(lib_a-mbrtowc.o)
 .ARM.attributes
                0x0000000000000930       0x2d /Users/imac/Develop/stm32f4/arm_gcc/gcc-arm-none-eabi-4_7-2013q3/bin/../lib/gcc/arm-none-eabi/4.7.4/../../../../arm-none-eabi/lib/armv7-m/libc.a(lib_a-mbtowc_r.o)
 .ARM.attributes
                0x000000000000095d       0x2d /Users/imac/Develop/stm32f4/arm_gcc/gcc-arm-none-eabi-4_7-2013q3/bin/../lib/gcc/arm-none-eabi/4.7.4/../../../../arm-none-eabi/lib/armv7-m/libc.a(lib_a-memset.o)
 .ARM.attributes
                0x000000000000098a       0x2d /Users/imac/Develop/stm32f4/arm_gcc/gcc-arm-none-eabi-4_7-2013q3/bin/../lib/gcc/arm-none-eabi/4.7.4/../../../../arm-none-eabi/lib/armv7-m/libc.a(lib_a-mlock.o)
 .ARM.attributes
                0x00000000000009b7       0x2d /Users/imac/Develop/stm32f4/arm_gcc/gcc-arm-none-eabi-4_7-2013q3/bin/../lib/gcc/arm-none-eabi/4.7.4/../../../../arm-none-eabi/lib/armv7-m/libc.a(lib_a-reent.o)
 .ARM.attributes
                0x00000000000009e4       0x2d /Users/imac/Develop/stm32f4/arm_gcc/gcc-arm-none-eabi-4_7-2013q3/bin/../lib/gcc/arm-none-eabi/4.7.4/../../../../arm-none-eabi/lib/armv7-m/libc.a(lib_a-s_fpclassify.o)
 .ARM.attributes
                0x0000000000000a11       0x2d /Users/imac/Develop/stm32f4/arm_gcc/gcc-arm-none-eabi-4_7-2013q3/bin/../lib/gcc/arm-none-eabi/4.7.4/../../../../arm-none-eabi/lib/armv7-m/libc.a(lib_a-sbrkr.o)
 .ARM.attributes
                0x0000000000000a3e       0x2d /Users/imac/Develop/stm32f4/arm_gcc/gcc-arm-none-eabi-4_7-2013q3/bin/../lib/gcc/arm-none-eabi/4.7.4/../../../../arm-none-eabi/lib/armv7-m/libc.a(lib_a-sccl.o)
 .ARM.attributes
                0x0000000000000a6b       0x2d /Users/imac/Develop/stm32f4/arm_gcc/gcc-arm-none-eabi-4_7-2013q3/bin/../lib/gcc/arm-none-eabi/4.7.4/../../../../arm-none-eabi/lib/armv7-m/libc.a(lib_a-sf_nan.o)
 .ARM.attributes
                0x0000000000000a98       0x2d /Users/imac/Develop/stm32f4/arm_gcc/gcc-arm-none-eabi-4_7-2013q3/bin/../lib/gcc/arm-none-eabi/4.7.4/../../../../arm-none-eabi/lib/armv7-m/libc.a(lib_a-sprintf.o)
 .ARM.attributes
                0x0000000000000ac5       0x2d /Users/imac/Develop/stm32f4/arm_gcc/gcc-arm-none-eabi-4_7-2013q3/bin/../lib/gcc/arm-none-eabi/4.7.4/../../../../arm-none-eabi/lib/armv7-m/libc.a(lib_a-strtod.o)
 .ARM.attributes
                0x0000000000000af2       0x2d /Users/imac/Develop/stm32f4/arm_gcc/gcc-arm-none-eabi-4_7-2013q3/bin/../lib/gcc/arm-none-eabi/4.7.4/../../../../arm-none-eabi/lib/armv7-m/libc.a(lib_a-strtol.o)
 .ARM.attributes
                0x0000000000000b1f       0x2d /Users/imac/Develop/stm32f4/arm_gcc/gcc-arm-none-eabi-4_7-2013q3/bin/../lib/gcc/arm-none-eabi/4.7.4/../../../../arm-none-eabi/lib/armv7-m/libc.a(lib_a-strtoll_r.o)
 .ARM.attributes
                0x0000000000000b4c       0x2d /Users/imac/Develop/stm32f4/arm_gcc/gcc-arm-none-eabi-4_7-2013q3/bin/../lib/gcc/arm-none-eabi/4.7.4/../../../../arm-none-eabi/lib/armv7-m/libc.a(lib_a-strtoul.o)
 .ARM.attributes
                0x0000000000000b79       0x2d /Users/imac/Develop/stm32f4/arm_gcc/gcc-arm-none-eabi-4_7-2013q3/bin/../lib/gcc/arm-none-eabi/4.7.4/../../../../arm-none-eabi/lib/armv7-m/libc.a(lib_a-strtoull_r.o)
 .ARM.attributes
                0x0000000000000ba6       0x2d /Users/imac/Develop/stm32f4/arm_gcc/gcc-arm-none-eabi-4_7-2013q3/bin/../lib/gcc/arm-none-eabi/4.7.4/../../../../arm-none-eabi/lib/armv7-m/libc.a(lib_a-svfiscanf.o)
 .ARM.attributes
                0x0000000000000bd3       0x2d /Users/imac/Develop/stm32f4/arm_gcc/gcc-arm-none-eabi-4_7-2013q3/bin/../lib/gcc/arm-none-eabi/4.7.4/../../../../arm-none-eabi/lib/armv7-m/libc.a(lib_a-svfprintf.o)
 .ARM.attributes
                0x0000000000000c00       0x2d /Users/imac/Develop/stm32f4/arm_gcc/gcc-arm-none-eabi-4_7-2013q3/bin/../lib/gcc/arm-none-eabi/4.7.4/../../../../arm-none-eabi/lib/armv7-m/libc.a(lib_a-ungetc.o)
 .ARM.attributes
                0x0000000000000c2d       0x2d /Users/imac/Develop/stm32f4/arm_gcc/gcc-arm-none-eabi-4_7-2013q3/bin/../lib/gcc/arm-none-eabi/4.7.4/../../../../arm-none-eabi/lib/armv7-m/libc.a(lib_a-dtoa.o)
 .ARM.attributes
                0x0000000000000c5a       0x2d /Users/imac/Develop/stm32f4/arm_gcc/gcc-arm-none-eabi-4_7-2013q3/bin/../lib/gcc/arm-none-eabi/4.7.4/../../../../arm-none-eabi/lib/armv7-m/libc.a(lib_a-freer.o)
 .ARM.attributes
                0x0000000000000c87       0x2d /Users/imac/Develop/stm32f4/arm_gcc/gcc-arm-none-eabi-4_7-2013q3/bin/../lib/gcc/arm-none-eabi/4.7.4/../../../../arm-none-eabi/lib/armv7-m/libc.a(lib_a-gdtoa-gethex.o)
 .ARM.attributes
                0x0000000000000cb4       0x2d /Users/imac/Develop/stm32f4/arm_gcc/gcc-arm-none-eabi-4_7-2013q3/bin/../lib/gcc/arm-none-eabi/4.7.4/../../../../arm-none-eabi/lib/armv7-m/libc.a(lib_a-gdtoa-hexnan.o)
 .ARM.attributes
                0x0000000000000ce1       0x2d /Users/imac/Develop/stm32f4/arm_gcc/gcc-arm-none-eabi-4_7-2013q3/bin/../lib/gcc/arm-none-eabi/4.7.4/../../../../arm-none-eabi/lib/armv7-m/libc.a(lib_a-memchr.o)
 .ARM.attributes
                0x0000000000000d0e       0x2d /Users/imac/Develop/stm32f4/arm_gcc/gcc-arm-none-eabi-4_7-2013q3/bin/../lib/gcc/arm-none-eabi/4.7.4/../../../../arm-none-eabi/lib/armv7-m/libc.a(lib_a-memcpy.o)
 .ARM.attributes
                0x0000000000000d3b       0x2d /Users/imac/Develop/stm32f4/arm_gcc/gcc-arm-none-eabi-4_7-2013q3/bin/../lib/gcc/arm-none-eabi/4.7.4/../../../../arm-none-eabi/lib/armv7-m/libc.a(lib_a-mprec.o)
 .ARM.attributes
                0x0000000000000d68       0x2d /Users/imac/Develop/stm32f4/arm_gcc/gcc-arm-none-eabi-4_7-2013q3/bin/../lib/gcc/arm-none-eabi/4.7.4/../../../../arm-none-eabi/lib/armv7-m/libc.a(lib_a-reallocr.o)
 .ARM.attributes
                0x0000000000000d95       0x2d /Users/imac/Develop/stm32f4/arm_gcc/gcc-arm-none-eabi-4_7-2013q3/bin/../lib/gcc/arm-none-eabi/4.7.4/../../../../arm-none-eabi/lib/armv7-m/libc.a(lib_a-svfiprintf.o)
 .ARM.attributes
                0x0000000000000dc2       0x2d /Users/imac/Develop/stm32f4/arm_gcc/gcc-arm-none-eabi-4_7-2013q3/bin/../lib/gcc/arm-none-eabi/4.7.4/../../../../arm-none-eabi/lib/armv7-m/libc.a(lib_a-callocr.o)
 .ARM.attributes
                0x0000000000000def       0x2d /Users/imac/Develop/stm32f4/arm_gcc/gcc-arm-none-eabi-4_7-2013q3/bin/../lib/gcc/arm-none-eabi/4.7.4/../../../../arm-none-eabi/lib/armv7-m/libc.a(lib_a-memmove.o)
 .ARM.attributes
                0x0000000000000e1c       0x1d /Users/imac/Develop/stm32f4/arm_gcc/gcc-arm-none-eabi-4_7-2013q3/bin/../lib/gcc/arm-none-eabi/4.7.4/armv7-m/libgcc.a(_arm_addsubdf3.o)
 .ARM.attributes
                0x0000000000000e39       0x1d /Users/imac/Develop/stm32f4/arm_gcc/gcc-arm-none-eabi-4_7-2013q3/bin/../lib/gcc/arm-none-eabi/4.7.4/armv7-m/libgcc.a(_arm_muldivdf3.o)
 .ARM.attributes
                0x0000000000000e56       0x1d /Users/imac/Develop/stm32f4/arm_gcc/gcc-arm-none-eabi-4_7-2013q3/bin/../lib/gcc/arm-none-eabi/4.7.4/armv7-m/libgcc.a(_arm_cmpdf2.o)
 .ARM.attributes
                0x0000000000000e73       0x1d /Users/imac/Develop/stm32f4/arm_gcc/gcc-arm-none-eabi-4_7-2013q3/bin/../lib/gcc/arm-none-eabi/4.7.4/armv7-m/libgcc.a(_arm_fixdfsi.o)
 .ARM.attributes
                0x0000000000000e90       0x1d /Users/imac/Develop/stm32f4/arm_gcc/gcc-arm-none-eabi-4_7-2013q3/bin/../lib/gcc/arm-none-eabi/4.7.4/armv7-m/libgcc.a(_arm_fixunsdfsi.o)
 .ARM.attributes
                0x0000000000000ead       0x1d /Users/imac/Develop/stm32f4/arm_gcc/gcc-arm-none-eabi-4_7-2013q3/bin/../lib/gcc/arm-none-eabi/4.7.4/armv7-m/libgcc.a(_arm_truncdfsf2.o)
 .ARM.attributes
                0x0000000000000eca       0x1d /Users/imac/Develop/stm32f4/arm_gcc/gcc-arm-none-eabi-4_7-2013q3/bin/../lib/gcc/arm-none-eabi/4.7.4/armv7-m/libgcc.a(_aeabi_uldivmod.o)
 .ARM.attributes
                0x0000000000000ee7       0x2d /Users/imac/Develop/stm32f4/arm_gcc/gcc-arm-none-eabi-4_7-2013q3/bin/../lib/gcc/arm-none-eabi/4.7.4/armv7-m/libgcc.a(bpabi.o)
 .ARM.attributes
                0x0000000000000f14       0x1d /Users/imac/Develop/stm32f4/arm_gcc/gcc-arm-none-eabi-4_7-2013q3/bin/../lib/gcc/arm-none-eabi/4.7.4/armv7-m/libgcc.a(_dvmd_tls.o)
 .ARM.attributes
                0x0000000000000f31       0x2d /Users/imac/Develop/stm32f4/arm_gcc/gcc-arm-none-eabi-4_7-2013q3/bin/../lib/gcc/arm-none-eabi/4.7.4/armv7-m/libgcc.a(_divdi3.o)
 .ARM.attributes
                0x0000000000000f5e       0x2d /Users/imac/Develop/stm32f4/arm_gcc/gcc-arm-none-eabi-4_7-2013q3/bin/../lib/gcc/arm-none-eabi/4.7.4/armv7-m/libgcc.a(_udivdi3.o)
                0x0000000000000400                __Stack_Size = 0x400
                0x0000000000000400                PROVIDE (_Stack_Size, __Stack_Size)
                0x0000000020004c00                __Stack_Init = (_estack - __Stack_Size)
                0x0000000020004c00                PROVIDE (_Stack_Init, __Stack_Init)
OUTPUT(main.elf elf32-littlearm)

.debug_info     0x0000000000000000     0x7e52
 .debug_info    0x0000000000000000      0x1b6 main.o
 .debug_info    0x00000000000001b6       0x91 Ap.o
 .debug_info    0x0000000000000247      0xe79 Ap_StrCmd.o
 .debug_info    0x00000000000010c0      0x2d4 Ap_StrCmd_Q.o
 .debug_info    0x0000000000001394       0xb4 Ap_StrCmd_List.o
 .debug_info    0x0000000000001448      0x1db Ap_StrCmd_MOVE.o
 .debug_info    0x0000000000001623      0x2e1 Lb_Util.o
 .debug_info    0x0000000000001904      0x9b8 Lb_Printf.o
 .debug_info    0x00000000000022bc      0x14a Hw_StartUp.o
 .debug_info    0x0000000000002406      0x157 Hw.o
 .debug_info    0x000000000000255d      0x674 Hw_Uart.o
 .debug_info    0x0000000000002bd1       0x7e Hw_PLL.o
 .debug_info    0x0000000000002c4f      0x17c Hw_Led.o
 .debug_info    0x0000000000002dcb      0x282 Hw_Uart_Q.o
 .debug_info    0x000000000000304d      0x160 Hw_ISR.o
 .debug_info    0x00000000000031ad      0x3b1 Hw_Timer.o
 .debug_info    0x000000000000355e      0x199 Hw_VCom.o
 .debug_info    0x00000000000036f7      0x172 Hw_Adc.o
 .debug_info    0x0000000000003869      0x3d9 Hw_DcMotor.o
 .debug_info    0x0000000000003c42      0x1b8 Hw_Pwm.o
 .debug_info    0x0000000000003dfa      0x154 usb_desc.o
 .debug_info    0x0000000000003f4e      0x22f usb_endp.o
 .debug_info    0x000000000000417d      0x372 usb_istr.o
 .debug_info    0x00000000000044ef      0xad9 usb_prop.o
 .debug_info    0x0000000000004fc8      0x34a usb_pwr.o
 .debug_info    0x0000000000005312      0x680 hw_config.o
 .debug_info    0x0000000000005992      0xddb usb_core.o
 .debug_info    0x000000000000676d      0x46d usb_init.o
 .debug_info    0x0000000000006bda      0x194 usb_mem.o
 .debug_info    0x0000000000006d6e      0xd92 usb_regs.o
 .debug_info    0x0000000000007b00      0x1b9 usb_sil.o
 .debug_info    0x0000000000007cb9      0x199 usb_int.o

.debug_abbrev   0x0000000000000000     0x2dab
 .debug_abbrev  0x0000000000000000       0xfa main.o
 .debug_abbrev  0x00000000000000fa       0x4d Ap.o
 .debug_abbrev  0x0000000000000147      0x40f Ap_StrCmd.o
 .debug_abbrev  0x0000000000000556      0x168 Ap_StrCmd_Q.o
 .debug_abbrev  0x00000000000006be       0x59 Ap_StrCmd_List.o
 .debug_abbrev  0x0000000000000717      0x103 Ap_StrCmd_MOVE.o
 .debug_abbrev  0x000000000000081a      0x1c4 Lb_Util.o
 .debug_abbrev  0x00000000000009de      0x32c Lb_Printf.o
 .debug_abbrev  0x0000000000000d0a       0xd0 Hw_StartUp.o
 .debug_abbrev  0x0000000000000dda       0xf1 Hw.o
 .debug_abbrev  0x0000000000000ecb      0x2bb Hw_Uart.o
 .debug_abbrev  0x0000000000001186       0x44 Hw_PLL.o
 .debug_abbrev  0x00000000000011ca      0x103 Hw_Led.o
 .debug_abbrev  0x00000000000012cd      0x130 Hw_Uart_Q.o
 .debug_abbrev  0x00000000000013fd       0xd1 Hw_ISR.o
 .debug_abbrev  0x00000000000014ce      0x1f9 Hw_Timer.o
 .debug_abbrev  0x00000000000016c7      0x121 Hw_VCom.o
 .debug_abbrev  0x00000000000017e8      0x118 Hw_Adc.o
 .debug_abbrev  0x0000000000001900      0x1ad Hw_DcMotor.o
 .debug_abbrev  0x0000000000001aad      0x127 Hw_Pwm.o
 .debug_abbrev  0x0000000000001bd4       0x5d usb_desc.o
 .debug_abbrev  0x0000000000001c31       0xf2 usb_endp.o
 .debug_abbrev  0x0000000000001d23      0x138 usb_istr.o
 .debug_abbrev  0x0000000000001e5b      0x214 usb_prop.o
 .debug_abbrev  0x000000000000206f      0x18b usb_pwr.o
 .debug_abbrev  0x00000000000021fa      0x2c2 hw_config.o
 .debug_abbrev  0x00000000000024bc      0x383 usb_core.o
 .debug_abbrev  0x000000000000283f      0x10a usb_init.o
 .debug_abbrev  0x0000000000002949       0x96 usb_mem.o
 .debug_abbrev  0x00000000000029df      0x227 usb_regs.o
 .debug_abbrev  0x0000000000002c06       0xc7 usb_sil.o
 .debug_abbrev  0x0000000000002ccd       0xde usb_int.o

.debug_loc      0x0000000000000000     0x6018
 .debug_loc     0x0000000000000000       0xc1 main.o
 .debug_loc     0x00000000000000c1       0x20 Ap.o
 .debug_loc     0x00000000000000e1      0x925 Ap_StrCmd.o
 .debug_loc     0x0000000000000a06      0x1b9 Ap_StrCmd_Q.o
 .debug_loc     0x0000000000000bbf       0x20 Ap_StrCmd_List.o
 .debug_loc     0x0000000000000bdf       0xec Ap_StrCmd_MOVE.o
 .debug_loc     0x0000000000000ccb      0x293 Lb_Util.o
 .debug_loc     0x0000000000000f5e     0x175e Lb_Printf.o
 .debug_loc     0x00000000000026bc       0x6a Hw_StartUp.o
 .debug_loc     0x0000000000002726       0xbf Hw.o
 .debug_loc     0x00000000000027e5      0x633 Hw_Uart.o
 .debug_loc     0x0000000000002e18       0xa2 Hw_Led.o
 .debug_loc     0x0000000000002eba      0x26e Hw_Uart_Q.o
 .debug_loc     0x0000000000003128       0x42 Hw_ISR.o
 .debug_loc     0x000000000000316a      0x375 Hw_Timer.o
 .debug_loc     0x00000000000034df       0x8d Hw_VCom.o
 .debug_loc     0x000000000000356c       0xcf Hw_Adc.o
 .debug_loc     0x000000000000363b      0x2ce Hw_DcMotor.o
 .debug_loc     0x0000000000003909      0x118 Hw_Pwm.o
 .debug_loc     0x0000000000003a21       0xc7 usb_endp.o
 .debug_loc     0x0000000000003ae8      0x118 usb_istr.o
 .debug_loc     0x0000000000003c00      0x2ab usb_prop.o
 .debug_loc     0x0000000000003eab      0x368 usb_pwr.o
 .debug_loc     0x0000000000004213      0x278 hw_config.o
 .debug_loc     0x000000000000448b      0xa9f usb_core.o
 .debug_loc     0x0000000000004f2a       0x20 usb_init.o
 .debug_loc     0x0000000000004f4a      0x241 usb_mem.o
 .debug_loc     0x000000000000518b      0xc1f usb_regs.o
 .debug_loc     0x0000000000005daa      0x135 usb_sil.o
 .debug_loc     0x0000000000005edf      0x139 usb_int.o

.debug_aranges  0x0000000000000000      0xa68
 .debug_aranges
                0x0000000000000000       0x30 main.o
 .debug_aranges
                0x0000000000000030       0x20 Ap.o
 .debug_aranges
                0x0000000000000050       0xc0 Ap_StrCmd.o
 .debug_aranges
                0x0000000000000110       0x48 Ap_StrCmd_Q.o
 .debug_aranges
                0x0000000000000158       0x20 Ap_StrCmd_List.o
 .debug_aranges
                0x0000000000000178       0x20 Ap_StrCmd_MOVE.o
 .debug_aranges
                0x0000000000000198       0x48 Lb_Util.o
 .debug_aranges
                0x00000000000001e0       0x68 Lb_Printf.o
 .debug_aranges
                0x0000000000000248       0x20 Hw_StartUp.o
 .debug_aranges
                0x0000000000000268       0x30 Hw.o
 .debug_aranges
                0x0000000000000298       0x90 Hw_Uart.o
 .debug_aranges
                0x0000000000000328       0x20 Hw_PLL.o
 .debug_aranges
                0x0000000000000348       0x40 Hw_Led.o
 .debug_aranges
                0x0000000000000388       0x48 Hw_Uart_Q.o
 .debug_aranges
                0x00000000000003d0       0x30 Hw_ISR.o
 .debug_aranges
                0x0000000000000400       0x78 Hw_Timer.o
 .debug_aranges
                0x0000000000000478       0x38 Hw_VCom.o
 .debug_aranges
                0x00000000000004b0       0x40 Hw_Adc.o
 .debug_aranges
                0x00000000000004f0       0x50 Hw_DcMotor.o
 .debug_aranges
                0x0000000000000540       0x40 Hw_Pwm.o
 .debug_aranges
                0x0000000000000580       0x18 usb_desc.o
 .debug_aranges
                0x0000000000000598       0x30 usb_endp.o
 .debug_aranges
                0x00000000000005c8       0x20 usb_istr.o
 .debug_aranges
                0x00000000000005e8       0x88 usb_prop.o
 .debug_aranges
                0x0000000000000670       0x40 usb_pwr.o
 .debug_aranges
                0x00000000000006b0       0x90 hw_config.o
 .debug_aranges
                0x0000000000000740       0x98 usb_core.o
 .debug_aranges
                0x00000000000007d8       0x20 usb_init.o
 .debug_aranges
                0x00000000000007f8       0x28 usb_mem.o
 .debug_aranges
                0x0000000000000820      0x1f0 usb_regs.o
 .debug_aranges
                0x0000000000000a10       0x30 usb_sil.o
 .debug_aranges
                0x0000000000000a40       0x28 usb_int.o

.debug_ranges   0x0000000000000000     0x1090
 .debug_ranges  0x0000000000000000       0x38 main.o
 .debug_ranges  0x0000000000000038       0x10 Ap.o
 .debug_ranges  0x0000000000000048      0x2e8 Ap_StrCmd.o
 .debug_ranges  0x0000000000000330       0x70 Ap_StrCmd_Q.o
 .debug_ranges  0x00000000000003a0       0x10 Ap_StrCmd_List.o
 .debug_ranges  0x00000000000003b0       0x10 Ap_StrCmd_MOVE.o
 .debug_ranges  0x00000000000003c0       0x70 Lb_Util.o
 .debug_ranges  0x0000000000000430      0x1c8 Lb_Printf.o
 .debug_ranges  0x00000000000005f8       0x10 Hw_StartUp.o
 .debug_ranges  0x0000000000000608       0x60 Hw.o
 .debug_ranges  0x0000000000000668       0x98 Hw_Uart.o
 .debug_ranges  0x0000000000000700       0x10 Hw_PLL.o
 .debug_ranges  0x0000000000000710       0x50 Hw_Led.o
 .debug_ranges  0x0000000000000760       0x90 Hw_Uart_Q.o
 .debug_ranges  0x00000000000007f0       0x20 Hw_ISR.o
 .debug_ranges  0x0000000000000810       0x68 Hw_Timer.o
 .debug_ranges  0x0000000000000878       0x28 Hw_VCom.o
 .debug_ranges  0x00000000000008a0       0x58 Hw_Adc.o
 .debug_ranges  0x00000000000008f8       0x40 Hw_DcMotor.o
 .debug_ranges  0x0000000000000938       0x58 Hw_Pwm.o
 .debug_ranges  0x0000000000000990       0x20 usb_endp.o
 .debug_ranges  0x00000000000009b0       0x10 usb_istr.o
 .debug_ranges  0x00000000000009c0       0x78 usb_prop.o
 .debug_ranges  0x0000000000000a38       0x30 usb_pwr.o
 .debug_ranges  0x0000000000000a68       0xa0 hw_config.o
 .debug_ranges  0x0000000000000b08      0x270 usb_core.o
 .debug_ranges  0x0000000000000d78       0x10 usb_init.o
 .debug_ranges  0x0000000000000d88       0x18 usb_mem.o
 .debug_ranges  0x0000000000000da0      0x2a0 usb_regs.o
 .debug_ranges  0x0000000000001040       0x20 usb_sil.o
 .debug_ranges  0x0000000000001060       0x30 usb_int.o

.debug_line     0x0000000000000000     0x3142
 .debug_line    0x0000000000000000       0xb2 main.o
 .debug_line    0x00000000000000b2       0x42 Ap.o
 .debug_line    0x00000000000000f4      0x4db Ap_StrCmd.o