Archive member included because of file (symbol)

/Users/imac/Develop/stm32f4/arm_gcc/gcc-arm-none-eabi-4_7-2013q3/bin/../lib/gcc/arm-none-eabi/4.7.4/../../../../arm-none-eabi/lib/armv7-m/libc.a(lib_a-ctype_.o)
                              Ap_StrCmd.o (__ctype_ptr__)
/Users/imac/Develop/stm32f4/arm_gcc/gcc-arm-none-eabi-4_7-2013q3/bin/../lib/gcc/arm-none-eabi/4.7.4/../../../../arm-none-eabi/lib/armv7-m/libc.a(lib_a-errno.o)
                              Lb_Util.o (__errno)
/Users/imac/Develop/stm32f4/arm_gcc/gcc-arm-none-eabi-4_7-2013q3/bin/../lib/gcc/arm-none-eabi/4.7.4/../../../../arm-none-eabi/lib/armv7-m/libc.a(lib_a-impure.o)
                              /Users/imac/Develop/stm32f4/arm_gcc/gcc-arm-none-eabi-4_7-2013q3/bin/../lib/gcc/arm-none-eabi/4.7.4/../../../../arm-none-eabi/lib/armv7-m/libc.a(lib_a-errno.o) (_impure_ptr)
/Users/imac/Develop/stm32f4/arm_gcc/gcc-arm-none-eabi-4_7-2013q3/bin/../lib/gcc/arm-none-eabi/4.7.4/../../../../arm-none-eabi/lib/armv7-m/libc.a(lib_a-sscanf.o)
                              Ap_StrCmd.o (sscanf)
/Users/imac/Develop/stm32f4/arm_gcc/gcc-arm-none-eabi-4_7-2013q3/bin/../lib/gcc/arm-none-eabi/4.7.4/../../../../arm-none-eabi/lib/armv7-m/libc.a(lib_a-stdio.o)
                              /Users/imac/Develop/stm32f4/arm_gcc/gcc-arm-none-eabi-4_7-2013q3/bin/../lib/gcc/arm-none-eabi/4.7.4/../../../../arm-none-eabi/lib/armv7-m/libc.a(lib_a-sscanf.o) (__seofread)
/Users/imac/Develop/stm32f4/arm_gcc/gcc-arm-none-eabi-4_7-2013q3/bin/../lib/gcc/arm-none-eabi/4.7.4/../../../../arm-none-eabi/lib/armv7-m/libc.a(lib_a-strcmp.o)
                              Ap_StrCmd_MOVE.o (strcmp)
/Users/imac/Develop/stm32f4/arm_gcc/gcc-arm-none-eabi-4_7-2013q3/bin/../lib/gcc/arm-none-eabi/4.7.4/../../../../arm-none-eabi/lib/armv7-m/libc.a(lib_a-strlen.o)
                              Ap_StrCmd.o (strlen)
/Users/imac/Develop/stm32f4/arm_gcc/gcc-arm-none-eabi-4_7-2013q3/bin/../lib/gcc/arm-none-eabi/4.7.4/../../../../arm-none-eabi/lib/armv7-m/libc.a(lib_a-strncmp.o)
                              Ap_StrCmd.o (strncmp)
/Users/imac/Develop/stm32f4/arm_gcc/gcc-arm-none-eabi-4_7-2013q3/bin/../lib/gcc/arm-none-eabi/4.7.4/../../../../arm-none-eabi/lib/armv7-m/libc.a(lib_a-strtok.o)
                              Lb_Util.o (strtok)
/Users/imac/Develop/stm32f4/arm_gcc/gcc-arm-none-eabi-4_7-2013q3/bin/../lib/gcc/arm-none-eabi/4.7.4/../../../../arm-none-eabi/lib/armv7-m/libc.a(lib_a-strtok_r.o)
                              /Users/imac/Develop/stm32f4/arm_gcc/gcc-arm-none-eabi-4_7-2013q3/bin/../lib/gcc/arm-none-eabi/4.7.4/../../../../arm-none-eabi/lib/armv7-m/libc.a(lib_a-strtok.o) (__strtok_r)
/Users/imac/Develop/stm32f4/arm_gcc/gcc-arm-none-eabi-4_7-2013q3/bin/../lib/gcc/arm-none-eabi/4.7.4/../../../../arm-none-eabi/lib/armv7-m/libc.a(lib_a-svfscanf.o)
                              /Users/imac/Develop/stm32f4/arm_gcc/gcc-arm-none-eabi-4_7-2013q3/bin/../lib/gcc/arm-none-eabi/4.7.4/../../../../arm-none-eabi/lib/armv7-m/libc.a(lib_a-sscanf.o) (__ssvfscanf_r)
/Users/imac/Develop/stm32f4/arm_gcc/gcc-arm-none-eabi-4_7-2013q3/bin/../lib/gcc/arm-none-eabi/4.7.4/../../../../arm-none-eabi/lib/armv7-m/libc.a(lib_a-writer.o)
                              /Users/imac/Develop/stm32f4/arm_gcc/gcc-arm-none-eabi-4_7-2013q3/bin/../lib/gcc/arm-none-eabi/4.7.4/../../../../arm-none-eabi/lib/armv7-m/libc.a(lib_a-stdio.o) (_write_r)
/Users/imac/Develop/stm32f4/arm_gcc/gcc-arm-none-eabi-4_7-2013q3/bin/../lib/gcc/arm-none-eabi/4.7.4/../../../../arm-none-eabi/lib/armv7-m/libc.a(lib_a-closer.o)
                              /Users/imac/Develop/stm32f4/arm_gcc/gcc-arm-none-eabi-4_7-2013q3/bin/../lib/gcc/arm-none-eabi/4.7.4/../../../../arm-none-eabi/lib/armv7-m/libc.a(lib_a-stdio.o) (_close_r)
/Users/imac/Develop/stm32f4/arm_gcc/gcc-arm-none-eabi-4_7-2013q3/bin/../lib/gcc/arm-none-eabi/4.7.4/../../../../arm-none-eabi/lib/armv7-m/libc.a(lib_a-findfp.o)
                              /Users/imac/Develop/stm32f4/arm_gcc/gcc-arm-none-eabi-4_7-2013q3/bin/../lib/gcc/arm-none-eabi/4.7.4/../../../../arm-none-eabi/lib/armv7-m/libc.a(lib_a-svfscanf.o) (__sfp_lock_acquire)
/Users/imac/Develop/stm32f4/arm_gcc/gcc-arm-none-eabi-4_7-2013q3/bin/../lib/gcc/arm-none-eabi/4.7.4/../../../../arm-none-eabi/lib/armv7-m/libc.a(lib_a-fwalk.o)
                              /Users/imac/Develop/stm32f4/arm_gcc/gcc-arm-none-eabi-4_7-2013q3/bin/../lib/gcc/arm-none-eabi/4.7.4/../../../../arm-none-eabi/lib/armv7-m/libc.a(lib_a-findfp.o) (_fwalk)
/Users/imac/Develop/stm32f4/arm_gcc/gcc-arm-none-eabi-4_7-2013q3/bin/../lib/gcc/arm-none-eabi/4.7.4/../../../../arm-none-eabi/lib/armv7-m/libc.a(lib_a-iswspace.o)
                              /Users/imac/Develop/stm32f4/arm_gcc/gcc-arm-none-eabi-4_7-2013q3/bin/../lib/gcc/arm-none-eabi/4.7.4/../../../../arm-none-eabi/lib/armv7-m/libc.a(lib_a-svfscanf.o) (iswspace)
/Users/imac/Develop/stm32f4/arm_gcc/gcc-arm-none-eabi-4_7-2013q3/bin/../lib/gcc/arm-none-eabi/4.7.4/../../../../arm-none-eabi/lib/armv7-m/libc.a(lib_a-locale.o)
[...]
Memory Configuration

Name             Origin             Length             Attributes
RAM              0x0000000020000000 0x0000000000005000 xrw
EXTSRAM          0x0000000068000000 0x0000000000000000 xrw
FLASH            0x0000000008000000 0x000000000001f800 xr
EEMUL            0x000000000801f800 0x0000000000000800 xrw
*default*        0x0000000000000000 0xffffffffffffffff

Linker script and memory map

LOAD main.o
LOAD Ap.o
LOAD Ap_RadioMenu.o
LOAD Ap_Radio.o
LOAD Ap_GLcdMenu.o
LOAD Ap_EduMenu.o
LOAD Ap_StrCmd.o
LOAD Ap_StrCmd_Q.o
LOAD Ap_StrCmd_List.o
LOAD Ap_StrCmd_MOVE.o
LOAD Lb_Util.o
LOAD Lb_Printf.o
LOAD Hw_StartUp.o
LOAD Hw.o
LOAD Hw_Uart.o
LOAD Hw_PLL.o
LOAD Hw_Led.o
LOAD Hw_Uart_Q.o
LOAD Hw_ISR.o
LOAD Hw_Timer.o
LOAD Hw_VCom.o
LOAD Hw_I2C.o
LOAD Hw_I2C_SW.o
LOAD Hw_Si47xx.o
LOAD Hw_SPI.o
LOAD Hw_N5110G.o
LOAD Hw_DMA.o
LOAD Hw_VBus.o
LOAD Hw_KeyPad.o
LOAD Hw_7Seg.o
LOAD Hw_CLcd.o
LOAD Hw_Adc.o
LOAD Hw_Cds.o
LOAD Hw_DcMotor.o
LOAD usb_desc.o
LOAD usb_endp.o
LOAD usb_istr.o
LOAD usb_prop.o
LOAD usb_pwr.o
LOAD hw_config.o
LOAD usb_core.o
LOAD usb_init.o
LOAD usb_mem.o
LOAD usb_regs.o
LOAD usb_sil.o
LOAD usb_int.o
LOAD /Users/imac/Develop/stm32f4/arm_gcc/gcc-arm-none-eabi-4_7-2013q3/bin/../lib/gcc/arm-none-eabi/4.7.4/../../../../arm-none-eabi/lib/armv7-m/libc.a
LOAD /Users/imac/Develop/stm32f4/arm_gcc/gcc-arm-none-eabi-4_7-2013q3/bin/../lib/gcc/arm-none-eabi/4.7.4/../../../../arm-none-eabi/lib/armv7-m/libm.a
LOAD /Users/imac/Develop/stm32f4/arm_gcc/gcc-arm-none-eabi-4_7-2013q3/bin/../lib/gcc/arm-none-eabi/4.7.4/../../../../arm-none-eabi/lib/armv7-m/libc.a
LOAD /Users/imac/Develop/stm32f4/arm_gcc/gcc-arm-none-eabi-4_7-2013q3/bin/../lib/gcc/arm-none-eabi/4.7.4/armv7-m/libgcc.a
                0x0000000020005000                _estack = (ORIGIN (RAM) + 0x5000)
                0x000000000801f800                _seemul = ORIGIN (EEMUL)
                0x0000000000000100                _Minimum_Stack_Size = 0x100
                0x0000000000000001                ASSERT ((ORIGIN (FLASH) == ALIGN (ORIGIN (FLASH), 0x80)), Start of memory region flash not aligned for startup vector table)

.text           0x0000000008000000     0xe120
                0x0000000008000000                . = ALIGN (0x80)
                0x0000000000000000                _isr_vectorsflash_offs = (. - 0x8000000)
 *(.isr_vectorsflash)
 .isr_vectorsflash
                0x0000000008000000        0x8 Hw_StartUp.o
                0x0000000008000000                g_pfnVectors
                0x0000000008000008                . = ALIGN (0x4)
 *(.text)
 .text          0x0000000008000008      0x370 /Users/imac/Develop/stm32f4/arm_gcc/gcc-arm-none-eabi-4_7-2013q3/bin/../lib/gcc/arm-none-eabi/4.7.4/armv7-m/libgcc.a(_arm_addsubdf3.o)
                0x0000000008000008                __aeabi_drsub
                0x0000000008000010                __subdf3
                0x0000000008000010                __aeabi_dsub
                0x0000000008000014                __aeabi_dadd
                0x0000000008000014                __adddf3
                0x000000000800028c                __aeabi_ui2d
                0x000000000800028c                __floatunsidf
                0x00000000080002ac                __floatsidf
                0x00000000080002ac                __aeabi_i2d
                0x00000000080002d0                __extendsfdf2
                0x00000000080002d0                __aeabi_f2d
                0x000000000800030c                __aeabi_ul2d
                0x000000000800030c                __floatundidf
                0x000000000800031c                __aeabi_l2d
                0x000000000800031c                __floatdidf
 .text          0x0000000008000378      0x424 /Users/imac/Develop/stm32f4/arm_gcc/gcc-arm-none-eabi-4_7-2013q3/bin/../lib/gcc/arm-none-eabi/4.7.4/armv7-m/libgcc.a(_arm_muldivdf3.o)
                0x0000000008000378                __aeabi_dmul
                0x0000000008000378                __muldf3
                0x00000000080005cc                __aeabi_ddiv
                0x00000000080005cc                __divdf3
 .text          0x000000000800079c      0x110 /Users/imac/Develop/stm32f4/arm_gcc/gcc-arm-none-eabi-4_7-2013q3/bin/../lib/gcc/arm-none-eabi/4.7.4/armv7-m/libgcc.a(_arm_cmpdf2.o)
                0x000000000800079c                __gtdf2
                0x000000000800079c                __gedf2
                0x00000000080007a4                __ltdf2
                0x00000000080007a4                __ledf2
                0x00000000080007ac                __eqdf2
                0x00000000080007ac                __nedf2
                0x00000000080007ac                __cmpdf2
                0x0000000008000828                __aeabi_cdrcmple
                0x0000000008000838                __aeabi_cdcmple
                0x0000000008000838                __aeabi_cdcmpeq
                0x0000000008000848                __aeabi_dcmpeq
                0x000000000800085c                __aeabi_dcmplt
                0x0000000008000870                __aeabi_dcmple
                0x0000000008000884                __aeabi_dcmpge
                0x0000000008000898                __aeabi_dcmpgt
 .text          0x00000000080008ac       0x50 /Users/imac/Develop/stm32f4/arm_gcc/gcc-arm-none-eabi-4_7-2013q3/bin/../lib/gcc/arm-none-eabi/4.7.4/armv7-m/libgcc.a(_arm_fixdfsi.o)
                0x00000000080008ac                __fixdfsi
                0x00000000080008ac                __aeabi_d2iz
 .text          0x00000000080008fc       0x40 /Users/imac/Develop/stm32f4/arm_gcc/gcc-arm-none-eabi-4_7-2013q3/bin/../lib/gcc/arm-none-eabi/4.7.4/armv7-m/libgcc.a(_arm_fixunsdfsi.o)
                0x00000000080008fc                __fixunsdfsi
                0x00000000080008fc                __aeabi_d2uiz
 .text          0x000000000800093c       0xa0 /Users/imac/Develop/stm32f4/arm_gcc/gcc-arm-none-eabi-4_7-2013q3/bin/../lib/gcc/arm-none-eabi/4.7.4/armv7-m/libgcc.a(_arm_truncdfsf2.o)
                0x000000000800093c                __aeabi_d2f
                0x000000000800093c                __truncdfsf2
 .text          0x00000000080009dc       0x2c /Users/imac/Develop/stm32f4/arm_gcc/gcc-arm-none-eabi-4_7-2013q3/bin/../lib/gcc/arm-none-eabi/4.7.4/armv7-m/libgcc.a(_aeabi_uldivmod.o)
                0x00000000080009dc                __aeabi_uldivmod
 .text          0x0000000008000a08       0x60 /Users/imac/Develop/stm32f4/arm_gcc/gcc-arm-none-eabi-4_7-2013q3/bin/../lib/gcc/arm-none-eabi/4.7.4/armv7-m/libgcc.a(bpabi.o)
                0x0000000008000a08                __gnu_ldivmod_helper
                0x0000000008000a38                __gnu_uldivmod_helper
 .text          0x0000000008000a68        0x4 /Users/imac/Develop/stm32f4/arm_gcc/gcc-arm-none-eabi-4_7-2013q3/bin/../lib/gcc/arm-none-eabi/4.7.4/armv7-m/libgcc.a(_dvmd_tls.o)
                0x0000000008000a68                __aeabi_ldiv0
                0x0000000008000a68                __aeabi_idiv0
 .text          0x0000000008000a6c      0x2bc /Users/imac/Develop/stm32f4/arm_gcc/gcc-arm-none-eabi-4_7-2013q3/bin/../lib/gcc/arm-none-eabi/4.7.4/armv7-m/libgcc.a(_divdi3.o)
                0x0000000008000a6c                __divdi3
 .text          0x0000000008000d28      0x28c /Users/imac/Develop/stm32f4/arm_gcc/gcc-arm-none-eabi-4_7-2013q3/bin/../lib/gcc/arm-none-eabi/4.7.4/armv7-m/libgcc.a(_udivdi3.o)
                0x0000000008000d28                __udivdi3
 *(.text.*)
 .text.LED_Tick
                0x0000000008000fb4       0x10 main.o
                0x0000000008000fb4                LED_Tick
 .text.startup.main
                0x0000000008000fc4       0x50 main.o
                0x0000000008000fc4                main
 .text.Ap_Init  0x0000000008001014       0x18 Ap.o
                0x0000000008001014                Ap_Init
 .text.Ap_StrCmd_PutFunc
                0x000000000800102c       0x14 Ap_StrCmd.o
                0x000000000800102c                Ap_StrCmd_PutFunc
 .text.Ap_StrCmd_CallBack_RxdISR
                0x0000000008001040       0x8c Ap_StrCmd.o
                0x0000000008001040                Ap_StrCmd_CallBack_RxdISR
 .text.Ap_StrCmd_AddCmd
                0x00000000080010cc      0x110 Ap_StrCmd.o
                0x00000000080010cc                Ap_StrCmd_AddCmd
 .text.Ap_StrCmd_Init
                0x00000000080011dc       0xc8 Ap_StrCmd.o
                0x00000000080011dc                Ap_StrCmd_Init
 .text.Ap_StrCmd_Print
                0x00000000080012a4       0x34 Ap_StrCmd.o
                0x00000000080012a4                Ap_StrCmd_Print
 .text.Ap_StrCmd_SendResp
                0x00000000080012d8       0x68 Ap_StrCmd.o
                0x00000000080012d8                Ap_StrCmd_SendResp
 .text.Ap_StrCmd_ShowMenuHelp
                0x0000000008001340       0x74 Ap_StrCmd.o
                0x0000000008001340                Ap_StrCmd_ShowMenuHelp
 .text.Ap_StrCmd_ShowMenu
                0x00000000080013b4       0x6c Ap_StrCmd.o
                0x00000000080013b4                Ap_StrCmd_ShowMenu
 .text.Ap_StrCmd_Printf
                0x0000000008001420       0x30 Ap_StrCmd.o
                0x0000000008001420                Ap_StrCmd_Printf
 .text.Ap_StrCmd_Echo
                0x0000000008001450       0x78 Ap_StrCmd.o
                0x0000000008001450                Ap_StrCmd_Echo
 .text.Ap_StrCmd_ShowInfo
                0x00000000080014c8       0x64 Ap_StrCmd.o
                0x00000000080014c8                Ap_StrCmd_ShowInfo
 .text.Ap_StrCmd_ExeFunc
                0x000000000800152c      0x160 Ap_StrCmd.o
                0x000000000800152c                Ap_StrCmd_ExeFunc
 .text.Ap_StrCmd_ExeCmd
                0x000000000800168c       0x1c Ap_StrCmd.o
                0x000000000800168c                Ap_StrCmd_ExeCmd
 .text.Ap_StrCmd_Q_Init
                0x00000000080016a8       0x18 Ap_StrCmd_Q.o
                0x00000000080016a8                Ap_StrCmd_Q_Init
 .text.Ap_StrCmd_Q_SIZE
                0x00000000080016c0       0x38 Ap_StrCmd_Q.o
                0x00000000080016c0                Ap_StrCmd_Q_SIZE
 .text.Ap_StrCmd_Q_Push
                0x00000000080016f8       0xb8 Ap_StrCmd_Q.o
                0x00000000080016f8                Ap_StrCmd_Q_Push
 .text.Ap_StrCmd_Q_Pop
                0x00000000080017b0       0xac Ap_StrCmd_Q.o
                0x00000000080017b0                Ap_StrCmd_Q_Pop
 .text.Ap_StrCmd_List
                0x000000000800185c       0x28 Ap_StrCmd_List.o
                0x000000000800185c                Ap_StrCmd_List
 .text.Ap_StrCmd_MOVE
                0x0000000008001884       0x70 Ap_StrCmd_MOVE.o
                0x0000000008001884                Ap_StrCmd_MOVE
 .text.Lb_Util_PaseArgs
                0x00000000080018f4       0x34 Lb_Util.o
                0x00000000080018f4                Lb_Util_PaseArgs
 .text.Lb_Util_atoi
                0x0000000008001928       0x4c Lb_Util.o
                0x0000000008001928                Lb_Util_atoi
 .text.__get_MSP
                0x0000000008001974        0x8 Lb_Util.o
                0x0000000008001974                __get_MSP
 .text._sbrk    0x000000000800197c       0x40 Lb_Util.o
                0x000000000800197c                _sbrk
 .text.print_byte_out
                0x00000000080019bc       0x38 Lb_Printf.o
                0x00000000080019bc                print_byte_out
 .text.PrintString
                0x00000000080019f4       0x20 Lb_Printf.o
 .text.DecToLong
                0x0000000008001a14       0x44 Lb_Printf.o
                0x0000000008001a14                DecToLong
 .text.PrintDec
                0x0000000008001a58      0x3cc Lb_Printf.o
 .text.PrintHex
                0x0000000008001e24      0x3b4 Lb_Printf.o
 .text.Lb_printf
                0x00000000080021d8      0x2d4 Lb_Printf.o
                0x00000000080021d8                Lb_printf
 .text.Lb_sprintf
                0x00000000080024ac      0x2e8 Lb_Printf.o
                0x00000000080024ac                Lb_sprintf
 .text.Lb_vsprintf
                0x0000000008002794      0x2d4 Lb_Printf.o
                0x0000000008002794                Lb_vsprintf
 .text.Hw_StartUp_Init
                0x0000000008002a68       0xcc Hw_StartUp.o
                0x0000000008002a68                Hw_StartUp_Init
 .text.Hw_Init  0x0000000008002b34       0x9c Hw.o
                0x0000000008002b34                Hw_Init
 .text.Hw_ISR_UART2_Handler
                0x0000000008002bd0       0x34 Hw_Uart.o
                0x0000000008002bd0                Hw_ISR_UART2_Handler
 .text.Hw_ISR_UART1_Handler
                0x0000000008002c04       0x34 Hw_Uart.o
                0x0000000008002c04                Hw_ISR_UART1_Handler
 .text.Hw_Uart_Putch.part.0
                0x0000000008002c38       0x1c Hw_Uart.o
 .text.Hw_Uart_Open_COM1
                0x0000000008002c54       0x90 Hw_Uart.o
                0x0000000008002c54                Hw_Uart_Open_COM1
 .text.Hw_Uart_Open_COM2
                0x0000000008002ce4       0xb8 Hw_Uart.o
                0x0000000008002ce4                Hw_Uart_Open_COM2
 .text.Hw_Uart_Init
                0x0000000008002d9c       0x50 Hw_Uart.o
                0x0000000008002d9c                Hw_Uart_Init
 .text.Hw_Uart_SetReceiveFuncISR
                0x0000000008002dec       0x24 Hw_Uart.o
                0x0000000008002dec                Hw_Uart_SetReceiveFuncISR
 .text.Hw_Uart_Putch
                0x0000000008002e10       0x40 Hw_Uart.o
                0x0000000008002e10                Hw_Uart_Putch
 .text.print_byte
                0x0000000008002e50       0x1c Hw_Uart.o
                0x0000000008002e50                print_byte
 .text.Hw_PLL_Init
                0x0000000008002e6c       0x94 Hw_PLL.o
                0x0000000008002e6c                Hw_PLL_Init
 .text.Hw_Led_Init
                0x0000000008002f00       0x44 Hw_Led.o
                0x0000000008002f00                Hw_Led_Init
 .text.Hw_Led_Toggle
                0x0000000008002f44       0x14 Hw_Led.o
                0x0000000008002f44                Hw_Led_Toggle
 .text.Hw_Uart_Q_Init
                0x0000000008002f58       0x30 Hw_Uart_Q.o
                0x0000000008002f58                Hw_Uart_Q_Init
 .text.Hw_Uart_Q_Push
                0x0000000008002f88       0x78 Hw_Uart_Q.o
                0x0000000008002f88                Hw_Uart_Q_Push
 .text.Hw_ISR_Init
                0x0000000008003000       0x14 Hw_ISR.o
                0x0000000008003000                Hw_ISR_Init
 .text.Hw_ISR_SetIRQFunc
                0x0000000008003014       0x10 Hw_ISR.o
                0x0000000008003014                Hw_ISR_SetIRQFunc
 .text.Hw_ISR_SetIRQFuncByAddr
                0x0000000008003024       0x10 Hw_ISR.o
                0x0000000008003024                Hw_ISR_SetIRQFuncByAddr
 .text.Hw_Timer_SetupISR
                0x0000000008003034       0x1c Hw_Timer.o
                0x0000000008003034                Hw_Timer_SetupISR
 .text.Hw_Timer_Init
                0x0000000008003050       0xdc Hw_Timer.o
                0x0000000008003050                Hw_Timer_Init
 .text.Hw_Timer_Tick
                0x000000000800312c      0x284 Hw_Timer.o
                0x000000000800312c                Hw_Timer_Tick
 .text.Hw_Timer_ISR
                0x00000000080033b0       0x10 Hw_Timer.o
                0x00000000080033b0                Hw_Timer_ISR
 .text.Hw_Timer_Set
                0x00000000080033c0       0x20 Hw_Timer.o
                0x00000000080033c0                Hw_Timer_Set
 .text.Hw_Timer_Start
                0x00000000080033e0       0x14 Hw_Timer.o
                0x00000000080033e0                Hw_Timer_Start
 .text.Hw_VCom_Init
                0x00000000080033f4       0x38 Hw_VCom.o
                0x00000000080033f4                Hw_VCom_Init
 .text.Hw_VCom_Putch
                0x000000000800342c       0x10 Hw_VCom.o
                0x000000000800342c                Hw_VCom_Putch
 .text.Hw_VCom_SetReceiveFuncISR
                0x000000000800343c        0xc Hw_VCom.o
                0x000000000800343c                Hw_VCom_SetReceiveFuncISR
 .text.Hw_Adc_Init
                0x0000000008003448       0xa0 Hw_Adc.o
                0x0000000008003448                Hw_Adc_Init
 .text.Hw_DcMotor_Run
                0x00000000080034e8       0x70 Hw_DcMotor.o
                0x00000000080034e8                Hw_DcMotor_Run
 .text.Hw_DcMotor_Stop
                0x0000000008003558       0x2c Hw_DcMotor.o
                0x0000000008003558                Hw_DcMotor_Stop
 .text.Hw_DcMotor_Init
                0x0000000008003584       0xf0 Hw_DcMotor.o
                0x0000000008003584                Hw_DcMotor_Init
 .text.Hw_DcMotor_Tick
                0x0000000008003674       0xb0 Hw_DcMotor.o
                0x0000000008003674                Hw_DcMotor_Tick
 .text.Hw_DcMotor_Handle
                0x0000000008003724       0x80 Hw_DcMotor.o
                0x0000000008003724                Hw_DcMotor_Handle
 .text.EP1_IN_Callback
                0x00000000080037a4       0x74 usb_endp.o
                0x00000000080037a4                EP1_IN_Callback
 .text.EP3_OUT_Callback
                0x0000000008003818       0x34 usb_endp.o
                0x0000000008003818                EP3_OUT_Callback
 .text.SOF_Callback
                0x000000000800384c       0x30 usb_endp.o
                0x000000000800384c                SOF_Callback
 .text.USB_Istr
                0x000000000800387c      0x278 usb_istr.o
                0x000000000800387c                USB_Istr
 .text.Virtual_Com_Port_SetConfiguration
                0x0000000008003af4       0x18 usb_prop.o
                0x0000000008003af4                Virtual_Com_Port_SetConfiguration
 .text.Virtual_Com_Port_SetDeviceAddress
                0x0000000008003b0c       0x10 usb_prop.o
                0x0000000008003b0c                Virtual_Com_Port_SetDeviceAddress
 .text.Virtual_Com_Port_Status_In
                0x0000000008003b1c       0x14 usb_prop.o
                0x0000000008003b1c                Virtual_Com_Port_Status_In
 .text.Virtual_Com_Port_Status_Out
                0x0000000008003b30        0x4 usb_prop.o
                0x0000000008003b30                Virtual_Com_Port_Status_Out
 .text.Virtual_Com_Port_Data_Setup
                0x0000000008003b34       0x60 usb_prop.o
                0x0000000008003b34                Virtual_Com_Port_Data_Setup
 .text.Virtual_Com_Port_NoData_Setup
                0x0000000008003b94       0x24 usb_prop.o
                0x0000000008003b94                Virtual_Com_Port_NoData_Setup
 .text.Virtual_Com_Port_Get_Interface_Setting
                0x0000000008003bb8       0x10 usb_prop.o
                0x0000000008003bb8                Virtual_Com_Port_Get_Interface_Setting
 .text.Virtual_Com_Port_GetLineCoding
                0x0000000008003bc8       0x18 usb_prop.o
                0x0000000008003bc8                Virtual_Com_Port_GetLineCoding
 .text.Virtual_Com_Port_SetLineCoding
                0x0000000008003be0       0x18 usb_prop.o
                0x0000000008003be0                Virtual_Com_Port_SetLineCoding
 .text.Virtual_Com_Port_GetStringDescriptor
                0x0000000008003bf8       0x28 usb_prop.o
                0x0000000008003bf8                Virtual_Com_Port_GetStringDescriptor
 .text.Virtual_Com_Port_GetConfigDescriptor
                0x0000000008003c20       0x18 usb_prop.o
                0x0000000008003c20                Virtual_Com_Port_GetConfigDescriptor
 .text.Virtual_Com_Port_GetDeviceDescriptor
                0x0000000008003c38       0x18 usb_prop.o
                0x0000000008003c38                Virtual_Com_Port_GetDeviceDescriptor
 .text.Virtual_Com_Port_Reset
                0x0000000008003c50      0x110 usb_prop.o
                0x0000000008003c50                Virtual_Com_Port_Reset
 .text.Virtual_Com_Port_init
                0x0000000008003d60       0x3c usb_prop.o
                0x0000000008003d60                Virtual_Com_Port_init
 .text.PowerOn  0x0000000008003d9c       0x3c usb_pwr.o
                0x0000000008003d9c                PowerOn
 .text.Suspend  0x0000000008003dd8      0x1a8 usb_pwr.o
                0x0000000008003dd8                Suspend
 .text.Resume_Init
                0x0000000008003f80       0x28 usb_pwr.o
                0x0000000008003f80                Resume_Init
 .text.Resume   0x0000000008003fa8       0xbc usb_pwr.o
                0x0000000008003fa8                Resume
 .text.USBWakeUp_IRQHandler
                0x0000000008004064       0x10 hw_config.o
                0x0000000008004064                USBWakeUp_IRQHandler
 .text.IntToUnicode
                0x0000000008004074       0x78 hw_config.o
 .text.USB_LP_IRQHandler
                0x00000000080040ec       0x10 hw_config.o
                0x00000000080040ec                USB_LP_IRQHandler
 .text.Set_System
                0x00000000080040fc       0x20 hw_config.o
                0x00000000080040fc                Set_System
 .text.Set_USBClock
                0x000000000800411c       0x24 hw_config.o
                0x000000000800411c                Set_USBClock
 .text.Leave_LowPowerMode
                0x0000000008004140       0x20 hw_config.o
                0x0000000008004140                Leave_LowPowerMode
 .text.USB_Interrupts_Config
                0x0000000008004160       0xb0 hw_config.o
                0x0000000008004160                USB_Interrupts_Config
 .text.USB_Cable_Config
                0x0000000008004210       0x1c hw_config.o
                0x0000000008004210                USB_Cable_Config
 .text.USB_To_USART_Send_Data
                0x000000000800422c       0xa8 hw_config.o
                0x000000000800422c                USB_To_USART_Send_Data
 .text.Handle_USBAsynchXfer
                0x00000000080042d4       0xa4 hw_config.o
                0x00000000080042d4                Handle_USBAsynchXfer
 .text.USB_Send_Data
                0x0000000008004378       0x38 hw_config.o
                0x0000000008004378                USB_Send_Data
 .text.Get_SerialNum
                0x00000000080043b0       0x44 hw_config.o
                0x00000000080043b0                Get_SerialNum
 .text.__WFI    0x00000000080043f4        0x4 hw_config.o
                0x00000000080043f4                __WFI
 .text.Standard_GetConfiguration
                0x00000000080043f8       0x28 usb_core.o
                0x00000000080043f8                Standard_GetConfiguration
 .text.Standard_GetInterface
                0x0000000008004420       0x28 usb_core.o
                0x0000000008004420                Standard_GetInterface
 .text.Standard_GetStatus
                0x0000000008004448       0xa0 usb_core.o
                0x0000000008004448                Standard_GetStatus
 .text.DataStageIn
                0x00000000080044e8       0xc0 usb_core.o
 .text.Standard_SetConfiguration
                0x00000000080045a8       0x3c usb_core.o
                0x00000000080045a8                Standard_SetConfiguration
 .text.Standard_SetInterface
                0x00000000080045e4       0x50 usb_core.o
                0x00000000080045e4                Standard_SetInterface
 .text.Standard_ClearFeature
                0x0000000008004634       0xf8 usb_core.o
                0x0000000008004634                Standard_ClearFeature
 .text.Standard_SetEndPointFeature
                0x000000000800472c       0x98 usb_core.o
                0x000000000800472c                Standard_SetEndPointFeature
 .text.Standard_GetDescriptorData
                0x00000000080047c4       0x1c usb_core.o
                0x00000000080047c4                Standard_GetDescriptorData
 .text.Post0_Process
                0x00000000080047e0       0x48 usb_core.o
                0x00000000080047e0                Post0_Process
 .text.Out0_Process
                0x0000000008004828       0xf0 usb_core.o
                0x0000000008004828                Out0_Process
 .text.Setup0_Process
                0x0000000008004918      0x388 usb_core.o
                0x0000000008004918                Setup0_Process
 .text.SetDeviceAddress
                0x0000000008004ca0       0xa8 usb_core.o
                0x0000000008004ca0                SetDeviceAddress
 .text.In0_Process
                0x0000000008004d48       0x6c usb_core.o
                0x0000000008004d48                In0_Process
 .text.NOP_Process
                0x0000000008004db4        0x4 usb_core.o
                0x0000000008004db4                NOP_Process
 .text.USB_Init
                0x0000000008004db8       0x44 usb_init.o
                0x0000000008004db8                USB_Init
 .text.UserToPMABufferCopy
                0x0000000008004dfc       0x78 usb_mem.o
                0x0000000008004dfc                UserToPMABufferCopy
 .text.PMAToUserBufferCopy
                0x0000000008004e74       0x50 usb_mem.o
                0x0000000008004e74                PMAToUserBufferCopy
 .text.SetBTABLE
                0x0000000008004ec4       0x14 usb_regs.o
                0x0000000008004ec4                SetBTABLE
 .text.SetEPType
                0x0000000008004ed8       0x18 usb_regs.o
                0x0000000008004ed8                SetEPType
 .text.SetEPTxStatus
                0x0000000008004ef0       0x40 usb_regs.o
                0x0000000008004ef0                SetEPTxStatus
 .text.SetEPRxStatus
                0x0000000008004f30       0x40 usb_regs.o
                0x0000000008004f30                SetEPRxStatus
 .text.SetEPTxValid
                0x0000000008004f70       0x24 usb_regs.o
                0x0000000008004f70                SetEPTxValid
 .text.SetEPRxValid
                0x0000000008004f94       0x24 usb_regs.o
                0x0000000008004f94                SetEPRxValid
 .text.Clear_Status_Out
                0x0000000008004fb8       0x20 usb_regs.o
                0x0000000008004fb8                Clear_Status_Out
 .text.ClearDTOG_RX
                0x0000000008004fd8       0x24 usb_regs.o
                0x0000000008004fd8                ClearDTOG_RX
 .text.ClearDTOG_TX
                0x0000000008004ffc       0x24 usb_regs.o
                0x0000000008004ffc                ClearDTOG_TX
 .text.SetEPTxAddr
                0x0000000008005020       0x24 usb_regs.o
                0x0000000008005020                SetEPTxAddr
 .text.SetEPRxAddr
                0x0000000008005044       0x28 usb_regs.o
                0x0000000008005044                SetEPRxAddr
 .text.GetEPTxAddr
                0x000000000800506c       0x20 usb_regs.o
                0x000000000800506c                GetEPTxAddr
 .text.GetEPRxAddr
                0x000000000800508c       0x20 usb_regs.o
                0x000000000800508c                GetEPRxAddr
 .text.SetEPTxCount
                0x00000000080050ac       0x20 usb_regs.o
                0x00000000080050ac                SetEPTxCount
 .text.SetEPRxCount
                0x00000000080050cc       0x44 usb_regs.o
                0x00000000080050cc                SetEPRxCount
 .text.GetEPRxCount
                0x0000000008005110       0x24 usb_regs.o
                0x0000000008005110                GetEPRxCount
 .text.ByteSwap
                0x0000000008005134        0xc usb_regs.o
                0x0000000008005134                ByteSwap
 .text.USB_SIL_Init
                0x0000000008005140       0x2c usb_sil.o
                0x0000000008005140                USB_SIL_Init
 .text.USB_SIL_Read
                0x000000000800516c       0x38 usb_sil.o
                0x000000000800516c                USB_SIL_Read
 .text.CTR_LP   0x00000000080051a4      0x1bc usb_int.o
                0x00000000080051a4                CTR_LP
 .text.__errno  0x0000000008005360        0xc /Users/imac/Develop/stm32f4/arm_gcc/gcc-arm-none-eabi-4_7-2013q3/bin/../lib/gcc/arm-none-eabi/4.7.4/../../../../arm-none-eabi/lib/armv7-m/libc.a(lib_a-errno.o)
                0x0000000008005360                __errno
 .text.sscanf   0x000000000800536c       0x5c /Users/imac/Develop/stm32f4/arm_gcc/gcc-arm-none-eabi-4_7-2013q3/bin/../lib/gcc/arm-none-eabi/4.7.4/../../../../arm-none-eabi/lib/armv7-m/libc.a(lib_a-sscanf.o)
                0x000000000800536c                sscanf
 .text.__seofread
                0x00000000080053c8        0x4 /Users/imac/Develop/stm32f4/arm_gcc/gcc-arm-none-eabi-4_7-2013q3/bin/../lib/gcc/arm-none-eabi/4.7.4/../../../../arm-none-eabi/lib/armv7-m/libc.a(lib_a-stdio.o)
                0x00000000080053c8                __seofread
 .text.strcmp   0x00000000080053cc       0x80 /Users/imac/Develop/stm32f4/arm_gcc/gcc-arm-none-eabi-4_7-2013q3/bin/../lib/gcc/arm-none-eabi/4.7.4/../../../../arm-none-eabi/lib/armv7-m/libc.a(lib_a-strcmp.o)
                0x00000000080053cc                strcmp
 .text.strcmp_unaligned
                0x000000000800544c      0x15c /Users/imac/Develop/stm32f4/arm_gcc/gcc-arm-none-eabi-4_7-2013q3/bin/../lib/gcc/arm-none-eabi/4.7.4/../../../../arm-none-eabi/lib/armv7-m/libc.a(lib_a-strcmp.o)
 .text.strlen   0x00000000080055a8       0x60 /Users/imac/Develop/stm32f4/arm_gcc/gcc-arm-none-eabi-4_7-2013q3/bin/../lib/gcc/arm-none-eabi/4.7.4/../../../../arm-none-eabi/lib/armv7-m/libc.a(lib_a-strlen.o)
                0x00000000080055a8                strlen
 .text.strncmp  0x0000000008005608      0x120 /Users/imac/Develop/stm32f4/arm_gcc/gcc-arm-none-eabi-4_7-2013q3/bin/../lib/gcc/arm-none-eabi/4.7.4/../../../../arm-none-eabi/lib/armv7-m/libc.a(lib_a-strncmp.o)
                0x0000000008005608                strncmp
 .text.strtok   0x0000000008005728       0x14 /Users/imac/Develop/stm32f4/arm_gcc/gcc-arm-none-eabi-4_7-2013q3/bin/../lib/gcc/arm-none-eabi/4.7.4/../../../../arm-none-eabi/lib/armv7-m/libc.a(lib_a-strtok.o)
                0x0000000008005728                strtok
 .text.__strtok_r
                0x000000000800573c       0x60 /Users/imac/Develop/stm32f4/arm_gcc/gcc-arm-none-eabi-4_7-2013q3/bin/../lib/gcc/arm-none-eabi/4.7.4/../../../../arm-none-eabi/lib/armv7-m/libc.a(lib_a-strtok_r.o)
                0x000000000800573c                __strtok_r
 .text.__ssvfscanf_r
                0x000000000800579c     0x11b8 /Users/imac/Develop/stm32f4/arm_gcc/gcc-arm-none-eabi-4_7-2013q3/bin/../lib/gcc/arm-none-eabi/4.7.4/../../../../arm-none-eabi/lib/armv7-m/libc.a(lib_a-svfscanf.o)
                0x000000000800579c                __ssvfscanf_r
 .text.__sfp_lock_acquire
                0x0000000008006954        0x4 /Users/imac/Develop/stm32f4/arm_gcc/gcc-arm-none-eabi-4_7-2013q3/bin/../lib/gcc/arm-none-eabi/4.7.4/../../../../arm-none-eabi/lib/armv7-m/libc.a(lib_a-findfp.o)
                0x0000000008006954                __sfp_lock_acquire
 .text.__sfp_lock_release
                0x0000000008006958        0x4 /Users/imac/Develop/stm32f4/arm_gcc/gcc-arm-none-eabi-4_7-2013q3/bin/../lib/gcc/arm-none-eabi/4.7.4/../../../../arm-none-eabi/lib/armv7-m/libc.a(lib_a-findfp.o)
                0x0000000008006958                __sfp_lock_release
 .text.iswspace
                0x000000000800695c       0x1c /Users/imac/Develop/stm32f4/arm_gcc/gcc-arm-none-eabi-4_7-2013q3/bin/../lib/gcc/arm-none-eabi/4.7.4/../../../../arm-none-eabi/lib/armv7-m/libc.a(lib_a-iswspace.o)
                0x000000000800695c                iswspace
 .text.__locale_charset
                0x0000000008006978        0xc /Users/imac/Develop/stm32f4/arm_gcc/gcc-arm-none-eabi-4_7-2013q3/bin/../lib/gcc/arm-none-eabi/4.7.4/../../../../arm-none-eabi/lib/armv7-m/libc.a(lib_a-locale.o)
                0x0000000008006978                __locale_charset
 .text.__locale_mb_cur_max
                0x0000000008006984        0xc /Users/imac/Develop/stm32f4/arm_gcc/gcc-arm-none-eabi-4_7-2013q3/bin/../lib/gcc/arm-none-eabi/4.7.4/../../../../arm-none-eabi/lib/armv7-m/libc.a(lib_a-locale.o)
                0x0000000008006984                __locale_mb_cur_max
 .text._localeconv_r
                0x0000000008006990        0xc /Users/imac/Develop/stm32f4/arm_gcc/gcc-arm-none-eabi-4_7-2013q3/bin/../lib/gcc/arm-none-eabi/4.7.4/../../../../arm-none-eabi/lib/armv7-m/libc.a(lib_a-locale.o)
                0x0000000008006990                _localeconv_r
 .text._malloc_r
                0x000000000800699c      0x530 /Users/imac/Develop/stm32f4/arm_gcc/gcc-arm-none-eabi-4_7-2013q3/bin/../lib/gcc/arm-none-eabi/4.7.4/../../../../arm-none-eabi/lib/armv7-m/libc.a(lib_a-mallocr.o)
                0x000000000800699c                _malloc_r
 .text._mbrtowc_r
                0x0000000008006ecc       0x5c /Users/imac/Develop/stm32f4/arm_gcc/gcc-arm-none-eabi-4_7-2013q3/bin/../lib/gcc/arm-none-eabi/4.7.4/../../../../arm-none-eabi/lib/armv7-m/libc.a(lib_a-mbrtowc.o)
                0x0000000008006ecc                _mbrtowc_r
 .text.__ascii_mbtowc
                0x0000000008006f28       0x28 /Users/imac/Develop/stm32f4/arm_gcc/gcc-arm-none-eabi-4_7-2013q3/bin/../lib/gcc/arm-none-eabi/4.7.4/../../../../arm-none-eabi/lib/armv7-m/libc.a(lib_a-mbtowc_r.o)
                0x0000000008006f28                __ascii_mbtowc
 .text.memset   0x0000000008006f50      0x12c /Users/imac/Develop/stm32f4/arm_gcc/gcc-arm-none-eabi-4_7-2013q3/bin/../lib/gcc/arm-none-eabi/4.7.4/../../../../arm-none-eabi/lib/armv7-m/libc.a(lib_a-memset.o)
                0x0000000008006f50                memset
 .text.__malloc_lock
                0x000000000800707c        0x4 /Users/imac/Develop/stm32f4/arm_gcc/gcc-arm-none-eabi-4_7-2013q3/bin/../lib/gcc/arm-none-eabi/4.7.4/../../../../arm-none-eabi/lib/armv7-m/libc.a(lib_a-mlock.o)
                0x000000000800707c                __malloc_lock
 .text.__malloc_unlock
                0x0000000008007080        0x4 /Users/imac/Develop/stm32f4/arm_gcc/gcc-arm-none-eabi-4_7-2013q3/bin/../lib/gcc/arm-none-eabi/4.7.4/../../../../arm-none-eabi/lib/armv7-m/libc.a(lib_a-mlock.o)
                0x0000000008007080                __malloc_unlock
 .text.__fpclassifyd
                0x0000000008007084       0x68 /Users/imac/Develop/stm32f4/arm_gcc/gcc-arm-none-eabi-4_7-2013q3/bin/../lib/gcc/arm-none-eabi/4.7.4/../../../../arm-none-eabi/lib/armv7-m/libc.a(lib_a-s_fpclassify.o)
                0x0000000008007084                __fpclassifyd
 .text._sbrk_r  0x00000000080070ec       0x24 /Users/imac/Develop/stm32f4/arm_gcc/gcc-arm-none-eabi-4_7-2013q3/bin/../lib/gcc/arm-none-eabi/4.7.4/../../../../arm-none-eabi/lib/armv7-m/libc.a(lib_a-sbrkr.o)
                0x00000000080070ec                _sbrk_r
 .text.__sccl   0x0000000008007110       0x94 /Users/imac/Develop/stm32f4/arm_gcc/gcc-arm-none-eabi-4_7-2013q3/bin/../lib/gcc/arm-none-eabi/4.7.4/../../../../arm-none-eabi/lib/armv7-m/libc.a(lib_a-sccl.o)
                0x0000000008007110                __sccl
 .text.nanf     0x00000000080071a4        0x8 /Users/imac/Develop/stm32f4/arm_gcc/gcc-arm-none-eabi-4_7-2013q3/bin/../lib/gcc/arm-none-eabi/4.7.4/../../../../arm-none-eabi/lib/armv7-m/libc.a(lib_a-sf_nan.o)
                0x00000000080071a4                nanf
 .text.sprintf  0x00000000080071ac       0x50 /Users/imac/Develop/stm32f4/arm_gcc/gcc-arm-none-eabi-4_7-2013q3/bin/../lib/gcc/arm-none-eabi/4.7.4/../../../../arm-none-eabi/lib/armv7-m/libc.a(lib_a-sprintf.o)
                0x00000000080071ac                sprintf
 *fill*         0x00000000080071fc        0x4 00
 .text._strtod_r
                0x0000000008007200      0xeb0 /Users/imac/Develop/stm32f4/arm_gcc/gcc-arm-none-eabi-4_7-2013q3/bin/../lib/gcc/arm-none-eabi/4.7.4/../../../../arm-none-eabi/lib/armv7-m/libc.a(lib_a-strtod.o)
                0x0000000008007200                _strtod_r
 .text._strtol_r
                0x00000000080080b0      0x130 /Users/imac/Develop/stm32f4/arm_gcc/gcc-arm-none-eabi-4_7-2013q3/bin/../lib/gcc/arm-none-eabi/4.7.4/../../../../arm-none-eabi/lib/armv7-m/libc.a(lib_a-strtol.o)
                0x00000000080080b0                _strtol_r
 .text._strtoll_r
                0x00000000080081e0      0x1b0 /Users/imac/Develop/stm32f4/arm_gcc/gcc-arm-none-eabi-4_7-2013q3/bin/../lib/gcc/arm-none-eabi/4.7.4/../../../../arm-none-eabi/lib/armv7-m/libc.a(lib_a-strtoll_r.o)
                0x00000000080081e0                _strtoll_r
 .text._strtoul_r
                0x0000000008008390      0x150 /Users/imac/Develop/stm32f4/arm_gcc/gcc-arm-none-eabi-4_7-2013q3/bin/../lib/gcc/arm-none-eabi/4.7.4/../../../../arm-none-eabi/lib/armv7-m/libc.a(lib_a-strtoul.o)
                0x0000000008008390                _strtoul_r
 .text._strtoull_r
                0x00000000080084e0      0x1f0 /Users/imac/Develop/stm32f4/arm_gcc/gcc-arm-none-eabi-4_7-2013q3/bin/../lib/gcc/arm-none-eabi/4.7.4/../../../../arm-none-eabi/lib/armv7-m/libc.a(lib_a-strtoull_r.o)
                0x00000000080084e0                _strtoull_r
 .text._sungetc_r
                0x00000000080086d0       0x80 /Users/imac/Develop/stm32f4/arm_gcc/gcc-arm-none-eabi-4_7-2013q3/bin/../lib/gcc/arm-none-eabi/4.7.4/../../../../arm-none-eabi/lib/armv7-m/libc.a(lib_a-svfiscanf.o)
                0x00000000080086d0                _sungetc_r
 .text.__ssrefill_r
                0x0000000008008750       0x3c /Users/imac/Develop/stm32f4/arm_gcc/gcc-arm-none-eabi-4_7-2013q3/bin/../lib/gcc/arm-none-eabi/4.7.4/../../../../arm-none-eabi/lib/armv7-m/libc.a(lib_a-svfiscanf.o)
                0x0000000008008750                __ssrefill_r
 .text._sfread_r
                0x000000000800878c       0x7c /Users/imac/Develop/stm32f4/arm_gcc/gcc-arm-none-eabi-4_7-2013q3/bin/../lib/gcc/arm-none-eabi/4.7.4/../../../../arm-none-eabi/lib/armv7-m/libc.a(lib_a-svfiscanf.o)
                0x000000000800878c                _sfread_r
 .text._svfprintf_r
                0x0000000008008808     0x1adc /Users/imac/Develop/stm32f4/arm_gcc/gcc-arm-none-eabi-4_7-2013q3/bin/../lib/gcc/arm-none-eabi/4.7.4/../../../../arm-none-eabi/lib/armv7-m/libc.a(lib_a-svfprintf.o)
                0x0000000008008808                _svfprintf_r
 .text.__submore
                0x000000000800a2e4       0x7c /Users/imac/Develop/stm32f4/arm_gcc/gcc-arm-none-eabi-4_7-2013q3/bin/../lib/gcc/arm-none-eabi/4.7.4/../../../../arm-none-eabi/lib/armv7-m/libc.a(lib_a-ungetc.o)
                0x000000000800a2e4                __submore
 .text.quorem   0x000000000800a360      0x2ec /Users/imac/Develop/stm32f4/arm_gcc/gcc-arm-none-eabi-4_7-2013q3/bin/../lib/gcc/arm-none-eabi/4.7.4/../../../../arm-none-eabi/lib/armv7-m/libc.a(lib_a-dtoa.o)
 *fill*         0x000000000800a64c        0x4 00
 .text._dtoa_r  0x000000000800a650     0x11f8 /Users/imac/Develop/stm32f4/arm_gcc/gcc-arm-none-eabi-4_7-2013q3/bin/../lib/gcc/arm-none-eabi/4.7.4/../../../../arm-none-eabi/lib/armv7-m/libc.a(lib_a-dtoa.o)
                0x000000000800a650                _dtoa_r
 .text._malloc_trim_r
                0x000000000800b848       0x98 /Users/imac/Develop/stm32f4/arm_gcc/gcc-arm-none-eabi-4_7-2013q3/bin/../lib/gcc/arm-none-eabi/4.7.4/../../../../arm-none-eabi/lib/armv7-m/libc.a(lib_a-freer.o)
                0x000000000800b848                _malloc_trim_r
 .text._free_r  0x000000000800b8e0      0x194 /Users/imac/Develop/stm32f4/arm_gcc/gcc-arm-none-eabi-4_7-2013q3/bin/../lib/gcc/arm-none-eabi/4.7.4/../../../../arm-none-eabi/lib/armv7-m/libc.a(lib_a-freer.o)
                0x000000000800b8e0                _free_r
 .text.rshift   0x000000000800ba74      0x148 /Users/imac/Develop/stm32f4/arm_gcc/gcc-arm-none-eabi-4_7-2013q3/bin/../lib/gcc/arm-none-eabi/4.7.4/../../../../arm-none-eabi/lib/armv7-m/libc.a(lib_a-gdtoa-gethex.o)
 .text.__hexdig_init
                0x000000000800bbbc       0x50 /Users/imac/Develop/stm32f4/arm_gcc/gcc-arm-none-eabi-4_7-2013q3/bin/../lib/gcc/arm-none-eabi/4.7.4/../../../../arm-none-eabi/lib/armv7-m/libc.a(lib_a-gdtoa-gethex.o)
                0x000000000800bbbc                __hexdig_init
 .text.__gethex
                0x000000000800bc0c      0x588 /Users/imac/Develop/stm32f4/arm_gcc/gcc-arm-none-eabi-4_7-2013q3/bin/../lib/gcc/arm-none-eabi/4.7.4/../../../../arm-none-eabi/lib/armv7-m/libc.a(lib_a-gdtoa-gethex.o)
                0x000000000800bc0c                __gethex
 .text.__hexnan
                0x000000000800c194      0x2f0 /Users/imac/Develop/stm32f4/arm_gcc/gcc-arm-none-eabi-4_7-2013q3/bin/../lib/gcc/arm-none-eabi/4.7.4/../../../../arm-none-eabi/lib/armv7-m/libc.a(lib_a-gdtoa-hexnan.o)
                0x000000000800c194                __hexnan
 .text.memchr   0x000000000800c484      0x140 /Users/imac/Develop/stm32f4/arm_gcc/gcc-arm-none-eabi-4_7-2013q3/bin/../lib/gcc/arm-none-eabi/4.7.4/../../../../arm-none-eabi/lib/armv7-m/libc.a(lib_a-memchr.o)
                0x000000000800c484                memchr
 .text.memcpy   0x000000000800c5c4      0x15c /Users/imac/Develop/stm32f4/arm_gcc/gcc-arm-none-eabi-4_7-2013q3/bin/../lib/gcc/arm-none-eabi/4.7.4/../../../../arm-none-eabi/lib/armv7-m/libc.a(lib_a-memcpy.o)
                0x000000000800c5c4                memcpy
 .text._Balloc  0x000000000800c720       0x4c /Users/imac/Develop/stm32f4/arm_gcc/gcc-arm-none-eabi-4_7-2013q3/bin/../lib/gcc/arm-none-eabi/4.7.4/../../../../arm-none-eabi/lib/armv7-m/libc.a(lib_a-mprec.o)
                0x000000000800c720                _Balloc
 .text._Bfree   0x000000000800c76c       0x14 /Users/imac/Develop/stm32f4/arm_gcc/gcc-arm-none-eabi-4_7-2013q3/bin/../lib/gcc/arm-none-eabi/4.7.4/../../../../arm-none-eabi/lib/armv7-m/libc.a(lib_a-mprec.o)
                0x000000000800c76c                _Bfree
 .text.__multadd
                0x000000000800c780       0xfc /Users/imac/Develop/stm32f4/arm_gcc/gcc-arm-none-eabi-4_7-2013q3/bin/../lib/gcc/arm-none-eabi/4.7.4/../../../../arm-none-eabi/lib/armv7-m/libc.a(lib_a-mprec.o)
                0x000000000800c780                __multadd
 .text.__s2b    0x000000000800c87c      0x140 /Users/imac/Develop/stm32f4/arm_gcc/gcc-arm-none-eabi-4_7-2013q3/bin/../lib/gcc/arm-none-eabi/4.7.4/../../../../arm-none-eabi/lib/armv7-m/libc.a(lib_a-mprec.o)
                0x000000000800c87c                __s2b
 .text.__hi0bits
                0x000000000800c9bc       0x3c /Users/imac/Develop/stm32f4/arm_gcc/gcc-arm-none-eabi-4_7-2013q3/bin/../lib/gcc/arm-none-eabi/4.7.4/../../../../arm-none-eabi/lib/armv7-m/libc.a(lib_a-mprec.o)
                0x000000000800c9bc                __hi0bits
 .text.__lo0bits
                0x000000000800c9f8       0x5c /Users/imac/Develop/stm32f4/arm_gcc/gcc-arm-none-eabi-4_7-2013q3/bin/../lib/gcc/arm-none-eabi/4.7.4/../../../../arm-none-eabi/lib/armv7-m/libc.a(lib_a-mprec.o)
                0x000000000800c9f8                __lo0bits
 .text.__i2b    0x000000000800ca54       0x14 /Users/imac/Develop/stm32f4/arm_gcc/gcc-arm-none-eabi-4_7-2013q3/bin/../lib/gcc/arm-none-eabi/4.7.4/../../../../arm-none-eabi/lib/armv7-m/libc.a(lib_a-mprec.o)
                0x000000000800ca54                __i2b
 .text.__multiply
                0x000000000800ca68      0x2d0 /Users/imac/Develop/stm32f4/arm_gcc/gcc-arm-none-eabi-4_7-2013q3/bin/../lib/gcc/arm-none-eabi/4.7.4/../../../../arm-none-eabi/lib/armv7-m/libc.a(lib_a-mprec.o)
                0x000000000800ca68                __multiply
 .text.__pow5mult
                0x000000000800cd38       0x94 /Users/imac/Develop/stm32f4/arm_gcc/gcc-arm-none-eabi-4_7-2013q3/bin/../lib/gcc/arm-none-eabi/4.7.4/../../../../arm-none-eabi/lib/armv7-m/libc.a(lib_a-mprec.o)
                0x000000000800cd38                __pow5mult
 .text.__lshift
                0x000000000800cdcc      0x16c /Users/imac/Develop/stm32f4/arm_gcc/gcc-arm-none-eabi-4_7-2013q3/bin/../lib/gcc/arm-none-eabi/4.7.4/../../../../arm-none-eabi/lib/armv7-m/libc.a(lib_a-mprec.o)
                0x000000000800cdcc                __lshift
 .text.__mcmp   0x000000000800cf38       0x5c /Users/imac/Develop/stm32f4/arm_gcc/gcc-arm-none-eabi-4_7-2013q3/bin/../lib/gcc/arm-none-eabi/4.7.4/../../../../arm-none-eabi/lib/armv7-m/libc.a(lib_a-mprec.o)
                0x000000000800cf38                __mcmp
 .text.__mdiff  0x000000000800cf94      0x218 /Users/imac/Develop/stm32f4/arm_gcc/gcc-arm-none-eabi-4_7-2013q3/bin/../lib/gcc/arm-none-eabi/4.7.4/../../../../arm-none-eabi/lib/armv7-m/libc.a(lib_a-mprec.o)
                0x000000000800cf94                __mdiff
 .text.__ulp    0x000000000800d1ac       0x44 /Users/imac/Develop/stm32f4/arm_gcc/gcc-arm-none-eabi-4_7-2013q3/bin/../lib/gcc/arm-none-eabi/4.7.4/../../../../arm-none-eabi/lib/armv7-m/libc.a(lib_a-mprec.o)
                0x000000000800d1ac                __ulp
 .text.__b2d    0x000000000800d1f0       0xbc /Users/imac/Develop/stm32f4/arm_gcc/gcc-arm-none-eabi-4_7-2013q3/bin/../lib/gcc/arm-none-eabi/4.7.4/../../../../arm-none-eabi/lib/armv7-m/libc.a(lib_a-mprec.o)
                0x000000000800d1f0                __b2d
 .text.__d2b    0x000000000800d2ac       0xc0 /Users/imac/Develop/stm32f4/arm_gcc/gcc-arm-none-eabi-4_7-2013q3/bin/../lib/gcc/arm-none-eabi/4.7.4/../../../../arm-none-eabi/lib/armv7-m/libc.a(lib_a-mprec.o)
                0x000000000800d2ac                __d2b
 .text.__ratio  0x000000000800d36c       0x54 /Users/imac/Develop/stm32f4/arm_gcc/gcc-arm-none-eabi-4_7-2013q3/bin/../lib/gcc/arm-none-eabi/4.7.4/../../../../arm-none-eabi/lib/armv7-m/libc.a(lib_a-mprec.o)
                0x000000000800d36c                __ratio
 .text.__copybits
                0x000000000800d3c0       0xa0 /Users/imac/Develop/stm32f4/arm_gcc/gcc-arm-none-eabi-4_7-2013q3/bin/../lib/gcc/arm-none-eabi/4.7.4/../../../../arm-none-eabi/lib/armv7-m/libc.a(lib_a-mprec.o)
                0x000000000800d3c0                __copybits
 .text.__any_on
                0x000000000800d460       0x74 /Users/imac/Develop/stm32f4/arm_gcc/gcc-arm-none-eabi-4_7-2013q3/bin/../lib/gcc/arm-none-eabi/4.7.4/../../../../arm-none-eabi/lib/armv7-m/libc.a(lib_a-mprec.o)
                0x000000000800d460                __any_on
 .text._realloc_r
                0x000000000800d4d4      0x3ec /Users/imac/Develop/stm32f4/arm_gcc/gcc-arm-none-eabi-4_7-2013q3/bin/../lib/gcc/arm-none-eabi/4.7.4/../../../../arm-none-eabi/lib/armv7-m/libc.a(lib_a-reallocr.o)
                0x000000000800d4d4                _realloc_r
 .text.__ssprint_r
                0x000000000800d8c0      0x100 /Users/imac/Develop/stm32f4/arm_gcc/gcc-arm-none-eabi-4_7-2013q3/bin/../lib/gcc/arm-none-eabi/4.7.4/../../../../arm-none-eabi/lib/armv7-m/libc.a(lib_a-svfiprintf.o)
                0x000000000800d8c0                __ssprint_r
 .text._calloc_r
                0x000000000800d9c0       0x60 /Users/imac/Develop/stm32f4/arm_gcc/gcc-arm-none-eabi-4_7-2013q3/bin/../lib/gcc/arm-none-eabi/4.7.4/../../../../arm-none-eabi/lib/armv7-m/libc.a(lib_a-callocr.o)
                0x000000000800d9c0                _calloc_r
 .text.memmove  0x000000000800da20      0x1b0 /Users/imac/Develop/stm32f4/arm_gcc/gcc-arm-none-eabi-4_7-2013q3/bin/../lib/gcc/arm-none-eabi/4.7.4/../../../../arm-none-eabi/lib/armv7-m/libc.a(lib_a-memmove.o)
                0x000000000800da20                memmove
 *(.stub .gnu.linkonce.t.*)
 *(.rodata .rodata.* .gnu.linkonce.r.*)
 .rodata.str1.4
                0x000000000800dbd0       0x14 main.o
 .rodata.str1.4
                0x000000000800dbe4      0x153 Ap_StrCmd.o
                                        0x158 (size before relaxing)
 *fill*         0x000000000800dd37        0x1 00
 .rodata.str1.4
                0x000000000800dd38       0x13 Ap_StrCmd_List.o
                                         0x14 (size before relaxing)
 *fill*         0x000000000800dd4b        0x1 00
 .rodata.str1.4
                0x000000000800dd4c        0xb Ap_StrCmd_MOVE.o
                                         0x10 (size before relaxing)
 *fill*         0x000000000800dd57        0x1 00
 .rodata.str1.4
                0x000000000800dd58        0x7 Lb_Util.o
                                          0x8 (size before relaxing)
 *fill*         0x000000000800dd5f        0x1 00
 .rodata.Virtual_Com_Port_StringVendor
                0x000000000800dd60       0x28 usb_desc.o
                0x000000000800dd60                Virtual_Com_Port_StringVendor
 .rodata.Virtual_Com_Port_DeviceDescriptor
                0x000000000800dd88       0x14 usb_desc.o
                0x000000000800dd88                Virtual_Com_Port_DeviceDescriptor
 .rodata.Virtual_Com_Port_StringLangID
                0x000000000800dd9c        0x4 usb_desc.o
                0x000000000800dd9c                Virtual_Com_Port_StringLangID
 .rodata.Virtual_Com_Port_StringProduct
                0x000000000800dda0       0x34 usb_desc.o
                0x000000000800dda0                Virtual_Com_Port_StringProduct
 .rodata.Virtual_Com_Port_ConfigDescriptor
                0x000000000800ddd4       0x44 usb_desc.o
                0x000000000800ddd4                Virtual_Com_Port_ConfigDescriptor
 .rodata._ctype_
                0x000000000800de18      0x104 /Users/imac/Develop/stm32f4/arm_gcc/gcc-arm-none-eabi-4_7-2013q3/bin/../lib/gcc/arm-none-eabi/4.7.4/../../../../arm-none-eabi/lib/armv7-m/libc.a(lib_a-ctype_.o)
                0x000000000800de18                _ctype_
 .rodata.str1.4
                0x000000000800df1c        0x2 /Users/imac/Develop/stm32f4/arm_gcc/gcc-arm-none-eabi-4_7-2013q3/bin/../lib/gcc/arm-none-eabi/4.7.4/../../../../arm-none-eabi/lib/armv7-m/libc.a(lib_a-impure.o)
                                          0x4 (size before relaxing)
 *fill*         0x000000000800df1e        0x2 00
 .rodata.basefix.6637
                0x000000000800df20       0x24 /Users/imac/Develop/stm32f4/arm_gcc/gcc-arm-none-eabi-4_7-2013q3/bin/../lib/gcc/arm-none-eabi/4.7.4/../../../../arm-none-eabi/lib/armv7-m/libc.a(lib_a-svfscanf.o)
 .rodata.str1.4
                0x000000000800df44        0x5 /Users/imac/Develop/stm32f4/arm_gcc/gcc-arm-none-eabi-4_7-2013q3/bin/../lib/gcc/arm-none-eabi/4.7.4/../../../../arm-none-eabi/lib/armv7-m/libc.a(lib_a-svfscanf.o)
                                          0x8 (size before relaxing)
 *fill*         0x000000000800df49        0x3 00
 .rodata.str1.4
                0x000000000800df4c        0xa /Users/imac/Develop/stm32f4/arm_gcc/gcc-arm-none-eabi-4_7-2013q3/bin/../lib/gcc/arm-none-eabi/4.7.4/../../../../arm-none-eabi/lib/armv7-m/libc.a(lib_a-locale.o)
                                         0x14 (size before relaxing)
 .rodata.str1.4
                0x0000000000000000        0x4 /Users/imac/Develop/stm32f4/arm_gcc/gcc-arm-none-eabi-4_7-2013q3/bin/../lib/gcc/arm-none-eabi/4.7.4/../../../../arm-none-eabi/lib/armv7-m/libc.a(lib_a-mbrtowc.o)
 *fill*         0x000000000800df56        0x2 00
 .rodata.str1.4
                0x000000000800df58        0xf /Users/imac/Develop/stm32f4/arm_gcc/gcc-arm-none-eabi-4_7-2013q3/bin/../lib/gcc/arm-none-eabi/4.7.4/../../../../arm-none-eabi/lib/armv7-m/libc.a(lib_a-strtod.o)
                                         0x10 (size before relaxing)
 *fill*         0x000000000800df67        0x1 00
 .rodata.tinytens
                0x000000000800df68       0x28 /Users/imac/Develop/stm32f4/arm_gcc/gcc-arm-none-eabi-4_7-2013q3/bin/../lib/gcc/arm-none-eabi/4.7.4/../../../../arm-none-eabi/lib/armv7-m/libc.a(lib_a-strtod.o)
 .rodata.str1.4
                0x000000000800df90       0x42 /Users/imac/Develop/stm32f4/arm_gcc/gcc-arm-none-eabi-4_7-2013q3/bin/../lib/gcc/arm-none-eabi/4.7.4/../../../../arm-none-eabi/lib/armv7-m/libc.a(lib_a-svfprintf.o)
                                         0x44 (size before relaxing)
 *fill*         0x000000000800dfd2        0x2 00
 .rodata.zeroes.6721
                0x000000000800dfd4       0x10 /Users/imac/Develop/stm32f4/arm_gcc/gcc-arm-none-eabi-4_7-2013q3/bin/../lib/gcc/arm-none-eabi/4.7.4/../../../../arm-none-eabi/lib/armv7-m/libc.a(lib_a-svfprintf.o)
 .rodata.blanks.6720
                0x000000000800dfe4       0x10 /Users/imac/Develop/stm32f4/arm_gcc/gcc-arm-none-eabi-4_7-2013q3/bin/../lib/gcc/arm-none-eabi/4.7.4/../../../../arm-none-eabi/lib/armv7-m/libc.a(lib_a-svfprintf.o)
 .rodata.str1.4
                0x000000000800dff4       0x10 /Users/imac/Develop/stm32f4/arm_gcc/gcc-arm-none-eabi-4_7-2013q3/bin/../lib/gcc/arm-none-eabi/4.7.4/../../../../arm-none-eabi/lib/armv7-m/libc.a(lib_a-dtoa.o)
                                         0x14 (size before relaxing)
 .rodata.str1.4
                0x000000000800e004       0x1c /Users/imac/Develop/stm32f4/arm_gcc/gcc-arm-none-eabi-4_7-2013q3/bin/../lib/gcc/arm-none-eabi/4.7.4/../../../../arm-none-eabi/lib/armv7-m/libc.a(lib_a-gdtoa-gethex.o)
 .rodata.p05.5242
                0x000000000800e020        0xc /Users/imac/Develop/stm32f4/arm_gcc/gcc-arm-none-eabi-4_7-2013q3/bin/../lib/gcc/arm-none-eabi/4.7.4/../../../../arm-none-eabi/lib/armv7-m/libc.a(lib_a-mprec.o)
 *fill*         0x000000000800e02c        0x4 00
 .rodata.__mprec_tens
                0x000000000800e030       0xc8 /Users/imac/Develop/stm32f4/arm_gcc/gcc-arm-none-eabi-4_7-2013q3/bin/../lib/gcc/arm-none-eabi/4.7.4/../../../../arm-none-eabi/lib/armv7-m/libc.a(lib_a-mprec.o)
                0x000000000800e030                __mprec_tens
 .rodata.__mprec_bigtens
                0x000000000800e0f8       0x28 /Users/imac/Develop/stm32f4/arm_gcc/gcc-arm-none-eabi-4_7-2013q3/bin/../lib/gcc/arm-none-eabi/4.7.4/../../../../arm-none-eabi/lib/armv7-m/libc.a(lib_a-mprec.o)
                0x000000000800e0f8                __mprec_bigtens
 *(.glue_7 .glue_7t)
 .glue_7        0x0000000000000000        0x0 linker stubs
 .glue_7t       0x0000000000000000        0x0 linker stubs
                0x000000000800e120                . = ALIGN (0x4)

.vfp11_veneer   0x000000000800e120        0x0
 .vfp11_veneer  0x0000000000000000        0x0 linker stubs

.v4_bx          0x000000000800e120        0x0
 .v4_bx         0x0000000000000000        0x0 linker stubs

.iplt           0x000000000800e120        0x0
 .iplt          0x0000000000000000        0x0 main.o

.ARM.extab
 *(.ARM.extab* .gnu.linkonce.armextab.*)

.ARM            0x000000000800e120        0x8
                0x000000000800e120                __exidx_start = .
 *(.ARM.exidx*)
 .ARM.exidx     0x000000000800e120        0x8 /Users/imac/Develop/stm32f4/arm_gcc/gcc-arm-none-eabi-4_7-2013q3/bin/../lib/gcc/arm-none-eabi/4.7.4/armv7-m/libgcc.a(_divdi3.o)
 .ARM.exidx     0x000000000800e128        0x0 /Users/imac/Develop/stm32f4/arm_gcc/gcc-arm-none-eabi-4_7-2013q3/bin/../lib/gcc/arm-none-eabi/4.7.4/armv7-m/libgcc.a(_udivdi3.o)
                                          0x8 (size before relaxing)
                0x000000000800e128                __exidx_end = .
                0x000000000800e128                _etext = .
                0x000000000800e128                _sidata = _etext

.rel.dyn        0x000000000800e128        0x0
 .rel.iplt      0x0000000000000000        0x0 main.o

.data           0x0000000020000000      0x9ac load address 0x000000000800e128
                0x0000000020000000                . = .
                0x0000000020000000                . = ALIGN (0x4)
                0x0000000020000000                _sdata = .
                0x0000000020000000                . = ALIGN (0x80)
                0x0000000000000000                _isr_vectorsram_offs = (. - 0x20000000)
 *(.isr_vectorsram)
                0x0000000020000000                . = ALIGN (0x4)
 *(.ramfunc*)
                0x0000000020000000                . = ALIGN (0x4)
 *(.data .data.* .gnu.linkonce.d.*)
 .data.Virtual_Com_Port_StringSerial
                0x0000000020000000       0x1c usb_desc.o
                0x0000000020000000                Virtual_Com_Port_StringSerial
 .data.pEpInt_IN
                0x000000002000001c       0x1c usb_istr.o
                0x000000002000001c                pEpInt_IN
 .data.pEpInt_OUT
                0x0000000020000038       0x1c usb_istr.o
                0x0000000020000038                pEpInt_OUT
 .data.Config_Descriptor
                0x0000000020000054        0x8 usb_prop.o
                0x0000000020000054                Config_Descriptor
 .data.Device_Property
                0x000000002000005c       0x30 usb_prop.o
                0x000000002000005c                Device_Property
 .data.User_Standard_Requests
                0x000000002000008c       0x24 usb_prop.o
                0x000000002000008c                User_Standard_Requests
 .data.Device_Descriptor
                0x00000000200000b0        0x8 usb_prop.o
                0x00000000200000b0                Device_Descriptor
 .data.String_Descriptor
                0x00000000200000b8       0x20 usb_prop.o
                0x00000000200000b8                String_Descriptor
 .data.linecoding
                0x00000000200000d8        0x8 usb_prop.o
                0x00000000200000d8                linecoding
 .data.Device_Table
                0x00000000200000e0        0x4 usb_prop.o
                0x00000000200000e0                Device_Table
 .data.__ctype_ptr__
                0x00000000200000e4        0x4 /Users/imac/Develop/stm32f4/arm_gcc/gcc-arm-none-eabi-4_7-2013q3/bin/../lib/gcc/arm-none-eabi/4.7.4/../../../../arm-none-eabi/lib/armv7-m/libc.a(lib_a-ctype_.o)
                0x00000000200000e4                __ctype_ptr__
 .data.impure_data
                0x00000000200000e8      0x428 /Users/imac/Develop/stm32f4/arm_gcc/gcc-arm-none-eabi-4_7-2013q3/bin/../lib/gcc/arm-none-eabi/4.7.4/../../../../arm-none-eabi/lib/armv7-m/libc.a(lib_a-impure.o)
 .data._impure_ptr
                0x0000000020000510        0x4 /Users/imac/Develop/stm32f4/arm_gcc/gcc-arm-none-eabi-4_7-2013q3/bin/../lib/gcc/arm-none-eabi/4.7.4/../../../../arm-none-eabi/lib/armv7-m/libc.a(lib_a-impure.o)
                0x0000000020000510                _impure_ptr
 .data.lconv    0x0000000020000514       0x38 /Users/imac/Develop/stm32f4/arm_gcc/gcc-arm-none-eabi-4_7-2013q3/bin/../lib/gcc/arm-none-eabi/4.7.4/../../../../arm-none-eabi/lib/armv7-m/libc.a(lib_a-locale.o)
 .data.lc_ctype_charset
                0x000000002000054c       0x20 /Users/imac/Develop/stm32f4/arm_gcc/gcc-arm-none-eabi-4_7-2013q3/bin/../lib/gcc/arm-none-eabi/4.7.4/../../../../arm-none-eabi/lib/armv7-m/libc.a(lib_a-locale.o)
 .data.__mb_cur_max
                0x000000002000056c        0x4 /Users/imac/Develop/stm32f4/arm_gcc/gcc-arm-none-eabi-4_7-2013q3/bin/../lib/gcc/arm-none-eabi/4.7.4/../../../../arm-none-eabi/lib/armv7-m/libc.a(lib_a-locale.o)
                0x000000002000056c                __mb_cur_max
 .data.__malloc_av_
                0x0000000020000570      0x408 /Users/imac/Develop/stm32f4/arm_gcc/gcc-arm-none-eabi-4_7-2013q3/bin/../lib/gcc/arm-none-eabi/4.7.4/../../../../arm-none-eabi/lib/armv7-m/libc.a(lib_a-mallocr.o)
                0x0000000020000570                __malloc_av_
 .data.__malloc_trim_threshold
                0x0000000020000978        0x4 /Users/imac/Develop/stm32f4/arm_gcc/gcc-arm-none-eabi-4_7-2013q3/bin/../lib/gcc/arm-none-eabi/4.7.4/../../../../arm-none-eabi/lib/armv7-m/libc.a(lib_a-mallocr.o)
                0x0000000020000978                __malloc_trim_threshold
 .data.__malloc_sbrk_base
                0x000000002000097c        0x4 /Users/imac/Develop/stm32f4/arm_gcc/gcc-arm-none-eabi-4_7-2013q3/bin/../lib/gcc/arm-none-eabi/4.7.4/../../../../arm-none-eabi/lib/armv7-m/libc.a(lib_a-mallocr.o)
                0x000000002000097c                __malloc_sbrk_base
 .data.__mbtowc
                0x0000000020000980        0x4 /Users/imac/Develop/stm32f4/arm_gcc/gcc-arm-none-eabi-4_7-2013q3/bin/../lib/gcc/arm-none-eabi/4.7.4/../../../../arm-none-eabi/lib/armv7-m/libc.a(lib_a-mbtowc_r.o)
                0x0000000020000980                __mbtowc
 .data.fpi.5202
                0x0000000020000984       0x14 /Users/imac/Develop/stm32f4/arm_gcc/gcc-arm-none-eabi-4_7-2013q3/bin/../lib/gcc/arm-none-eabi/4.7.4/../../../../arm-none-eabi/lib/armv7-m/libc.a(lib_a-strtod.o)
 .data.fpinan.5238
                0x0000000020000998       0x14 /Users/imac/Develop/stm32f4/arm_gcc/gcc-arm-none-eabi-4_7-2013q3/bin/../lib/gcc/arm-none-eabi/4.7.4/../../../../arm-none-eabi/lib/armv7-m/libc.a(lib_a-strtod.o)
                0x00000000200009ac                . = ALIGN (0x4)
                0x00000000200009ac                _edata = .

.igot.plt       0x00000000200009ac        0x0 load address 0x000000000800ead4
 .igot.plt      0x0000000000000000        0x0 main.o

.bss            0x0000000020000a00     0x1348 load address 0x000000000800ec00
                0x0000000020000a00                . = ALIGN (0x4)
                0x0000000020000a00                _sbss = .
 *(.bss .bss.*)
 .bss.Ap_StrCmd_EchoEnable
                0x0000000020000a00        0x1 Ap_StrCmd.o
                0x0000000020000a00                Ap_StrCmd_EchoEnable
 *fill*         0x0000000020000a01        0x3 00
 .bss.heap_end.4952
                0x0000000020000a04        0x4 Lb_Util.o
 .bss.StrPrintBufIndex
                0x0000000020000a08        0x4 Lb_Printf.o
                0x0000000020000a08                StrPrintBufIndex
 .bss.StrPrintMode
                0x0000000020000a0c        0x1 Lb_Printf.o
                0x0000000020000a0c                StrPrintMode
 .bss.Excute.4406
                0x0000000020000a0d        0x1 Hw_Timer.o
 *fill*         0x0000000020000a0e        0x2 00
 .bss.Timer_Tbl
                0x0000000020000a10       0xa0 Hw_Timer.o
 .bss.Hw_Timer_Counter
                0x0000000020000ab0        0x4 Hw_Timer.o
 .bss.Tmr_Ctn   0x0000000020000ab4        0x2 Hw_Timer.o
 .bss.Cnt.4396  0x0000000020000ab6        0x2 Hw_DcMotor.o
 .bss.FrameCount.4854
                0x0000000020000ab8        0x4 usb_endp.o
 .bss.wCNTR     0x0000000020000abc        0x4 usb_istr.o
                0x0000000020000abc                wCNTR
 .bss.bIntPackSOF
                0x0000000020000ac0        0x1 usb_istr.o
                0x0000000020000ac0                bIntPackSOF
 *fill*         0x0000000020000ac1        0x3 00
 .bss.esof_counter
                0x0000000020000ac4        0x4 usb_istr.o
                0x0000000020000ac4                esof_counter
 .bss.Request   0x0000000020000ac8        0x1 usb_prop.o
                0x0000000020000ac8                Request
 *fill*         0x0000000020000ac9        0x3 00
 .bss.bDeviceState
                0x0000000020000acc        0x4 usb_pwr.o
                0x0000000020000acc                bDeviceState
 .bss.fSuspendEnabled
                0x0000000020000ad0        0x1 usb_pwr.o
                0x0000000020000ad0                fSuspendEnabled
 *fill*         0x0000000020000ad1        0x3 00
 .bss.remotewakeupon
                0x0000000020000ad4        0x4 usb_pwr.o
                0x0000000020000ad4                remotewakeupon
 .bss.USB_Tx_State
                0x0000000020000ad8        0x1 hw_config.o
                0x0000000020000ad8                USB_Tx_State
 *fill*         0x0000000020000ad9        0x3 00
 .bss.USART_Rx_ptr_in
                0x0000000020000adc        0x4 hw_config.o
                0x0000000020000adc                USART_Rx_ptr_in
 .bss.USART_Rx_ptr_out
                0x0000000020000ae0        0x4 hw_config.o
                0x0000000020000ae0                USART_Rx_ptr_out
 .bss.USART_Rx_length
                0x0000000020000ae4        0x4 hw_config.o
                0x0000000020000ae4                USART_Rx_length
 .bss.Data_Mul_MaxPacketSize
                0x0000000020000ae8        0x1 usb_core.o
                0x0000000020000ae8                Data_Mul_MaxPacketSize
 *fill*         0x0000000020000ae9        0x3 00
 .bss.__malloc_max_total_mem
                0x0000000020000aec        0x4 /Users/imac/Develop/stm32f4/arm_gcc/gcc-arm-none-eabi-4_7-2013q3/bin/../lib/gcc/arm-none-eabi/4.7.4/../../../../arm-none-eabi/lib/armv7-m/libc.a(lib_a-mallocr.o)
                0x0000000020000aec                __malloc_max_total_mem
 .bss.__malloc_max_sbrked_mem
                0x0000000020000af0        0x4 /Users/imac/Develop/stm32f4/arm_gcc/gcc-arm-none-eabi-4_7-2013q3/bin/../lib/gcc/arm-none-eabi/4.7.4/../../../../arm-none-eabi/lib/armv7-m/libc.a(lib_a-mallocr.o)
                0x0000000020000af0                __malloc_max_sbrked_mem
 .bss.__malloc_top_pad
                0x0000000020000af4        0x4 /Users/imac/Develop/stm32f4/arm_gcc/gcc-arm-none-eabi-4_7-2013q3/bin/../lib/gcc/arm-none-eabi/4.7.4/../../../../arm-none-eabi/lib/armv7-m/libc.a(lib_a-mallocr.o)
                0x0000000020000af4                __malloc_top_pad
 .bss.__malloc_current_mallinfo
                0x0000000020000af8       0x28 /Users/imac/Develop/stm32f4/arm_gcc/gcc-arm-none-eabi-4_7-2013q3/bin/../lib/gcc/arm-none-eabi/4.7.4/../../../../arm-none-eabi/lib/armv7-m/libc.a(lib_a-mallocr.o)
                0x0000000020000af8                __malloc_current_mallinfo
 *(COMMON)
 COMMON         0x0000000020000b20      0x3fd Ap_StrCmd.o
                0x0000000020000b20                Ap_StrCmd_Dic_Ptr
                0x0000000020000e90                Ap_StrCmd_CmdStrExe
                0x0000000020000ecc                Ap_StrCmd_ChSize
                0x0000000020000ece                Ap_StrCmd_CmdCheck
                0x0000000020000ed0                Ap_StrCmd_CmdStr
                0x0000000020000f0c                Ap_StrCmd_DlyCheck
                0x0000000020000f10                Ap_StrCmd_PrintPtr
                0x0000000020000f14                Ap_StrCmd_Size
                0x0000000020000f18                Ap_StrCmd_PutchPtr
                0x0000000020000f1c                Ap_StrCmd_LoopCheck
 *fill*         0x0000000020000f1d        0x3 00
 COMMON         0x0000000020000f20      0x172 Ap_StrCmd_Q.o
                0x0000000020000f20                Ap_StrCmd_Q_Start
                0x0000000020000f24                Ap_StrCmd_Q_Buffer
                0x000000002000108c                Ap_StrCmd_Q_End
                0x0000000020001090                Ap_StrCmd_Q_Size
 *fill*         0x0000000020001092        0x2 00
 COMMON         0x0000000020001094        0x4 Lb_Printf.o
                0x0000000020001094                pStrPrintBuf
 COMMON         0x0000000020001098       0x48 Hw_Uart.o
                0x0000000020001098                Hw_Uart_Ch
 COMMON         0x00000000200010e0      0x116 Hw_Uart_Q.o
                0x00000000200010e0                Hw_Uart_Q_Buffer
                0x00000000200011c8                Hw_Uart_Q_Size
                0x00000000200011d8                Hw_Uart_Q_End
                0x00000000200011e8                Hw_Uart_Q_Start
 *fill*         0x00000000200011f6        0xa 00
 COMMON         0x0000000020001200      0x190 Hw_ISR.o
                0x0000000020001200                Hw_ISR_VectorTable
 COMMON         0x0000000020001390        0x4 Hw_VCom.o
                0x0000000020001390                Hw_VCom_RxdFuncPtr
 COMMON         0x0000000020001394        0xc Hw_DcMotor.o
                0x0000000020001394                Hw_DcMotor_State
 COMMON         0x00000000200013a0       0x40 usb_endp.o
                0x00000000200013a0                USB_Rx_Buffer
 COMMON         0x00000000200013e0        0x2 usb_istr.o
                0x00000000200013e0                wIstr
 *fill*         0x00000000200013e2        0x2 00
 COMMON         0x00000000200013e4       0x24 usb_pwr.o
                0x00000000200013e4                ResumeS
                0x00000000200013e8                EP
 COMMON         0x0000000020001408      0x800 hw_config.o
                0x0000000020001408                USART_Rx_Buffer
 COMMON         0x0000000020001c08        0x2 usb_core.o
                0x0000000020001c08                StatusInfo
 *fill*         0x0000000020001c0a        0x2 00
 COMMON         0x0000000020001c0c       0x32 usb_init.o
                0x0000000020001c0c                SaveState
                0x0000000020001c10                pProperty
                0x0000000020001c14                EPindex
                0x0000000020001c18                Device_Info
                0x0000000020001c34                pUser_Standard_Requests
                0x0000000020001c38                pInformation
                0x0000000020001c3c                wInterrupt_Mask
 COMMON         0x0000000020001c3e        0x4 usb_int.o
                0x0000000020001c3e                SaveRState
                0x0000000020001c40                SaveTState
 *fill*         0x0000000020001c42        0x2 00
 COMMON         0x0000000020001c44        0x4 /Users/imac/Develop/stm32f4/arm_gcc/gcc-arm-none-eabi-4_7-2013q3/bin/../lib/gcc/arm-none-eabi/4.7.4/../../../../arm-none-eabi/lib/armv7-m/libc.a(lib_a-reent.o)
                0x0000000020001c44                errno
 COMMON         0x0000000020001c48      0x100 /Users/imac/Develop/stm32f4/arm_gcc/gcc-arm-none-eabi-4_7-2013q3/bin/../lib/gcc/arm-none-eabi/4.7.4/../../../../arm-none-eabi/lib/armv7-m/libc.a(lib_a-gdtoa-gethex.o)
                0x0000000020001c48                __hexdig
                0x0000000020001d48                . = ALIGN (0x4)
                0x0000000020001d48                _ebss = .
                0x0000000020001d48                PROVIDE (end, _ebss)
                0x0000000020001d48                PROVIDE (_end, _ebss)
                0x0000000020001d48                . = ALIGN (0x4)
                0x0000000020001e00                . = ALIGN (0x100)

._usrstack      0x0000000020001d48      0x100 load address 0x000000000800ff48
                0x0000000020001d48                . = ALIGN (0x4)
                0x0000000020001d48                _susrstack = .
                0x0000000020001e48                . = (. + _Minimum_Stack_Size)
 *fill*         0x0000000020001d48      0x100 00
                0x0000000020001e48                . = ALIGN (0x4)
                0x0000000020001e48                _eusrstack = .

.ARM.attributes
                0x0000000000000000       0x33
 *(.ARM.attributes)
 .ARM.attributes
                0x0000000000000000       0x33 main.o
 .ARM.attributes
                0x0000000000000033       0x33 Ap.o
 .ARM.attributes
                0x0000000000000066       0x33 Ap_StrCmd.o
 .ARM.attributes
                0x0000000000000099       0x33 Ap_StrCmd_Q.o
 .ARM.attributes
                0x00000000000000cc       0x33 Ap_StrCmd_List.o
 .ARM.attributes
                0x00000000000000ff       0x33 Ap_StrCmd_MOVE.o
 .ARM.attributes
                0x0000000000000132       0x33 Lb_Util.o
 .ARM.attributes
                0x0000000000000165       0x33 Lb_Printf.o
 .ARM.attributes
                0x0000000000000198       0x33 Hw_StartUp.o
 .ARM.attributes
                0x00000000000001cb       0x33 Hw.o
 .ARM.attributes
                0x00000000000001fe       0x33 Hw_Uart.o
 .ARM.attributes
                0x0000000000000231       0x33 Hw_PLL.o
 .ARM.attributes
                0x0000000000000264       0x33 Hw_Led.o
 .ARM.attributes
                0x0000000000000297       0x33 Hw_Uart_Q.o
 .ARM.attributes
                0x00000000000002ca       0x33 Hw_ISR.o
 .ARM.attributes
                0x00000000000002fd       0x33 Hw_Timer.o
 .ARM.attributes
                0x0000000000000330       0x33 Hw_VCom.o
 .ARM.attributes
                0x0000000000000363       0x33 Hw_Adc.o
 .ARM.attributes
                0x0000000000000396       0x33 Hw_DcMotor.o
 .ARM.attributes
                0x00000000000003c9       0x33 usb_desc.o
 .ARM.attributes
                0x00000000000003fc       0x33 usb_endp.o
 .ARM.attributes
                0x000000000000042f       0x33 usb_istr.o
 .ARM.attributes
                0x0000000000000462       0x33 usb_prop.o
 .ARM.attributes
                0x0000000000000495       0x33 usb_pwr.o
 .ARM.attributes
                0x00000000000004c8       0x33 hw_config.o
 .ARM.attributes
                0x00000000000004fb       0x33 usb_core.o
 .ARM.attributes
                0x000000000000052e       0x33 usb_init.o
 .ARM.attributes
                0x0000000000000561       0x33 usb_mem.o
 .ARM.attributes
                0x0000000000000594       0x33 usb_regs.o
 .ARM.attributes
                0x00000000000005c7       0x33 usb_sil.o
 .ARM.attributes
                0x00000000000005fa       0x33 usb_int.o
 .ARM.attributes
                0x000000000000062d       0x2d /Users/imac/Develop/stm32f4/arm_gcc/gcc-arm-none-eabi-4_7-2013q3/bin/../lib/gcc/arm-none-eabi/4.7.4/../../../../arm-none-eabi/lib/armv7-m/libc.a(lib_a-ctype_.o)
 .ARM.attributes
                0x000000000000065a       0x2d /Users/imac/Develop/stm32f4/arm_gcc/gcc-arm-none-eabi-4_7-2013q3/bin/../lib/gcc/arm-none-eabi/4.7.4/../../../../arm-none-eabi/lib/armv7-m/libc.a(lib_a-errno.o)
 .ARM.attributes
                0x0000000000000687       0x2d /Users/imac/Develop/stm32f4/arm_gcc/gcc-arm-none-eabi-4_7-2013q3/bin/../lib/gcc/arm-none-eabi/4.7.4/../../../../arm-none-eabi/lib/armv7-m/libc.a(lib_a-impure.o)
 .ARM.attributes
                0x00000000000006b4       0x2d /Users/imac/Develop/stm32f4/arm_gcc/gcc-arm-none-eabi-4_7-2013q3/bin/../lib/gcc/arm-none-eabi/4.7.4/../../../../arm-none-eabi/lib/armv7-m/libc.a(lib_a-sscanf.o)
 .ARM.attributes
                0x00000000000006e1       0x2d /Users/imac/Develop/stm32f4/arm_gcc/gcc-arm-none-eabi-4_7-2013q3/bin/../lib/gcc/arm-none-eabi/4.7.4/../../../../arm-none-eabi/lib/armv7-m/libc.a(lib_a-stdio.o)
 .ARM.attributes
                0x000000000000070e       0x2d /Users/imac/Develop/stm32f4/arm_gcc/gcc-arm-none-eabi-4_7-2013q3/bin/../lib/gcc/arm-none-eabi/4.7.4/../../../../arm-none-eabi/lib/armv7-m/libc.a(lib_a-strcmp.o)
 .ARM.attributes
                0x000000000000073b       0x2d /Users/imac/Develop/stm32f4/arm_gcc/gcc-arm-none-eabi-4_7-2013q3/bin/../lib/gcc/arm-none-eabi/4.7.4/../../../../arm-none-eabi/lib/armv7-m/libc.a(lib_a-strlen.o)
 .ARM.attributes
                0x0000000000000768       0x2d /Users/imac/Develop/stm32f4/arm_gcc/gcc-arm-none-eabi-4_7-2013q3/bin/../lib/gcc/arm-none-eabi/4.7.4/../../../../arm-none-eabi/lib/armv7-m/libc.a(lib_a-strncmp.o)
 .ARM.attributes
                0x0000000000000795       0x2d /Users/imac/Develop/stm32f4/arm_gcc/gcc-arm-none-eabi-4_7-2013q3/bin/../lib/gcc/arm-none-eabi/4.7.4/../../../../arm-none-eabi/lib/armv7-m/libc.a(lib_a-strtok.o)
 .ARM.attributes
                0x00000000000007c2       0x2d /Users/imac/Develop/stm32f4/arm_gcc/gcc-arm-none-eabi-4_7-2013q3/bin/../lib/gcc/arm-none-eabi/4.7.4/../../../../arm-none-eabi/lib/armv7-m/libc.a(lib_a-strtok_r.o)
 .ARM.attributes
                0x00000000000007ef       0x2d /Users/imac/Develop/stm32f4/arm_gcc/gcc-arm-none-eabi-4_7-2013q3/bin/../lib/gcc/arm-none-eabi/4.7.4/../../../../arm-none-eabi/lib/armv7-m/libc.a(lib_a-svfscanf.o)
 .ARM.attributes
                0x000000000000081c       0x2d /Users/imac/Develop/stm32f4/arm_gcc/gcc-arm-none-eabi-4_7-2013q3/bin/../lib/gcc/arm-none-eabi/4.7.4/../../../../arm-none-eabi/lib/armv7-m/libc.a(lib_a-findfp.o)
 .ARM.attributes
                0x0000000000000849       0x2d /Users/imac/Develop/stm32f4/arm_gcc/gcc-arm-none-eabi-4_7-2013q3/bin/../lib/gcc/arm-none-eabi/4.7.4/../../../../arm-none-eabi/lib/armv7-m/libc.a(lib_a-iswspace.o)
 .ARM.attributes
                0x0000000000000876       0x2d /Users/imac/Develop/stm32f4/arm_gcc/gcc-arm-none-eabi-4_7-2013q3/bin/../lib/gcc/arm-none-eabi/4.7.4/../../../../arm-none-eabi/lib/armv7-m/libc.a(lib_a-locale.o)
 .ARM.attributes
                0x00000000000008a3       0x2d /Users/imac/Develop/stm32f4/arm_gcc/gcc-arm-none-eabi-4_7-2013q3/bin/../lib/gcc/arm-none-eabi/4.7.4/../../../../arm-none-eabi/lib/armv7-m/libc.a(lib_a-mallocr.o)
 .ARM.attributes
                0x00000000000008d0       0x2d /Users/imac/Develop/stm32f4/arm_gcc/gcc-arm-none-eabi-4_7-2013q3/bin/../lib/gcc/arm-none-eabi/4.7.4/../../../../arm-none-eabi/lib/armv7-m/libc.a(lib_a-mbrtowc.o)
 .ARM.attributes
                0x00000000000008fd       0x2d /Users/imac/Develop/stm32f4/arm_gcc/gcc-arm-none-eabi-4_7-2013q3/bin/../lib/gcc/arm-none-eabi/4.7.4/../../../../arm-none-eabi/lib/armv7-m/libc.a(lib_a-mbtowc_r.o)
 .ARM.attributes
                0x000000000000092a       0x2d /Users/imac/Develop/stm32f4/arm_gcc/gcc-arm-none-eabi-4_7-2013q3/bin/../lib/gcc/arm-none-eabi/4.7.4/../../../../arm-none-eabi/lib/armv7-m/libc.a(lib_a-memset.o)
 .ARM.attributes
                0x0000000000000957       0x2d /Users/imac/Develop/stm32f4/arm_gcc/gcc-arm-none-eabi-4_7-2013q3/bin/../lib/gcc/arm-none-eabi/4.7.4/../../../../arm-none-eabi/lib/armv7-m/libc.a(lib_a-mlock.o)
 .ARM.attributes
                0x0000000000000984       0x2d /Users/imac/Develop/stm32f4/arm_gcc/gcc-arm-none-eabi-4_7-2013q3/bin/../lib/gcc/arm-none-eabi/4.7.4/../../../../arm-none-eabi/lib/armv7-m/libc.a(lib_a-reent.o)
 .ARM.attributes
                0x00000000000009b1       0x2d /Users/imac/Develop/stm32f4/arm_gcc/gcc-arm-none-eabi-4_7-2013q3/bin/../lib/gcc/arm-none-eabi/4.7.4/../../../../arm-none-eabi/lib/armv7-m/libc.a(lib_a-s_fpclassify.o)
 .ARM.attributes
                0x00000000000009de       0x2d /Users/imac/Develop/stm32f4/arm_gcc/gcc-arm-none-eabi-4_7-2013q3/bin/../lib/gcc/arm-none-eabi/4.7.4/../../../../arm-none-eabi/lib/armv7-m/libc.a(lib_a-sbrkr.o)
 .ARM.attributes
                0x0000000000000a0b       0x2d /Users/imac/Develop/stm32f4/arm_gcc/gcc-arm-none-eabi-4_7-2013q3/bin/../lib/gcc/arm-none-eabi/4.7.4/../../../../arm-none-eabi/lib/armv7-m/libc.a(lib_a-sccl.o)
 .ARM.attributes
                0x0000000000000a38       0x2d /Users/imac/Develop/stm32f4/arm_gcc/gcc-arm-none-eabi-4_7-2013q3/bin/../lib/gcc/arm-none-eabi/4.7.4/../../../../arm-none-eabi/lib/armv7-m/libc.a(lib_a-sf_nan.o)
 .ARM.attributes
                0x0000000000000a65       0x2d /Users/imac/Develop/stm32f4/arm_gcc/gcc-arm-none-eabi-4_7-2013q3/bin/../lib/gcc/arm-none-eabi/4.7.4/../../../../arm-none-eabi/lib/armv7-m/libc.a(lib_a-sprintf.o)
 .ARM.attributes
                0x0000000000000a92       0x2d /Users/imac/Develop/stm32f4/arm_gcc/gcc-arm-none-eabi-4_7-2013q3/bin/../lib/gcc/arm-none-eabi/4.7.4/../../../../arm-none-eabi/lib/armv7-m/libc.a(lib_a-strtod.o)
 .ARM.attributes
                0x0000000000000abf       0x2d /Users/imac/Develop/stm32f4/arm_gcc/gcc-arm-none-eabi-4_7-2013q3/bin/../lib/gcc/arm-none-eabi/4.7.4/../../../../arm-none-eabi/lib/armv7-m/libc.a(lib_a-strtol.o)
 .ARM.attributes
                0x0000000000000aec       0x2d /Users/imac/Develop/stm32f4/arm_gcc/gcc-arm-none-eabi-4_7-2013q3/bin/../lib/gcc/arm-none-eabi/4.7.4/../../../../arm-none-eabi/lib/armv7-m/libc.a(lib_a-strtoll_r.o)
 .ARM.attributes
                0x0000000000000b19       0x2d /Users/imac/Develop/stm32f4/arm_gcc/gcc-arm-none-eabi-4_7-2013q3/bin/../lib/gcc/arm-none-eabi/4.7.4/../../../../arm-none-eabi/lib/armv7-m/libc.a(lib_a-strtoul.o)
 .ARM.attributes
                0x0000000000000b46       0x2d /Users/imac/Develop/stm32f4/arm_gcc/gcc-arm-none-eabi-4_7-2013q3/bin/../lib/gcc/arm-none-eabi/4.7.4/../../../../arm-none-eabi/lib/armv7-m/libc.a(lib_a-strtoull_r.o)
 .ARM.attributes
                0x0000000000000b73       0x2d /Users/imac/Develop/stm32f4/arm_gcc/gcc-arm-none-eabi-4_7-2013q3/bin/../lib/gcc/arm-none-eabi/4.7.4/../../../../arm-none-eabi/lib/armv7-m/libc.a(lib_a-svfiscanf.o)
 .ARM.attributes
                0x0000000000000ba0       0x2d /Users/imac/Develop/stm32f4/arm_gcc/gcc-arm-none-eabi-4_7-2013q3/bin/../lib/gcc/arm-none-eabi/4.7.4/../../../../arm-none-eabi/lib/armv7-m/libc.a(lib_a-svfprintf.o)
 .ARM.attributes
                0x0000000000000bcd       0x2d /Users/imac/Develop/stm32f4/arm_gcc/gcc-arm-none-eabi-4_7-2013q3/bin/../lib/gcc/arm-none-eabi/4.7.4/../../../../arm-none-eabi/lib/armv7-m/libc.a(lib_a-ungetc.o)
 .ARM.attributes
                0x0000000000000bfa       0x2d /Users/imac/Develop/stm32f4/arm_gcc/gcc-arm-none-eabi-4_7-2013q3/bin/../lib/gcc/arm-none-eabi/4.7.4/../../../../arm-none-eabi/lib/armv7-m/libc.a(lib_a-dtoa.o)
 .ARM.attributes
                0x0000000000000c27       0x2d /Users/imac/Develop/stm32f4/arm_gcc/gcc-arm-none-eabi-4_7-2013q3/bin/../lib/gcc/arm-none-eabi/4.7.4/../../../../arm-none-eabi/lib/armv7-m/libc.a(lib_a-freer.o)
 .ARM.attributes
                0x0000000000000c54       0x2d /Users/imac/Develop/stm32f4/arm_gcc/gcc-arm-none-eabi-4_7-2013q3/bin/../lib/gcc/arm-none-eabi/4.7.4/../../../../arm-none-eabi/lib/armv7-m/libc.a(lib_a-gdtoa-gethex.o)
 .ARM.attributes
                0x0000000000000c81       0x2d /Users/imac/Develop/stm32f4/arm_gcc/gcc-arm-none-eabi-4_7-2013q3/bin/../lib/gcc/arm-none-eabi/4.7.4/../../../../arm-none-eabi/lib/armv7-m/libc.a(lib_a-gdtoa-hexnan.o)
 .ARM.attributes
                0x0000000000000cae       0x2d /Users/imac/Develop/stm32f4/arm_gcc/gcc-arm-none-eabi-4_7-2013q3/bin/../lib/gcc/arm-none-eabi/4.7.4/../../../../arm-none-eabi/lib/armv7-m/libc.a(lib_a-memchr.o)
 .ARM.attributes
                0x0000000000000cdb       0x2d /Users/imac/Develop/stm32f4/arm_gcc/gcc-arm-none-eabi-4_7-2013q3/bin/../lib/gcc/arm-none-eabi/4.7.4/../../../../arm-none-eabi/lib/armv7-m/libc.a(lib_a-memcpy.o)
 .ARM.attributes
                0x0000000000000d08       0x2d /Users/imac/Develop/stm32f4/arm_gcc/gcc-arm-none-eabi-4_7-2013q3/bin/../lib/gcc/arm-none-eabi/4.7.4/../../../../arm-none-eabi/lib/armv7-m/libc.a(lib_a-mprec.o)
 .ARM.attributes
                0x0000000000000d35       0x2d /Users/imac/Develop/stm32f4/arm_gcc/gcc-arm-none-eabi-4_7-2013q3/bin/../lib/gcc/arm-none-eabi/4.7.4/../../../../arm-none-eabi/lib/armv7-m/libc.a(lib_a-reallocr.o)
 .ARM.attributes
                0x0000000000000d62       0x2d /Users/imac/Develop/stm32f4/arm_gcc/gcc-arm-none-eabi-4_7-2013q3/bin/../lib/gcc/arm-none-eabi/4.7.4/../../../../arm-none-eabi/lib/armv7-m/libc.a(lib_a-svfiprintf.o)
 .ARM.attributes
                0x0000000000000d8f       0x2d /Users/imac/Develop/stm32f4/arm_gcc/gcc-arm-none-eabi-4_7-2013q3/bin/../lib/gcc/arm-none-eabi/4.7.4/../../../../arm-none-eabi/lib/armv7-m/libc.a(lib_a-callocr.o)
 .ARM.attributes
                0x0000000000000dbc       0x2d /Users/imac/Develop/stm32f4/arm_gcc/gcc-arm-none-eabi-4_7-2013q3/bin/../lib/gcc/arm-none-eabi/4.7.4/../../../../arm-none-eabi/lib/armv7-m/libc.a(lib_a-memmove.o)
 .ARM.attributes
                0x0000000000000de9       0x1d /Users/imac/Develop/stm32f4/arm_gcc/gcc-arm-none-eabi-4_7-2013q3/bin/../lib/gcc/arm-none-eabi/4.7.4/armv7-m/libgcc.a(_arm_addsubdf3.o)
 .ARM.attributes
                0x0000000000000e06       0x1d /Users/imac/Develop/stm32f4/arm_gcc/gcc-arm-none-eabi-4_7-2013q3/bin/../lib/gcc/arm-none-eabi/4.7.4/armv7-m/libgcc.a(_arm_muldivdf3.o)
 .ARM.attributes
                0x0000000000000e23       0x1d /Users/imac/Develop/stm32f4/arm_gcc/gcc-arm-none-eabi-4_7-2013q3/bin/../lib/gcc/arm-none-eabi/4.7.4/armv7-m/libgcc.a(_arm_cmpdf2.o)
 .ARM.attributes
                0x0000000000000e40       0x1d /Users/imac/Develop/stm32f4/arm_gcc/gcc-arm-none-eabi-4_7-2013q3/bin/../lib/gcc/arm-none-eabi/4.7.4/armv7-m/libgcc.a(_arm_fixdfsi.o)
 .ARM.attributes
                0x0000000000000e5d       0x1d /Users/imac/Develop/stm32f4/arm_gcc/gcc-arm-none-eabi-4_7-2013q3/bin/../lib/gcc/arm-none-eabi/4.7.4/armv7-m/libgcc.a(_arm_fixunsdfsi.o)
 .ARM.attributes
                0x0000000000000e7a       0x1d /Users/imac/Develop/stm32f4/arm_gcc/gcc-arm-none-eabi-4_7-2013q3/bin/../lib/gcc/arm-none-eabi/4.7.4/armv7-m/libgcc.a(_arm_truncdfsf2.o)
 .ARM.attributes
                0x0000000000000e97       0x1d /Users/imac/Develop/stm32f4/arm_gcc/gcc-arm-none-eabi-4_7-2013q3/bin/../lib/gcc/arm-none-eabi/4.7.4/armv7-m/libgcc.a(_aeabi_uldivmod.o)
 .ARM.attributes
                0x0000000000000eb4       0x2d /Users/imac/Develop/stm32f4/arm_gcc/gcc-arm-none-eabi-4_7-2013q3/bin/../lib/gcc/arm-none-eabi/4.7.4/armv7-m/libgcc.a(bpabi.o)
 .ARM.attributes
                0x0000000000000ee1       0x1d /Users/imac/Develop/stm32f4/arm_gcc/gcc-arm-none-eabi-4_7-2013q3/bin/../lib/gcc/arm-none-eabi/4.7.4/armv7-m/libgcc.a(_dvmd_tls.o)
 .ARM.attributes
                0x0000000000000efe       0x2d /Users/imac/Develop/stm32f4/arm_gcc/gcc-arm-none-eabi-4_7-2013q3/bin/../lib/gcc/arm-none-eabi/4.7.4/armv7-m/libgcc.a(_divdi3.o)
 .ARM.attributes
                0x0000000000000f2b       0x2d /Users/imac/Develop/stm32f4/arm_gcc/gcc-arm-none-eabi-4_7-2013q3/bin/../lib/gcc/arm-none-eabi/4.7.4/armv7-m/libgcc.a(_udivdi3.o)
                0x0000000000000400                __Stack_Size = 0x400
                0x0000000000000400                PROVIDE (_Stack_Size, __Stack_Size)
                0x0000000020004c00                __Stack_Init = (_estack - __Stack_Size)
                0x0000000020004c00                PROVIDE (_Stack_Init, __Stack_Init)
OUTPUT(main.elf elf32-littlearm)

.debug_info     0x0000000000000000     0x7dd3
 .debug_info    0x0000000000000000      0x1b6 main.o
 .debug_info    0x00000000000001b6       0x91 Ap.o
 .debug_info    0x0000000000000247      0xe78 Ap_StrCmd.o
 .debug_info    0x00000000000010bf      0x2d4 Ap_StrCmd_Q.o
 .debug_info    0x0000000000001393       0xb4 Ap_StrCmd_List.o
 .debug_info    0x0000000000001447      0x1db Ap_StrCmd_MOVE.o
 .debug_info    0x0000000000001622      0x2e1 Lb_Util.o
 .debug_info    0x0000000000001903      0x9b8 Lb_Printf.o
 .debug_info    0x00000000000022bb      0x14a Hw_StartUp.o
 .debug_info    0x0000000000002405      0x152 Hw.o
 .debug_info    0x0000000000002557      0x674 Hw_Uart.o
 .debug_info    0x0000000000002bcb       0x7e Hw_PLL.o
 .debug_info    0x0000000000002c49      0x17c Hw_Led.o
 .debug_info    0x0000000000002dc5      0x282 Hw_Uart_Q.o
 .debug_info    0x0000000000003047      0x160 Hw_ISR.o
 .debug_info    0x00000000000031a7      0x3b1 Hw_Timer.o
 .debug_info    0x0000000000003558      0x199 Hw_VCom.o
 .debug_info    0x00000000000036f1      0x172 Hw_Adc.o
 .debug_info    0x0000000000003863      0x518 Hw_DcMotor.o
 .debug_info    0x0000000000003d7b      0x154 usb_desc.o
 .debug_info    0x0000000000003ecf      0x22f usb_endp.o
 .debug_info    0x00000000000040fe      0x372 usb_istr.o
 .debug_info    0x0000000000004470      0xad9 usb_prop.o
 .debug_info    0x0000000000004f49      0x34a usb_pwr.o
 .debug_info    0x0000000000005293      0x680 hw_config.o
 .debug_info    0x0000000000005913      0xddb usb_core.o
 .debug_info    0x00000000000066ee      0x46d usb_init.o
 .debug_info    0x0000000000006b5b      0x194 usb_mem.o
 .debug_info    0x0000000000006cef      0xd92 usb_regs.o
 .debug_info    0x0000000000007a81      0x1b9 usb_sil.o
 .debug_info    0x0000000000007c3a      0x199 usb_int.o

.debug_abbrev   0x0000000000000000     0x2ceb
 .debug_abbrev  0x0000000000000000       0xfa main.o
 .debug_abbrev  0x00000000000000fa       0x4d Ap.o
 .debug_abbrev  0x0000000000000147      0x40f Ap_StrCmd.o
 .debug_abbrev  0x0000000000000556      0x168 Ap_StrCmd_Q.o
 .debug_abbrev  0x00000000000006be       0x59 Ap_StrCmd_List.o
 .debug_abbrev  0x0000000000000717      0x103 Ap_StrCmd_MOVE.o
 .debug_abbrev  0x000000000000081a      0x1c4 Lb_Util.o
 .debug_abbrev  0x00000000000009de      0x32c Lb_Printf.o
 .debug_abbrev  0x0000000000000d0a       0xd0 Hw_StartUp.o
 .debug_abbrev  0x0000000000000dda       0xf1 Hw.o
 .debug_abbrev  0x0000000000000ecb      0x2bb Hw_Uart.o
 .debug_abbrev  0x0000000000001186       0x44 Hw_PLL.o
 .debug_abbrev  0x00000000000011ca      0x103 Hw_Led.o
 .debug_abbrev  0x00000000000012cd      0x130 Hw_Uart_Q.o
 .debug_abbrev  0x00000000000013fd       0xd1 Hw_ISR.o
 .debug_abbrev  0x00000000000014ce      0x1f9 Hw_Timer.o
 .debug_abbrev  0x00000000000016c7      0x121 Hw_VCom.o
 .debug_abbrev  0x00000000000017e8      0x118 Hw_Adc.o
 .debug_abbrev  0x0000000000001900      0x214 Hw_DcMotor.o
 .debug_abbrev  0x0000000000001b14       0x5d usb_desc.o
 .debug_abbrev  0x0000000000001b71       0xf2 usb_endp.o
 .debug_abbrev  0x0000000000001c63      0x138 usb_istr.o
 .debug_abbrev  0x0000000000001d9b      0x214 usb_prop.o
 .debug_abbrev  0x0000000000001faf      0x18b usb_pwr.o
 .debug_abbrev  0x000000000000213a      0x2c2 hw_config.o
 .debug_abbrev  0x00000000000023fc      0x383 usb_core.o
 .debug_abbrev  0x000000000000277f      0x10a usb_init.o
 .debug_abbrev  0x0000000000002889       0x96 usb_mem.o
 .debug_abbrev  0x000000000000291f      0x227 usb_regs.o
 .debug_abbrev  0x0000000000002b46       0xc7 usb_sil.o
 .debug_abbrev  0x0000000000002c0d       0xde usb_int.o

.debug_loc      0x0000000000000000     0x6058
 .debug_loc     0x0000000000000000       0xc1 main.o
 .debug_loc     0x00000000000000c1       0x20 Ap.o
 .debug_loc     0x00000000000000e1      0x925 Ap_StrCmd.o
 .debug_loc     0x0000000000000a06      0x1b9 Ap_StrCmd_Q.o
 .debug_loc     0x0000000000000bbf       0x20 Ap_StrCmd_List.o
 .debug_loc     0x0000000000000bdf       0xec Ap_StrCmd_MOVE.o
 .debug_loc     0x0000000000000ccb      0x293 Lb_Util.o
 .debug_loc     0x0000000000000f5e     0x175e Lb_Printf.o
 .debug_loc     0x00000000000026bc       0x6a Hw_StartUp.o
 .debug_loc     0x0000000000002726       0xbf Hw.o
 .debug_loc     0x00000000000027e5      0x633 Hw_Uart.o
 .debug_loc     0x0000000000002e18       0xa2 Hw_Led.o
 .debug_loc     0x0000000000002eba      0x26e Hw_Uart_Q.o
 .debug_loc     0x0000000000003128       0x42 Hw_ISR.o
 .debug_loc     0x000000000000316a      0x375 Hw_Timer.o
 .debug_loc     0x00000000000034df       0x8d Hw_VCom.o
 .debug_loc     0x000000000000356c       0xcf Hw_Adc.o
 .debug_loc     0x000000000000363b      0x426 Hw_DcMotor.o
 .debug_loc     0x0000000000003a61       0xc7 usb_endp.o
 .debug_loc     0x0000000000003b28      0x118 usb_istr.o
 .debug_loc     0x0000000000003c40      0x2ab usb_prop.o
 .debug_loc     0x0000000000003eeb      0x368 usb_pwr.o
 .debug_loc     0x0000000000004253      0x278 hw_config.o
 .debug_loc     0x00000000000044cb      0xa9f usb_core.o
 .debug_loc     0x0000000000004f6a       0x20 usb_init.o
 .debug_loc     0x0000000000004f8a      0x241 usb_mem.o
 .debug_loc     0x00000000000051cb      0xc1f usb_regs.o
 .debug_loc     0x0000000000005dea      0x135 usb_sil.o
 .debug_loc     0x0000000000005f1f      0x139 usb_int.o

.debug_aranges  0x0000000000000000      0xa28
 .debug_aranges
                0x0000000000000000       0x30 main.o
 .debug_aranges
                0x0000000000000030       0x20 Ap.o
 .debug_aranges
                0x0000000000000050       0xc0 Ap_StrCmd.o
 .debug_aranges
                0x0000000000000110       0x48 Ap_StrCmd_Q.o
 .debug_aranges
                0x0000000000000158       0x20 Ap_StrCmd_List.o
 .debug_aranges
                0x0000000000000178       0x20 Ap_StrCmd_MOVE.o
 .debug_aranges
                0x0000000000000198       0x48 Lb_Util.o
 .debug_aranges
                0x00000000000001e0       0x68 Lb_Printf.o
 .debug_aranges
                0x0000000000000248       0x20 Hw_StartUp.o
 .debug_aranges
                0x0000000000000268       0x30 Hw.o
 .debug_aranges
                0x0000000000000298       0x90 Hw_Uart.o
 .debug_aranges
                0x0000000000000328       0x20 Hw_PLL.o
 .debug_aranges
                0x0000000000000348       0x40 Hw_Led.o
 .debug_aranges
                0x0000000000000388       0x48 Hw_Uart_Q.o
 .debug_aranges
                0x00000000000003d0       0x30 Hw_ISR.o
 .debug_aranges
                0x0000000000000400       0x78 Hw_Timer.o
 .debug_aranges
                0x0000000000000478       0x38 Hw_VCom.o
 .debug_aranges
                0x00000000000004b0       0x40 Hw_Adc.o
 .debug_aranges
                0x00000000000004f0       0x50 Hw_DcMotor.o
 .debug_aranges
                0x0000000000000540       0x18 usb_desc.o
 .debug_aranges
                0x0000000000000558       0x30 usb_endp.o
 .debug_aranges
                0x0000000000000588       0x20 usb_istr.o
 .debug_aranges
                0x00000000000005a8       0x88 usb_prop.o
 .debug_aranges
                0x0000000000000630       0x40 usb_pwr.o
 .debug_aranges
                0x0000000000000670       0x90 hw_config.o
 .debug_aranges
                0x0000000000000700       0x98 usb_core.o
 .debug_aranges
                0x0000000000000798       0x20 usb_init.o
 .debug_aranges
                0x00000000000007b8       0x28 usb_mem.o
 .debug_aranges
                0x00000000000007e0      0x1f0 usb_regs.o
 .debug_aranges
                0x00000000000009d0       0x30 usb_sil.o
 .debug_aranges
                0x0000000000000a00       0x28 usb_int.o

.debug_ranges   0x0000000000000000     0x10d0
 .debug_ranges  0x0000000000000000       0x38 main.o
 .debug_ranges  0x0000000000000038       0x10 Ap.o
 .debug_ranges  0x0000000000000048      0x2e8 Ap_StrCmd.o
 .debug_ranges  0x0000000000000330       0x70 Ap_StrCmd_Q.o
 .debug_ranges  0x00000000000003a0       0x10 Ap_StrCmd_List.o
 .debug_ranges  0x00000000000003b0       0x10 Ap_StrCmd_MOVE.o
 .debug_ranges  0x00000000000003c0       0x70 Lb_Util.o
 .debug_ranges  0x0000000000000430      0x1c8 Lb_Printf.o
 .debug_ranges  0x00000000000005f8       0x10 Hw_StartUp.o
 .debug_ranges  0x0000000000000608       0x60 Hw.o
 .debug_ranges  0x0000000000000668       0x98 Hw_Uart.o
 .debug_ranges  0x0000000000000700       0x10 Hw_PLL.o
 .debug_ranges  0x0000000000000710       0x50 Hw_Led.o
 .debug_ranges  0x0000000000000760       0x90 Hw_Uart_Q.o
 .debug_ranges  0x00000000000007f0       0x20 Hw_ISR.o
 .debug_ranges  0x0000000000000810       0x68 Hw_Timer.o
 .debug_ranges  0x0000000000000878       0x28 Hw_VCom.o
 .debug_ranges  0x00000000000008a0       0x58 Hw_Adc.o
 .debug_ranges  0x00000000000008f8       0xd8 Hw_DcMotor.o
 .debug_ranges  0x00000000000009d0       0x20 usb_endp.o
 .debug_ranges  0x00000000000009f0       0x10 usb_istr.o
 .debug_ranges  0x0000000000000a00       0x78 usb_prop.o
 .debug_ranges  0x0000000000000a78       0x30 usb_pwr.o
 .debug_ranges  0x0000000000000aa8       0xa0 hw_config.o
 .debug_ranges  0x0000000000000b48      0x270 usb_core.o
 .debug_ranges  0x0000000000000db8       0x10 usb_init.o
 .debug_ranges  0x0000000000000dc8       0x18 usb_mem.o
 .debug_ranges  0x0000000000000de0      0x2a0 usb_regs.o
 .debug_ranges  0x0000000000001080       0x20 usb_sil.o
 .debug_ranges  0x00000000000010a0       0x30 usb_int.o

.debug_line     0x0000000000000000     0x30e2
 .debug_line    0x0000000000000000       0xb2 main.o
 .debug_line    0x00000000000000b2       0x42 Ap.o
 .debug_line    0x00000000000000f4      0x4d8 Ap_StrCmd.o
 .debug_line    0x00000000000005cc      0x11c Ap_StrCmd_Q.o
 .debug_line    0x00000000000006e8       0x4b Ap_StrCmd_List.o
 .debug_line    0x0000000000000733       0x77 Ap_StrCmd_MOVE.o
 .debug_line    0x00000000000007aa      0x12b Lb_Util.o
 .debug_line    0x00000000000008d5      0x662 Lb_Printf.o
 .debug_line    0x0000000000000f37       0x89 Hw_StartUp.o
 .debug_line    0x0000000000000fc0       0x9f Hw.o
 .debug_line    0x000000000000105f      0x239 Hw_Uart.o
 .debug_line    0x0000000000001298       0x65 Hw_PLL.o
 .debug_line    0x00000000000012fd       0xb0 Hw_Led.o
 .debug_line    0x00000000000013ad      0x101 Hw_Uart_Q.o
 .debug_line    0x00000000000014ae       0x75 Hw_ISR.o
 .debug_line    0x0000000000001523      0x1f5 Hw_Timer.o
 .debug_line    0x0000000000001718       0xa0 Hw_VCom.o
 .debug_line    0x00000000000017b8      0x126 Hw_Adc.o
 .debug_line    0x00000000000018de      0x1e4 Hw_DcMotor.o