Archive member included because of file (symbol)

/Users/imac/Develop/stm32f4/arm_gcc/gcc-arm-none-eabi-4_7-2013q3/bin/../lib/gcc/arm-none-eabi/4.7.4/../../../../arm-none-eabi/lib/armv7-m/libc.a(lib_a-ctype_.o)
                              Ap_StrCmd.o (__ctype_ptr__)
/Users/imac/Develop/stm32f4/arm_gcc/gcc-arm-none-eabi-4_7-2013q3/bin/../lib/gcc/arm-none-eabi/4.7.4/../../../../arm-none-eabi/lib/armv7-m/libc.a(lib_a-errno.o)
                              Lb_Util.o (__errno)
/Users/imac/Develop/stm32f4/arm_gcc/gcc-arm-none-eabi-4_7-2013q3/bin/../lib/gcc/arm-none-eabi/4.7.4/../../../../arm-none-eabi/lib/armv7-m/libc.a(lib_a-impure.o)
                              /Users/imac/Develop/stm32f4/arm_gcc/gcc-arm-none-eabi-4_7-2013q3/bin/../lib/gcc/arm-none-eabi/4.7.4/../../../../arm-none-eabi/lib/armv7-m/libc.a(lib_a-errno.o) (_impure_ptr)
/Users/imac/Develop/stm32f4/arm_gcc/gcc-arm-none-eabi-4_7-2013q3/bin/../lib/gcc/arm-none-eabi/4.7.4/../../../../arm-none-eabi/lib/armv7-m/libc.a(lib_a-sscanf.o)
                              Ap_StrCmd.o (sscanf)
/Users/imac/Develop/stm32f4/arm_gcc/gcc-arm-none-eabi-4_7-2013q3/bin/../lib/gcc/arm-none-eabi/4.7.4/../../../../arm-none-eabi/lib/armv7-m/libc.a(lib_a-stdio.o)
                              /Users/imac/Develop/stm32f4/arm_gcc/gcc-arm-none-eabi-4_7-2013q3/bin/../lib/gcc/arm-none-eabi/4.7.4/../../../../arm-none-eabi/lib/armv7-m/libc.a(lib_a-sscanf.o) (__seofread)
/Users/imac/Develop/stm32f4/arm_gcc/gcc-arm-none-eabi-4_7-2013q3/bin/../lib/gcc/arm-none-eabi/4.7.4/../../../../arm-none-eabi/lib/armv7-m/libc.a(lib_a-strcmp.o)
                              Ap_StrCmd_MOVE.o (strcmp)
/Users/imac/Develop/stm32f4/arm_gcc/gcc-arm-none-eabi-4_7-2013q3/bin/../lib/gcc/arm-none-eabi/4.7.4/../../../../arm-none-eabi/lib/armv7-m/libc.a(lib_a-strlen.o)
                              Ap_StrCmd.o (strlen)
/Users/imac/Develop/stm32f4/arm_gcc/gcc-arm-none-eabi-4_7-2013q3/bin/../lib/gcc/arm-none-eabi/4.7.4/../../../../arm-none-eabi/lib/armv7-m/libc.a(lib_a-strncmp.o)
                              Ap_StrCmd.o (strncmp)
/Users/imac/Develop/stm32f4/arm_gcc/gcc-arm-none-eabi-4_7-2013q3/bin/../lib/gcc/arm-none-eabi/4.7.4/../../../../arm-none-eabi/lib/armv7-m/libc.a(lib_a-strtok.o)
                              Lb_Util.o (strtok)
/Users/imac/Develop/stm32f4/arm_gcc/gcc-arm-none-eabi-4_7-2013q3/bin/../lib/gcc/arm-none-eabi/4.7.4/../../../../arm-none-eabi/lib/armv7-m/libc.a(lib_a-strtok_r.o)
                              /Users/imac/Develop/stm32f4/arm_gcc/gcc-arm-none-eabi-4_7-2013q3/bin/../lib/gcc/arm-none-eabi/4.7.4/../../../../arm-none-eabi/lib/armv7-m/libc.a(lib_a-strtok.o) (__strtok_r)
/Users/imac/Develop/stm32f4/arm_gcc/gcc-arm-none-eabi-4_7-2013q3/bin/../lib/gcc/arm-none-eabi/4.7.4/../../../../arm-none-eabi/lib/armv7-m/libc.a(lib_a-svfscanf.o)
                              /Users/imac/Develop/stm32f4/arm_gcc/gcc-arm-none-eabi-4_7-2013q3/bin/../lib/gcc/arm-none-eabi/4.7.4/../../../../arm-none-eabi/lib/armv7-m/libc.a(lib_a-sscanf.o) (__ssvfscanf_r)
/Users/imac/Develop/stm32f4/arm_gcc/gcc-arm-none-eabi-4_7-2013q3/bin/../lib/gcc/arm-none-eabi/4.7.4/../../../../arm-none-eabi/lib/armv7-m/libc.a(lib_a-writer.o)
                              /Users/imac/Develop/stm32f4/arm_gcc/gcc-arm-none-eabi-4_7-2013q3/bin/../lib/gcc/arm-none-eabi/4.7.4/../../../../arm-none-eabi/lib/armv7-m/libc.a(lib_a-stdio.o) (_write_r)
/Users/imac/Develop/stm32f4/arm_gcc/gcc-arm-none-eabi-4_7-2013q3/bin/../lib/gcc/arm-none-eabi/4.7.4/../../../../arm-none-eabi/lib/armv7-m/libc.a(lib_a-closer.o)
                              /Users/imac/Develop/stm32f4/arm_gcc/gcc-arm-none-eabi-4_7-2013q3/bin/../lib/gcc/arm-none-eabi/4.7.4/../../../../arm-none-eabi/lib/armv7-m/libc.a(lib_a-stdio.o) (_close_r)
/Users/imac/Develop/stm32f4/arm_gcc/gcc-arm-none-eabi-4_7-2013q3/bin/../lib/gcc/arm-none-eabi/4.7.4/../../../../arm-none-eabi/lib/armv7-m/libc.a(lib_a-findfp.o)
                              /Users/imac/Develop/stm32f4/arm_gcc/gcc-arm-none-eabi-4_7-2013q3/bin/../lib/gcc/arm-none-eabi/4.7.4/../../../../arm-none-eabi/lib/armv7-m/libc.a(lib_a-svfscanf.o) (__sfp_lock_acquire)
/Users/imac/Develop/stm32f4/arm_gcc/gcc-arm-none-eabi-4_7-2013q3/bin/../lib/gcc/arm-none-eabi/4.7.4/../../../../arm-none-eabi/lib/armv7-m/libc.a(lib_a-fwalk.o)
                              /Users/imac/Develop/stm32f4/arm_gcc/gcc-arm-none-eabi-4_7-2013q3/bin/../lib/gcc/arm-none-eabi/4.7.4/../../../../arm-none-eabi/lib/armv7-m/libc.a(lib_a-findfp.o) (_fwalk)
/Users/imac/Develop/stm32f4/arm_gcc/gcc-arm-none-eabi-4_7-2013q3/bin/../lib/gcc/arm-none-eabi/4.7.4/../../../../arm-none-eabi/lib/armv7-m/libc.a(lib_a-iswspace.o)
                              /Users/imac/Develop/stm32f4/arm_gcc/gcc-arm-none-eabi-4_7-2013q3/bin/../lib/gcc/arm-none-eabi/4.7.4/../../../../arm-none-eabi/lib/armv7-m/libc.a(lib_a-svfscanf.o) (iswspace)
/Users/imac/Develop/stm32f4/arm_gcc/gcc-arm-none-eabi-4_7-2013q3/bin/../lib/gcc/arm-none-eabi/4.7.4/../../../../arm-none-eabi/lib/armv7-m/libc.a(lib_a-locale.o)
[...]
Memory Configuration

Name             Origin             Length             Attributes
RAM              0x0000000020000000 0x0000000000005000 xrw
EXTSRAM          0x0000000068000000 0x0000000000000000 xrw
FLASH            0x0000000008000000 0x000000000001f800 xr
EEMUL            0x000000000801f800 0x0000000000000800 xrw
*default*        0x0000000000000000 0xffffffffffffffff

Linker script and memory map

LOAD main.o
LOAD Ap.o
LOAD Ap_RadioMenu.o
LOAD Ap_Radio.o
LOAD Ap_GLcdMenu.o
LOAD Ap_EduMenu.o
LOAD Ap_StrCmd.o
LOAD Ap_StrCmd_Q.o
LOAD Ap_StrCmd_List.o
LOAD Ap_StrCmd_MOVE.o
LOAD Lb_Util.o
LOAD Lb_Printf.o
LOAD Hw_StartUp.o
LOAD Hw.o
LOAD Hw_Uart.o
LOAD Hw_PLL.o
LOAD Hw_Led.o
LOAD Hw_Uart_Q.o
LOAD Hw_ISR.o
LOAD Hw_Timer.o
LOAD Hw_VCom.o
LOAD Hw_I2C.o
LOAD Hw_I2C_SW.o
LOAD Hw_Si47xx.o
LOAD Hw_SPI.o
LOAD Hw_N5110G.o
LOAD Hw_DMA.o
LOAD Hw_VBus.o
LOAD Hw_KeyPad.o
LOAD Hw_7Seg.o
LOAD Hw_CLcd.o
LOAD Hw_Adc.o
LOAD Hw_Cds.o
LOAD Hw_DcMotor.o
LOAD Hw_Pwm.o
LOAD Hw_Sonic.o
LOAD usb_desc.o
LOAD usb_endp.o
LOAD usb_istr.o
LOAD usb_prop.o
LOAD usb_pwr.o
LOAD hw_config.o
LOAD usb_core.o
LOAD usb_init.o
LOAD usb_mem.o
LOAD usb_regs.o
LOAD usb_sil.o
LOAD usb_int.o
LOAD /Users/imac/Develop/stm32f4/arm_gcc/gcc-arm-none-eabi-4_7-2013q3/bin/../lib/gcc/arm-none-eabi/4.7.4/../../../../arm-none-eabi/lib/armv7-m/libc.a
LOAD /Users/imac/Develop/stm32f4/arm_gcc/gcc-arm-none-eabi-4_7-2013q3/bin/../lib/gcc/arm-none-eabi/4.7.4/../../../../arm-none-eabi/lib/armv7-m/libm.a
LOAD /Users/imac/Develop/stm32f4/arm_gcc/gcc-arm-none-eabi-4_7-2013q3/bin/../lib/gcc/arm-none-eabi/4.7.4/../../../../arm-none-eabi/lib/armv7-m/libc.a
LOAD /Users/imac/Develop/stm32f4/arm_gcc/gcc-arm-none-eabi-4_7-2013q3/bin/../lib/gcc/arm-none-eabi/4.7.4/armv7-m/libgcc.a
                0x0000000020005000                _estack = (ORIGIN (RAM) + 0x5000)
                0x000000000801f800                _seemul = ORIGIN (EEMUL)
                0x0000000000000100                _Minimum_Stack_Size = 0x100
                0x0000000000000001                ASSERT ((ORIGIN (FLASH) == ALIGN (ORIGIN (FLASH), 0x80)), Start of memory region flash not aligned for startup vector table)

.text           0x0000000008000000     0xe748
                0x0000000008000000                . = ALIGN (0x80)
                0x0000000000000000                _isr_vectorsflash_offs = (. - 0x8000000)
 *(.isr_vectorsflash)
 .isr_vectorsflash
                0x0000000008000000        0x8 Hw_StartUp.o
                0x0000000008000000                g_pfnVectors
                0x0000000008000008                . = ALIGN (0x4)
 *(.text)
 .text          0x0000000008000008      0x370 /Users/imac/Develop/stm32f4/arm_gcc/gcc-arm-none-eabi-4_7-2013q3/bin/../lib/gcc/arm-none-eabi/4.7.4/armv7-m/libgcc.a(_arm_addsubdf3.o)
                0x0000000008000008                __aeabi_drsub
                0x0000000008000010                __subdf3
                0x0000000008000010                __aeabi_dsub
                0x0000000008000014                __aeabi_dadd
                0x0000000008000014                __adddf3
                0x000000000800028c                __aeabi_ui2d
                0x000000000800028c                __floatunsidf
                0x00000000080002ac                __floatsidf
                0x00000000080002ac                __aeabi_i2d
                0x00000000080002d0                __extendsfdf2
                0x00000000080002d0                __aeabi_f2d
                0x000000000800030c                __aeabi_ul2d
                0x000000000800030c                __floatundidf
                0x000000000800031c                __aeabi_l2d
                0x000000000800031c                __floatdidf
 .text          0x0000000008000378      0x424 /Users/imac/Develop/stm32f4/arm_gcc/gcc-arm-none-eabi-4_7-2013q3/bin/../lib/gcc/arm-none-eabi/4.7.4/armv7-m/libgcc.a(_arm_muldivdf3.o)
                0x0000000008000378                __aeabi_dmul
                0x0000000008000378                __muldf3
                0x00000000080005cc                __aeabi_ddiv
                0x00000000080005cc                __divdf3
 .text          0x000000000800079c      0x110 /Users/imac/Develop/stm32f4/arm_gcc/gcc-arm-none-eabi-4_7-2013q3/bin/../lib/gcc/arm-none-eabi/4.7.4/armv7-m/libgcc.a(_arm_cmpdf2.o)
                0x000000000800079c                __gtdf2
                0x000000000800079c                __gedf2
                0x00000000080007a4                __ltdf2
                0x00000000080007a4                __ledf2
                0x00000000080007ac                __eqdf2
                0x00000000080007ac                __nedf2
                0x00000000080007ac                __cmpdf2
                0x0000000008000828                __aeabi_cdrcmple
                0x0000000008000838                __aeabi_cdcmple
                0x0000000008000838                __aeabi_cdcmpeq
                0x0000000008000848                __aeabi_dcmpeq
                0x000000000800085c                __aeabi_dcmplt
                0x0000000008000870                __aeabi_dcmple
                0x0000000008000884                __aeabi_dcmpge
                0x0000000008000898                __aeabi_dcmpgt
 .text          0x00000000080008ac       0x50 /Users/imac/Develop/stm32f4/arm_gcc/gcc-arm-none-eabi-4_7-2013q3/bin/../lib/gcc/arm-none-eabi/4.7.4/armv7-m/libgcc.a(_arm_fixdfsi.o)
                0x00000000080008ac                __fixdfsi
                0x00000000080008ac                __aeabi_d2iz
 .text          0x00000000080008fc       0x40 /Users/imac/Develop/stm32f4/arm_gcc/gcc-arm-none-eabi-4_7-2013q3/bin/../lib/gcc/arm-none-eabi/4.7.4/armv7-m/libgcc.a(_arm_fixunsdfsi.o)
                0x00000000080008fc                __fixunsdfsi
                0x00000000080008fc                __aeabi_d2uiz
 .text          0x000000000800093c       0xa0 /Users/imac/Develop/stm32f4/arm_gcc/gcc-arm-none-eabi-4_7-2013q3/bin/../lib/gcc/arm-none-eabi/4.7.4/armv7-m/libgcc.a(_arm_truncdfsf2.o)
                0x000000000800093c                __aeabi_d2f
                0x000000000800093c                __truncdfsf2
 .text          0x00000000080009dc       0x2c /Users/imac/Develop/stm32f4/arm_gcc/gcc-arm-none-eabi-4_7-2013q3/bin/../lib/gcc/arm-none-eabi/4.7.4/armv7-m/libgcc.a(_aeabi_uldivmod.o)
                0x00000000080009dc                __aeabi_uldivmod
 .text          0x0000000008000a08       0x60 /Users/imac/Develop/stm32f4/arm_gcc/gcc-arm-none-eabi-4_7-2013q3/bin/../lib/gcc/arm-none-eabi/4.7.4/armv7-m/libgcc.a(bpabi.o)
                0x0000000008000a08                __gnu_ldivmod_helper
                0x0000000008000a38                __gnu_uldivmod_helper
 .text          0x0000000008000a68        0x4 /Users/imac/Develop/stm32f4/arm_gcc/gcc-arm-none-eabi-4_7-2013q3/bin/../lib/gcc/arm-none-eabi/4.7.4/armv7-m/libgcc.a(_dvmd_tls.o)
                0x0000000008000a68                __aeabi_ldiv0
                0x0000000008000a68                __aeabi_idiv0
 .text          0x0000000008000a6c      0x2bc /Users/imac/Develop/stm32f4/arm_gcc/gcc-arm-none-eabi-4_7-2013q3/bin/../lib/gcc/arm-none-eabi/4.7.4/armv7-m/libgcc.a(_divdi3.o)
                0x0000000008000a6c                __divdi3
 .text          0x0000000008000d28      0x28c /Users/imac/Develop/stm32f4/arm_gcc/gcc-arm-none-eabi-4_7-2013q3/bin/../lib/gcc/arm-none-eabi/4.7.4/armv7-m/libgcc.a(_udivdi3.o)
                0x0000000008000d28                __udivdi3
 *(.text.*)
 .text.LED_Tick
                0x0000000008000fb4       0x10 main.o
                0x0000000008000fb4                LED_Tick
 .text.startup.main
                0x0000000008000fc4       0x9c main.o
                0x0000000008000fc4                main
 .text.Ap_Init  0x0000000008001060       0x18 Ap.o
                0x0000000008001060                Ap_Init
 .text.Ap_StrCmd_PutFunc
                0x0000000008001078       0x14 Ap_StrCmd.o
                0x0000000008001078                Ap_StrCmd_PutFunc
 .text.Ap_StrCmd_CallBack_RxdISR
                0x000000000800108c       0x8c Ap_StrCmd.o
                0x000000000800108c                Ap_StrCmd_CallBack_RxdISR
 .text.Ap_StrCmd_AddCmd
                0x0000000008001118      0x110 Ap_StrCmd.o
                0x0000000008001118                Ap_StrCmd_AddCmd
 .text.Ap_StrCmd_Init
                0x0000000008001228       0xc8 Ap_StrCmd.o
                0x0000000008001228                Ap_StrCmd_Init
 .text.Ap_StrCmd_Print
                0x00000000080012f0       0x34 Ap_StrCmd.o
                0x00000000080012f0                Ap_StrCmd_Print
 .text.Ap_StrCmd_SendInfo
                0x0000000008001324       0x50 Ap_StrCmd.o
                0x0000000008001324                Ap_StrCmd_SendInfo
 .text.Ap_StrCmd_SendResp
                0x0000000008001374       0x68 Ap_StrCmd.o
                0x0000000008001374                Ap_StrCmd_SendResp
 .text.Ap_StrCmd_ShowMenuHelp
                0x00000000080013dc       0x74 Ap_StrCmd.o
                0x00000000080013dc                Ap_StrCmd_ShowMenuHelp
 .text.Ap_StrCmd_ShowMenu
                0x0000000008001450       0x6c Ap_StrCmd.o
                0x0000000008001450                Ap_StrCmd_ShowMenu
 .text.Ap_StrCmd_Printf
                0x00000000080014bc       0x30 Ap_StrCmd.o
                0x00000000080014bc                Ap_StrCmd_Printf
 .text.Ap_StrCmd_Echo
                0x00000000080014ec       0x78 Ap_StrCmd.o
                0x00000000080014ec                Ap_StrCmd_Echo
 .text.Ap_StrCmd_ShowInfo
                0x0000000008001564       0x64 Ap_StrCmd.o
                0x0000000008001564                Ap_StrCmd_ShowInfo
 .text.Ap_StrCmd_ExeFunc
                0x00000000080015c8      0x160 Ap_StrCmd.o
                0x00000000080015c8                Ap_StrCmd_ExeFunc
 .text.Ap_StrCmd_ExeCmd
                0x0000000008001728       0x1c Ap_StrCmd.o
                0x0000000008001728                Ap_StrCmd_ExeCmd
 .text.Ap_StrCmd_Q_Init
                0x0000000008001744       0x18 Ap_StrCmd_Q.o
                0x0000000008001744                Ap_StrCmd_Q_Init
 .text.Ap_StrCmd_Q_SIZE
                0x000000000800175c       0x38 Ap_StrCmd_Q.o
                0x000000000800175c                Ap_StrCmd_Q_SIZE
 .text.Ap_StrCmd_Q_Push
                0x0000000008001794       0xb8 Ap_StrCmd_Q.o
                0x0000000008001794                Ap_StrCmd_Q_Push
 .text.Ap_StrCmd_Q_Pop
                0x000000000800184c       0xac Ap_StrCmd_Q.o
                0x000000000800184c                Ap_StrCmd_Q_Pop
 .text.Ap_StrCmd_List
                0x00000000080018f8       0x28 Ap_StrCmd_List.o
                0x00000000080018f8                Ap_StrCmd_List
 .text.Ap_StrCmd_MOVE
                0x0000000008001920       0x70 Ap_StrCmd_MOVE.o
                0x0000000008001920                Ap_StrCmd_MOVE
 .text.Lb_Util_PaseArgs
                0x0000000008001990       0x34 Lb_Util.o
                0x0000000008001990                Lb_Util_PaseArgs
 .text.Lb_Util_atoi
                0x00000000080019c4       0x4c Lb_Util.o
                0x00000000080019c4                Lb_Util_atoi
 .text.__get_MSP
                0x0000000008001a10        0x8 Lb_Util.o
                0x0000000008001a10                __get_MSP
 .text._sbrk    0x0000000008001a18       0x40 Lb_Util.o
                0x0000000008001a18                _sbrk
 .text.print_byte_out
                0x0000000008001a58       0x38 Lb_Printf.o
                0x0000000008001a58                print_byte_out
 .text.PrintString
                0x0000000008001a90       0x20 Lb_Printf.o
 .text.DecToLong
                0x0000000008001ab0       0x44 Lb_Printf.o
                0x0000000008001ab0                DecToLong
 .text.PrintDec
                0x0000000008001af4      0x3cc Lb_Printf.o
 .text.PrintHex
                0x0000000008001ec0      0x3b4 Lb_Printf.o
 .text.Lb_printf
                0x0000000008002274      0x2d4 Lb_Printf.o
                0x0000000008002274                Lb_printf
 .text.Lb_sprintf
                0x0000000008002548      0x2e8 Lb_Printf.o
                0x0000000008002548                Lb_sprintf
 .text.Lb_vsprintf
                0x0000000008002830      0x2d4 Lb_Printf.o
                0x0000000008002830                Lb_vsprintf
 .text.Hw_StartUp_Init
                0x0000000008002b04       0xcc Hw_StartUp.o
                0x0000000008002b04                Hw_StartUp_Init
 .text.Hw_Init  0x0000000008002bd0       0xb0 Hw.o
                0x0000000008002bd0                Hw_Init
 .text.Hw_ISR_UART2_Handler
                0x0000000008002c80       0x34 Hw_Uart.o
                0x0000000008002c80                Hw_ISR_UART2_Handler
 .text.Hw_ISR_UART1_Handler
                0x0000000008002cb4       0x34 Hw_Uart.o
                0x0000000008002cb4                Hw_ISR_UART1_Handler
 .text.Hw_Uart_Putch.part.0
                0x0000000008002ce8       0x1c Hw_Uart.o
 .text.Hw_Uart_Open_COM1
                0x0000000008002d04       0x90 Hw_Uart.o
                0x0000000008002d04                Hw_Uart_Open_COM1
 .text.Hw_Uart_Open_COM2
                0x0000000008002d94       0xb8 Hw_Uart.o
                0x0000000008002d94                Hw_Uart_Open_COM2
 .text.Hw_Uart_Init
                0x0000000008002e4c       0x50 Hw_Uart.o
                0x0000000008002e4c                Hw_Uart_Init
 .text.Hw_Uart_SetReceiveFuncISR
                0x0000000008002e9c       0x24 Hw_Uart.o
                0x0000000008002e9c                Hw_Uart_SetReceiveFuncISR
 .text.Hw_Uart_Putch
                0x0000000008002ec0       0x40 Hw_Uart.o
                0x0000000008002ec0                Hw_Uart_Putch
 .text.print_byte
                0x0000000008002f00       0x1c Hw_Uart.o
                0x0000000008002f00                print_byte
 .text.Hw_PLL_Init
                0x0000000008002f1c       0x94 Hw_PLL.o
                0x0000000008002f1c                Hw_PLL_Init
 .text.Hw_Led_Init
                0x0000000008002fb0       0x44 Hw_Led.o
                0x0000000008002fb0                Hw_Led_Init
 .text.Hw_Led_Toggle
                0x0000000008002ff4       0x14 Hw_Led.o
                0x0000000008002ff4                Hw_Led_Toggle
 .text.Hw_Uart_Q_Init
                0x0000000008003008       0x30 Hw_Uart_Q.o
                0x0000000008003008                Hw_Uart_Q_Init
 .text.Hw_Uart_Q_Push
                0x0000000008003038       0x78 Hw_Uart_Q.o
                0x0000000008003038                Hw_Uart_Q_Push
 .text.Hw_ISR_Init
                0x00000000080030b0       0x14 Hw_ISR.o
                0x00000000080030b0                Hw_ISR_Init
 .text.Hw_ISR_SetIRQFunc
                0x00000000080030c4       0x10 Hw_ISR.o
                0x00000000080030c4                Hw_ISR_SetIRQFunc
 .text.Hw_ISR_SetIRQFuncByAddr
                0x00000000080030d4       0x10 Hw_ISR.o
                0x00000000080030d4                Hw_ISR_SetIRQFuncByAddr
 .text.Hw_Timer_SetupISR
                0x00000000080030e4       0x1c Hw_Timer.o
                0x00000000080030e4                Hw_Timer_SetupISR
 .text.Hw_Timer_Init
                0x0000000008003100      0x144 Hw_Timer.o
                0x0000000008003100                Hw_Timer_Init
 .text.Hw_Timer_Tick
                0x0000000008003244      0x284 Hw_Timer.o
                0x0000000008003244                Hw_Timer_Tick
 .text.Hw_Timer_ISR
                0x00000000080034c8       0x10 Hw_Timer.o
                0x00000000080034c8                Hw_Timer_ISR
 .text.Hw_Timer_Set
                0x00000000080034d8       0x20 Hw_Timer.o
                0x00000000080034d8                Hw_Timer_Set
 .text.Hw_Timer_Start
                0x00000000080034f8       0x14 Hw_Timer.o
                0x00000000080034f8                Hw_Timer_Start
 .text.Hw_Timer_Get_CountValue
                0x000000000800350c        0xc Hw_Timer.o
                0x000000000800350c                Hw_Timer_Get_CountValue
 .text.Hw_Timer_Get_u16Count_Usec
                0x0000000008003518       0x10 Hw_Timer.o
                0x0000000008003518                Hw_Timer_Get_u16Count_Usec
 .text.Hw_VCom_Init
                0x0000000008003528       0x38 Hw_VCom.o
                0x0000000008003528                Hw_VCom_Init
 .text.Hw_VCom_Putch
                0x0000000008003560       0x10 Hw_VCom.o
                0x0000000008003560                Hw_VCom_Putch
 .text.Hw_VCom_SetReceiveFuncISR
                0x0000000008003570        0xc Hw_VCom.o
                0x0000000008003570                Hw_VCom_SetReceiveFuncISR
 .text.Hw_Adc_Init
                0x000000000800357c       0xa0 Hw_Adc.o
                0x000000000800357c                Hw_Adc_Init
 .text.Hw_DcMotor_SetPwm.part.0
                0x000000000800361c       0x2c Hw_DcMotor.o
 .text.Hw_DcMotor_SetDir.part.1
                0x0000000008003648       0x1c Hw_DcMotor.o
 .text.Hw_DcMotor_Stop
                0x0000000008003664       0x3c Hw_DcMotor.o
                0x0000000008003664                Hw_DcMotor_Stop
 .text.Hw_DcMotor_Init
                0x00000000080036a0       0xb0 Hw_DcMotor.o
                0x00000000080036a0                Hw_DcMotor_Init
 .text.Hw_DcMotor_SetDir
                0x0000000008003750       0x6c Hw_DcMotor.o
                0x0000000008003750                Hw_DcMotor_SetDir
 .text.Hw_DcMotor_Handle
                0x00000000080037bc       0xb0 Hw_DcMotor.o
                0x00000000080037bc                Hw_DcMotor_Handle
 .text.Hw_Pwm_IO_Setup
                0x000000000800386c       0x3c Hw_Pwm.o
                0x000000000800386c                Hw_Pwm_IO_Setup
 .text.Hw_Pwm_Timer_Setup
                0x00000000080038a8       0x90 Hw_Pwm.o
                0x00000000080038a8                Hw_Pwm_Timer_Setup
 .text.Hw_Pwm_Init
                0x0000000008003938       0x18 Hw_Pwm.o
                0x0000000008003938                Hw_Pwm_Init
 .text.Hw_Pwm_SetPercent
                0x0000000008003950       0x2c Hw_Pwm.o
                0x0000000008003950                Hw_Pwm_SetPercent
 .text.Hw_Sonic_ISR
                0x000000000800397c       0xe0 Hw_Sonic.o
                0x000000000800397c                Hw_Sonic_ISR
 .text.Hw_Sonic_ExIntEnable.part.1
                0x0000000008003a5c       0x24 Hw_Sonic.o
 .text.Hw_Sonic_ExIntEnable
                0x0000000008003a80       0x38 Hw_Sonic.o
                0x0000000008003a80                Hw_Sonic_ExIntEnable
 .text.Hw_Sonic_ExIntDisable
                0x0000000008003ab8       0x4c Hw_Sonic.o
                0x0000000008003ab8                Hw_Sonic_ExIntDisable
 .text.Hw_Sonic_SetPortDirIN
                0x0000000008003b04       0x64 Hw_Sonic.o
                0x0000000008003b04                Hw_Sonic_SetPortDirIN
 .text.Hw_Sonic_SetPortDirOUT
                0x0000000008003b68       0x44 Hw_Sonic.o
                0x0000000008003b68                Hw_Sonic_SetPortDirOUT
 .text.Hw_Sonic_SetPortLOW
                0x0000000008003bac       0x2c Hw_Sonic.o
                0x0000000008003bac                Hw_Sonic_SetPortLOW
 .text.Hw_Sonic_Init
                0x0000000008003bd8       0xf4 Hw_Sonic.o
                0x0000000008003bd8                Hw_Sonic_Init
 .text.Hw_Sonic_Tick
                0x0000000008003ccc       0xdc Hw_Sonic.o
                0x0000000008003ccc                Hw_Sonic_Tick
 .text.Hw_Sonic_GetDistanceMM
                0x0000000008003da8       0x14 Hw_Sonic.o
                0x0000000008003da8                Hw_Sonic_GetDistanceMM
 .text.EP1_IN_Callback
                0x0000000008003dbc       0x74 usb_endp.o
                0x0000000008003dbc                EP1_IN_Callback
 .text.EP3_OUT_Callback
                0x0000000008003e30       0x34 usb_endp.o
                0x0000000008003e30                EP3_OUT_Callback
 .text.SOF_Callback
                0x0000000008003e64       0x30 usb_endp.o
                0x0000000008003e64                SOF_Callback
 .text.USB_Istr
                0x0000000008003e94      0x278 usb_istr.o
                0x0000000008003e94                USB_Istr
 .text.Virtual_Com_Port_SetConfiguration
                0x000000000800410c       0x18 usb_prop.o
                0x000000000800410c                Virtual_Com_Port_SetConfiguration
 .text.Virtual_Com_Port_SetDeviceAddress
                0x0000000008004124       0x10 usb_prop.o
                0x0000000008004124                Virtual_Com_Port_SetDeviceAddress
 .text.Virtual_Com_Port_Status_In
                0x0000000008004134       0x14 usb_prop.o
                0x0000000008004134                Virtual_Com_Port_Status_In
 .text.Virtual_Com_Port_Status_Out
                0x0000000008004148        0x4 usb_prop.o
                0x0000000008004148                Virtual_Com_Port_Status_Out
 .text.Virtual_Com_Port_Data_Setup
                0x000000000800414c       0x60 usb_prop.o
                0x000000000800414c                Virtual_Com_Port_Data_Setup
 .text.Virtual_Com_Port_NoData_Setup
                0x00000000080041ac       0x24 usb_prop.o
                0x00000000080041ac                Virtual_Com_Port_NoData_Setup
 .text.Virtual_Com_Port_Get_Interface_Setting
                0x00000000080041d0       0x10 usb_prop.o
                0x00000000080041d0                Virtual_Com_Port_Get_Interface_Setting
 .text.Virtual_Com_Port_GetLineCoding
                0x00000000080041e0       0x18 usb_prop.o
                0x00000000080041e0                Virtual_Com_Port_GetLineCoding
 .text.Virtual_Com_Port_SetLineCoding
                0x00000000080041f8       0x18 usb_prop.o
                0x00000000080041f8                Virtual_Com_Port_SetLineCoding
 .text.Virtual_Com_Port_GetStringDescriptor
                0x0000000008004210       0x28 usb_prop.o
                0x0000000008004210                Virtual_Com_Port_GetStringDescriptor
 .text.Virtual_Com_Port_GetConfigDescriptor
                0x0000000008004238       0x18 usb_prop.o
                0x0000000008004238                Virtual_Com_Port_GetConfigDescriptor
 .text.Virtual_Com_Port_GetDeviceDescriptor
                0x0000000008004250       0x18 usb_prop.o
                0x0000000008004250                Virtual_Com_Port_GetDeviceDescriptor
 .text.Virtual_Com_Port_Reset
                0x0000000008004268      0x110 usb_prop.o
                0x0000000008004268                Virtual_Com_Port_Reset
 .text.Virtual_Com_Port_init
                0x0000000008004378       0x3c usb_prop.o
                0x0000000008004378                Virtual_Com_Port_init
 .text.PowerOn  0x00000000080043b4       0x3c usb_pwr.o
                0x00000000080043b4                PowerOn
 .text.Suspend  0x00000000080043f0      0x1a8 usb_pwr.o
                0x00000000080043f0                Suspend
 .text.Resume_Init
                0x0000000008004598       0x28 usb_pwr.o
                0x0000000008004598                Resume_Init
 .text.Resume   0x00000000080045c0       0xbc usb_pwr.o
                0x00000000080045c0                Resume
 .text.USBWakeUp_IRQHandler
                0x000000000800467c       0x10 hw_config.o
                0x000000000800467c                USBWakeUp_IRQHandler
 .text.IntToUnicode
                0x000000000800468c       0x78 hw_config.o
 .text.USB_LP_IRQHandler
                0x0000000008004704       0x10 hw_config.o
                0x0000000008004704                USB_LP_IRQHandler
 .text.Set_System
                0x0000000008004714       0x20 hw_config.o
                0x0000000008004714                Set_System
 .text.Set_USBClock
                0x0000000008004734       0x24 hw_config.o
                0x0000000008004734                Set_USBClock
 .text.Leave_LowPowerMode
                0x0000000008004758       0x20 hw_config.o
                0x0000000008004758                Leave_LowPowerMode
 .text.USB_Interrupts_Config
                0x0000000008004778       0xb0 hw_config.o
                0x0000000008004778                USB_Interrupts_Config
 .text.USB_Cable_Config
                0x0000000008004828       0x1c hw_config.o
                0x0000000008004828                USB_Cable_Config
 .text.USB_To_USART_Send_Data
                0x0000000008004844       0xa8 hw_config.o
                0x0000000008004844                USB_To_USART_Send_Data
 .text.Handle_USBAsynchXfer
                0x00000000080048ec       0xa4 hw_config.o
                0x00000000080048ec                Handle_USBAsynchXfer
 .text.USB_Send_Data
                0x0000000008004990       0x38 hw_config.o
                0x0000000008004990                USB_Send_Data
 .text.Get_SerialNum
                0x00000000080049c8       0x44 hw_config.o
                0x00000000080049c8                Get_SerialNum
 .text.__WFI    0x0000000008004a0c        0x4 hw_config.o
                0x0000000008004a0c                __WFI
 .text.Standard_GetConfiguration
                0x0000000008004a10       0x28 usb_core.o
                0x0000000008004a10                Standard_GetConfiguration
 .text.Standard_GetInterface
                0x0000000008004a38       0x28 usb_core.o
                0x0000000008004a38                Standard_GetInterface
 .text.Standard_GetStatus
                0x0000000008004a60       0xa0 usb_core.o
                0x0000000008004a60                Standard_GetStatus
 .text.DataStageIn
                0x0000000008004b00       0xc0 usb_core.o
 .text.Standard_SetConfiguration
                0x0000000008004bc0       0x3c usb_core.o
                0x0000000008004bc0                Standard_SetConfiguration
 .text.Standard_SetInterface
                0x0000000008004bfc       0x50 usb_core.o
                0x0000000008004bfc                Standard_SetInterface
 .text.Standard_ClearFeature
                0x0000000008004c4c       0xf8 usb_core.o
                0x0000000008004c4c                Standard_ClearFeature
 .text.Standard_SetEndPointFeature
                0x0000000008004d44       0x98 usb_core.o
                0x0000000008004d44                Standard_SetEndPointFeature
 .text.Standard_GetDescriptorData
                0x0000000008004ddc       0x1c usb_core.o
                0x0000000008004ddc                Standard_GetDescriptorData
 .text.Post0_Process
                0x0000000008004df8       0x48 usb_core.o
                0x0000000008004df8                Post0_Process
 .text.Out0_Process
                0x0000000008004e40       0xf0 usb_core.o
                0x0000000008004e40                Out0_Process
 .text.Setup0_Process
                0x0000000008004f30      0x388 usb_core.o
                0x0000000008004f30                Setup0_Process
 .text.SetDeviceAddress
                0x00000000080052b8       0xa8 usb_core.o
                0x00000000080052b8                SetDeviceAddress
 .text.In0_Process
                0x0000000008005360       0x6c usb_core.o
                0x0000000008005360                In0_Process
 .text.NOP_Process
                0x00000000080053cc        0x4 usb_core.o
                0x00000000080053cc                NOP_Process
 .text.USB_Init
                0x00000000080053d0       0x44 usb_init.o
                0x00000000080053d0                USB_Init
 .text.UserToPMABufferCopy
                0x0000000008005414       0x78 usb_mem.o
                0x0000000008005414                UserToPMABufferCopy
 .text.PMAToUserBufferCopy
                0x000000000800548c       0x50 usb_mem.o
                0x000000000800548c                PMAToUserBufferCopy
 .text.SetBTABLE
                0x00000000080054dc       0x14 usb_regs.o
                0x00000000080054dc                SetBTABLE
 .text.SetEPType
                0x00000000080054f0       0x18 usb_regs.o
                0x00000000080054f0                SetEPType
 .text.SetEPTxStatus
                0x0000000008005508       0x40 usb_regs.o
                0x0000000008005508                SetEPTxStatus
 .text.SetEPRxStatus
                0x0000000008005548       0x40 usb_regs.o
                0x0000000008005548                SetEPRxStatus
 .text.SetEPTxValid
                0x0000000008005588       0x24 usb_regs.o
                0x0000000008005588                SetEPTxValid
 .text.SetEPRxValid
                0x00000000080055ac       0x24 usb_regs.o
                0x00000000080055ac                SetEPRxValid
 .text.Clear_Status_Out
                0x00000000080055d0       0x20 usb_regs.o
                0x00000000080055d0                Clear_Status_Out
 .text.ClearDTOG_RX
                0x00000000080055f0       0x24 usb_regs.o
                0x00000000080055f0                ClearDTOG_RX
 .text.ClearDTOG_TX
                0x0000000008005614       0x24 usb_regs.o
                0x0000000008005614                ClearDTOG_TX
 .text.SetEPTxAddr
                0x0000000008005638       0x24 usb_regs.o
                0x0000000008005638                SetEPTxAddr
 .text.SetEPRxAddr
                0x000000000800565c       0x28 usb_regs.o
                0x000000000800565c                SetEPRxAddr
 .text.GetEPTxAddr
                0x0000000008005684       0x20 usb_regs.o
                0x0000000008005684                GetEPTxAddr
 .text.GetEPRxAddr
                0x00000000080056a4       0x20 usb_regs.o
                0x00000000080056a4                GetEPRxAddr
 .text.SetEPTxCount
                0x00000000080056c4       0x20 usb_regs.o
                0x00000000080056c4                SetEPTxCount
 .text.SetEPRxCount
                0x00000000080056e4       0x44 usb_regs.o
                0x00000000080056e4                SetEPRxCount
 .text.GetEPRxCount
                0x0000000008005728       0x24 usb_regs.o
                0x0000000008005728                GetEPRxCount
 .text.ByteSwap
                0x000000000800574c        0xc usb_regs.o
                0x000000000800574c                ByteSwap
 .text.USB_SIL_Init
                0x0000000008005758       0x2c usb_sil.o
                0x0000000008005758                USB_SIL_Init
 .text.USB_SIL_Read
                0x0000000008005784       0x38 usb_sil.o
                0x0000000008005784                USB_SIL_Read
 .text.CTR_LP   0x00000000080057bc      0x1bc usb_int.o
                0x00000000080057bc                CTR_LP
 .text.__errno  0x0000000008005978        0xc /Users/imac/Develop/stm32f4/arm_gcc/gcc-arm-none-eabi-4_7-2013q3/bin/../lib/gcc/arm-none-eabi/4.7.4/../../../../arm-none-eabi/lib/armv7-m/libc.a(lib_a-errno.o)
                0x0000000008005978                __errno
 .text.sscanf   0x0000000008005984       0x5c /Users/imac/Develop/stm32f4/arm_gcc/gcc-arm-none-eabi-4_7-2013q3/bin/../lib/gcc/arm-none-eabi/4.7.4/../../../../arm-none-eabi/lib/armv7-m/libc.a(lib_a-sscanf.o)
                0x0000000008005984                sscanf
 .text.__seofread
                0x00000000080059e0        0x4 /Users/imac/Develop/stm32f4/arm_gcc/gcc-arm-none-eabi-4_7-2013q3/bin/../lib/gcc/arm-none-eabi/4.7.4/../../../../arm-none-eabi/lib/armv7-m/libc.a(lib_a-stdio.o)
                0x00000000080059e0                __seofread
 .text.strcmp   0x00000000080059e4       0x80 /Users/imac/Develop/stm32f4/arm_gcc/gcc-arm-none-eabi-4_7-2013q3/bin/../lib/gcc/arm-none-eabi/4.7.4/../../../../arm-none-eabi/lib/armv7-m/libc.a(lib_a-strcmp.o)
                0x00000000080059e4                strcmp
 .text.strcmp_unaligned
                0x0000000008005a64      0x15c /Users/imac/Develop/stm32f4/arm_gcc/gcc-arm-none-eabi-4_7-2013q3/bin/../lib/gcc/arm-none-eabi/4.7.4/../../../../arm-none-eabi/lib/armv7-m/libc.a(lib_a-strcmp.o)
 .text.strlen   0x0000000008005bc0       0x60 /Users/imac/Develop/stm32f4/arm_gcc/gcc-arm-none-eabi-4_7-2013q3/bin/../lib/gcc/arm-none-eabi/4.7.4/../../../../arm-none-eabi/lib/armv7-m/libc.a(lib_a-strlen.o)
                0x0000000008005bc0                strlen
 .text.strncmp  0x0000000008005c20      0x120 /Users/imac/Develop/stm32f4/arm_gcc/gcc-arm-none-eabi-4_7-2013q3/bin/../lib/gcc/arm-none-eabi/4.7.4/../../../../arm-none-eabi/lib/armv7-m/libc.a(lib_a-strncmp.o)
                0x0000000008005c20                strncmp
 .text.strtok   0x0000000008005d40       0x14 /Users/imac/Develop/stm32f4/arm_gcc/gcc-arm-none-eabi-4_7-2013q3/bin/../lib/gcc/arm-none-eabi/4.7.4/../../../../arm-none-eabi/lib/armv7-m/libc.a(lib_a-strtok.o)
                0x0000000008005d40                strtok
 .text.__strtok_r
                0x0000000008005d54       0x60 /Users/imac/Develop/stm32f4/arm_gcc/gcc-arm-none-eabi-4_7-2013q3/bin/../lib/gcc/arm-none-eabi/4.7.4/../../../../arm-none-eabi/lib/armv7-m/libc.a(lib_a-strtok_r.o)
                0x0000000008005d54                __strtok_r
 .text.__ssvfscanf_r
                0x0000000008005db4     0x11b8 /Users/imac/Develop/stm32f4/arm_gcc/gcc-arm-none-eabi-4_7-2013q3/bin/../lib/gcc/arm-none-eabi/4.7.4/../../../../arm-none-eabi/lib/armv7-m/libc.a(lib_a-svfscanf.o)
                0x0000000008005db4                __ssvfscanf_r
 .text.__sfp_lock_acquire
                0x0000000008006f6c        0x4 /Users/imac/Develop/stm32f4/arm_gcc/gcc-arm-none-eabi-4_7-2013q3/bin/../lib/gcc/arm-none-eabi/4.7.4/../../../../arm-none-eabi/lib/armv7-m/libc.a(lib_a-findfp.o)
                0x0000000008006f6c                __sfp_lock_acquire
 .text.__sfp_lock_release
                0x0000000008006f70        0x4 /Users/imac/Develop/stm32f4/arm_gcc/gcc-arm-none-eabi-4_7-2013q3/bin/../lib/gcc/arm-none-eabi/4.7.4/../../../../arm-none-eabi/lib/armv7-m/libc.a(lib_a-findfp.o)
                0x0000000008006f70                __sfp_lock_release
 .text.iswspace
                0x0000000008006f74       0x1c /Users/imac/Develop/stm32f4/arm_gcc/gcc-arm-none-eabi-4_7-2013q3/bin/../lib/gcc/arm-none-eabi/4.7.4/../../../../arm-none-eabi/lib/armv7-m/libc.a(lib_a-iswspace.o)
                0x0000000008006f74                iswspace
 .text.__locale_charset
                0x0000000008006f90        0xc /Users/imac/Develop/stm32f4/arm_gcc/gcc-arm-none-eabi-4_7-2013q3/bin/../lib/gcc/arm-none-eabi/4.7.4/../../../../arm-none-eabi/lib/armv7-m/libc.a(lib_a-locale.o)
                0x0000000008006f90                __locale_charset
 .text.__locale_mb_cur_max
                0x0000000008006f9c        0xc /Users/imac/Develop/stm32f4/arm_gcc/gcc-arm-none-eabi-4_7-2013q3/bin/../lib/gcc/arm-none-eabi/4.7.4/../../../../arm-none-eabi/lib/armv7-m/libc.a(lib_a-locale.o)
                0x0000000008006f9c                __locale_mb_cur_max
 .text._localeconv_r
                0x0000000008006fa8        0xc /Users/imac/Develop/stm32f4/arm_gcc/gcc-arm-none-eabi-4_7-2013q3/bin/../lib/gcc/arm-none-eabi/4.7.4/../../../../arm-none-eabi/lib/armv7-m/libc.a(lib_a-locale.o)
                0x0000000008006fa8                _localeconv_r
 .text._malloc_r
                0x0000000008006fb4      0x530 /Users/imac/Develop/stm32f4/arm_gcc/gcc-arm-none-eabi-4_7-2013q3/bin/../lib/gcc/arm-none-eabi/4.7.4/../../../../arm-none-eabi/lib/armv7-m/libc.a(lib_a-mallocr.o)
                0x0000000008006fb4                _malloc_r
 .text._mbrtowc_r
                0x00000000080074e4       0x5c /Users/imac/Develop/stm32f4/arm_gcc/gcc-arm-none-eabi-4_7-2013q3/bin/../lib/gcc/arm-none-eabi/4.7.4/../../../../arm-none-eabi/lib/armv7-m/libc.a(lib_a-mbrtowc.o)
                0x00000000080074e4                _mbrtowc_r
 .text.__ascii_mbtowc
                0x0000000008007540       0x28 /Users/imac/Develop/stm32f4/arm_gcc/gcc-arm-none-eabi-4_7-2013q3/bin/../lib/gcc/arm-none-eabi/4.7.4/../../../../arm-none-eabi/lib/armv7-m/libc.a(lib_a-mbtowc_r.o)
                0x0000000008007540                __ascii_mbtowc
 .text.memset   0x0000000008007568      0x12c /Users/imac/Develop/stm32f4/arm_gcc/gcc-arm-none-eabi-4_7-2013q3/bin/../lib/gcc/arm-none-eabi/4.7.4/../../../../arm-none-eabi/lib/armv7-m/libc.a(lib_a-memset.o)
                0x0000000008007568                memset
 .text.__malloc_lock
                0x0000000008007694        0x4 /Users/imac/Develop/stm32f4/arm_gcc/gcc-arm-none-eabi-4_7-2013q3/bin/../lib/gcc/arm-none-eabi/4.7.4/../../../../arm-none-eabi/lib/armv7-m/libc.a(lib_a-mlock.o)
                0x0000000008007694                __malloc_lock
 .text.__malloc_unlock
                0x0000000008007698        0x4 /Users/imac/Develop/stm32f4/arm_gcc/gcc-arm-none-eabi-4_7-2013q3/bin/../lib/gcc/arm-none-eabi/4.7.4/../../../../arm-none-eabi/lib/armv7-m/libc.a(lib_a-mlock.o)
                0x0000000008007698                __malloc_unlock
 .text.__fpclassifyd
                0x000000000800769c       0x68 /Users/imac/Develop/stm32f4/arm_gcc/gcc-arm-none-eabi-4_7-2013q3/bin/../lib/gcc/arm-none-eabi/4.7.4/../../../../arm-none-eabi/lib/armv7-m/libc.a(lib_a-s_fpclassify.o)
                0x000000000800769c                __fpclassifyd
 .text._sbrk_r  0x0000000008007704       0x24 /Users/imac/Develop/stm32f4/arm_gcc/gcc-arm-none-eabi-4_7-2013q3/bin/../lib/gcc/arm-none-eabi/4.7.4/../../../../arm-none-eabi/lib/armv7-m/libc.a(lib_a-sbrkr.o)
                0x0000000008007704                _sbrk_r
 .text.__sccl   0x0000000008007728       0x94 /Users/imac/Develop/stm32f4/arm_gcc/gcc-arm-none-eabi-4_7-2013q3/bin/../lib/gcc/arm-none-eabi/4.7.4/../../../../arm-none-eabi/lib/armv7-m/libc.a(lib_a-sccl.o)
                0x0000000008007728                __sccl
 .text.nanf     0x00000000080077bc        0x8 /Users/imac/Develop/stm32f4/arm_gcc/gcc-arm-none-eabi-4_7-2013q3/bin/../lib/gcc/arm-none-eabi/4.7.4/../../../../arm-none-eabi/lib/armv7-m/libc.a(lib_a-sf_nan.o)
                0x00000000080077bc                nanf
 .text.sprintf  0x00000000080077c4       0x50 /Users/imac/Develop/stm32f4/arm_gcc/gcc-arm-none-eabi-4_7-2013q3/bin/../lib/gcc/arm-none-eabi/4.7.4/../../../../arm-none-eabi/lib/armv7-m/libc.a(lib_a-sprintf.o)
                0x00000000080077c4                sprintf
 *fill*         0x0000000008007814        0x4 00
 .text._strtod_r
                0x0000000008007818      0xeb0 /Users/imac/Develop/stm32f4/arm_gcc/gcc-arm-none-eabi-4_7-2013q3/bin/../lib/gcc/arm-none-eabi/4.7.4/../../../../arm-none-eabi/lib/armv7-m/libc.a(lib_a-strtod.o)
                0x0000000008007818                _strtod_r
 .text._strtol_r
                0x00000000080086c8      0x130 /Users/imac/Develop/stm32f4/arm_gcc/gcc-arm-none-eabi-4_7-2013q3/bin/../lib/gcc/arm-none-eabi/4.7.4/../../../../arm-none-eabi/lib/armv7-m/libc.a(lib_a-strtol.o)
                0x00000000080086c8                _strtol_r
 .text._strtoll_r
                0x00000000080087f8      0x1b0 /Users/imac/Develop/stm32f4/arm_gcc/gcc-arm-none-eabi-4_7-2013q3/bin/../lib/gcc/arm-none-eabi/4.7.4/../../../../arm-none-eabi/lib/armv7-m/libc.a(lib_a-strtoll_r.o)
                0x00000000080087f8                _strtoll_r
 .text._strtoul_r
                0x00000000080089a8      0x150 /Users/imac/Develop/stm32f4/arm_gcc/gcc-arm-none-eabi-4_7-2013q3/bin/../lib/gcc/arm-none-eabi/4.7.4/../../../../arm-none-eabi/lib/armv7-m/libc.a(lib_a-strtoul.o)
                0x00000000080089a8                _strtoul_r
 .text._strtoull_r
                0x0000000008008af8      0x1f0 /Users/imac/Develop/stm32f4/arm_gcc/gcc-arm-none-eabi-4_7-2013q3/bin/../lib/gcc/arm-none-eabi/4.7.4/../../../../arm-none-eabi/lib/armv7-m/libc.a(lib_a-strtoull_r.o)
                0x0000000008008af8                _strtoull_r
 .text._sungetc_r
                0x0000000008008ce8       0x80 /Users/imac/Develop/stm32f4/arm_gcc/gcc-arm-none-eabi-4_7-2013q3/bin/../lib/gcc/arm-none-eabi/4.7.4/../../../../arm-none-eabi/lib/armv7-m/libc.a(lib_a-svfiscanf.o)
                0x0000000008008ce8                _sungetc_r
 .text.__ssrefill_r
                0x0000000008008d68       0x3c /Users/imac/Develop/stm32f4/arm_gcc/gcc-arm-none-eabi-4_7-2013q3/bin/../lib/gcc/arm-none-eabi/4.7.4/../../../../arm-none-eabi/lib/armv7-m/libc.a(lib_a-svfiscanf.o)
                0x0000000008008d68                __ssrefill_r
 .text._sfread_r
                0x0000000008008da4       0x7c /Users/imac/Develop/stm32f4/arm_gcc/gcc-arm-none-eabi-4_7-2013q3/bin/../lib/gcc/arm-none-eabi/4.7.4/../../../../arm-none-eabi/lib/armv7-m/libc.a(lib_a-svfiscanf.o)
                0x0000000008008da4                _sfread_r
 .text._svfprintf_r
                0x0000000008008e20     0x1adc /Users/imac/Develop/stm32f4/arm_gcc/gcc-arm-none-eabi-4_7-2013q3/bin/../lib/gcc/arm-none-eabi/4.7.4/../../../../arm-none-eabi/lib/armv7-m/libc.a(lib_a-svfprintf.o)
                0x0000000008008e20                _svfprintf_r
 .text.__submore
                0x000000000800a8fc       0x7c /Users/imac/Develop/stm32f4/arm_gcc/gcc-arm-none-eabi-4_7-2013q3/bin/../lib/gcc/arm-none-eabi/4.7.4/../../../../arm-none-eabi/lib/armv7-m/libc.a(lib_a-ungetc.o)
                0x000000000800a8fc                __submore
 .text.quorem   0x000000000800a978      0x2ec /Users/imac/Develop/stm32f4/arm_gcc/gcc-arm-none-eabi-4_7-2013q3/bin/../lib/gcc/arm-none-eabi/4.7.4/../../../../arm-none-eabi/lib/armv7-m/libc.a(lib_a-dtoa.o)
 *fill*         0x000000000800ac64        0x4 00
 .text._dtoa_r  0x000000000800ac68     0x11f8 /Users/imac/Develop/stm32f4/arm_gcc/gcc-arm-none-eabi-4_7-2013q3/bin/../lib/gcc/arm-none-eabi/4.7.4/../../../../arm-none-eabi/lib/armv7-m/libc.a(lib_a-dtoa.o)
                0x000000000800ac68                _dtoa_r
 .text._malloc_trim_r
                0x000000000800be60       0x98 /Users/imac/Develop/stm32f4/arm_gcc/gcc-arm-none-eabi-4_7-2013q3/bin/../lib/gcc/arm-none-eabi/4.7.4/../../../../arm-none-eabi/lib/armv7-m/libc.a(lib_a-freer.o)
                0x000000000800be60                _malloc_trim_r
 .text._free_r  0x000000000800bef8      0x194 /Users/imac/Develop/stm32f4/arm_gcc/gcc-arm-none-eabi-4_7-2013q3/bin/../lib/gcc/arm-none-eabi/4.7.4/../../../../arm-none-eabi/lib/armv7-m/libc.a(lib_a-freer.o)
                0x000000000800bef8                _free_r
 .text.rshift   0x000000000800c08c      0x148 /Users/imac/Develop/stm32f4/arm_gcc/gcc-arm-none-eabi-4_7-2013q3/bin/../lib/gcc/arm-none-eabi/4.7.4/../../../../arm-none-eabi/lib/armv7-m/libc.a(lib_a-gdtoa-gethex.o)
 .text.__hexdig_init
                0x000000000800c1d4       0x50 /Users/imac/Develop/stm32f4/arm_gcc/gcc-arm-none-eabi-4_7-2013q3/bin/../lib/gcc/arm-none-eabi/4.7.4/../../../../arm-none-eabi/lib/armv7-m/libc.a(lib_a-gdtoa-gethex.o)
                0x000000000800c1d4                __hexdig_init
 .text.__gethex
                0x000000000800c224      0x588 /Users/imac/Develop/stm32f4/arm_gcc/gcc-arm-none-eabi-4_7-2013q3/bin/../lib/gcc/arm-none-eabi/4.7.4/../../../../arm-none-eabi/lib/armv7-m/libc.a(lib_a-gdtoa-gethex.o)
                0x000000000800c224                __gethex
 .text.__hexnan
                0x000000000800c7ac      0x2f0 /Users/imac/Develop/stm32f4/arm_gcc/gcc-arm-none-eabi-4_7-2013q3/bin/../lib/gcc/arm-none-eabi/4.7.4/../../../../arm-none-eabi/lib/armv7-m/libc.a(lib_a-gdtoa-hexnan.o)
                0x000000000800c7ac                __hexnan
 .text.memchr   0x000000000800ca9c      0x140 /Users/imac/Develop/stm32f4/arm_gcc/gcc-arm-none-eabi-4_7-2013q3/bin/../lib/gcc/arm-none-eabi/4.7.4/../../../../arm-none-eabi/lib/armv7-m/libc.a(lib_a-memchr.o)
                0x000000000800ca9c                memchr
 .text.memcpy   0x000000000800cbdc      0x15c /Users/imac/Develop/stm32f4/arm_gcc/gcc-arm-none-eabi-4_7-2013q3/bin/../lib/gcc/arm-none-eabi/4.7.4/../../../../arm-none-eabi/lib/armv7-m/libc.a(lib_a-memcpy.o)
                0x000000000800cbdc                memcpy
 .text._Balloc  0x000000000800cd38       0x4c /Users/imac/Develop/stm32f4/arm_gcc/gcc-arm-none-eabi-4_7-2013q3/bin/../lib/gcc/arm-none-eabi/4.7.4/../../../../arm-none-eabi/lib/armv7-m/libc.a(lib_a-mprec.o)
                0x000000000800cd38                _Balloc
 .text._Bfree   0x000000000800cd84       0x14 /Users/imac/Develop/stm32f4/arm_gcc/gcc-arm-none-eabi-4_7-2013q3/bin/../lib/gcc/arm-none-eabi/4.7.4/../../../../arm-none-eabi/lib/armv7-m/libc.a(lib_a-mprec.o)
                0x000000000800cd84                _Bfree
 .text.__multadd
                0x000000000800cd98       0xfc /Users/imac/Develop/stm32f4/arm_gcc/gcc-arm-none-eabi-4_7-2013q3/bin/../lib/gcc/arm-none-eabi/4.7.4/../../../../arm-none-eabi/lib/armv7-m/libc.a(lib_a-mprec.o)
                0x000000000800cd98                __multadd
 .text.__s2b    0x000000000800ce94      0x140 /Users/imac/Develop/stm32f4/arm_gcc/gcc-arm-none-eabi-4_7-2013q3/bin/../lib/gcc/arm-none-eabi/4.7.4/../../../../arm-none-eabi/lib/armv7-m/libc.a(lib_a-mprec.o)
                0x000000000800ce94                __s2b
 .text.__hi0bits
                0x000000000800cfd4       0x3c /Users/imac/Develop/stm32f4/arm_gcc/gcc-arm-none-eabi-4_7-2013q3/bin/../lib/gcc/arm-none-eabi/4.7.4/../../../../arm-none-eabi/lib/armv7-m/libc.a(lib_a-mprec.o)
                0x000000000800cfd4                __hi0bits
 .text.__lo0bits
                0x000000000800d010       0x5c /Users/imac/Develop/stm32f4/arm_gcc/gcc-arm-none-eabi-4_7-2013q3/bin/../lib/gcc/arm-none-eabi/4.7.4/../../../../arm-none-eabi/lib/armv7-m/libc.a(lib_a-mprec.o)
                0x000000000800d010                __lo0bits
 .text.__i2b    0x000000000800d06c       0x14 /Users/imac/Develop/stm32f4/arm_gcc/gcc-arm-none-eabi-4_7-2013q3/bin/../lib/gcc/arm-none-eabi/4.7.4/../../../../arm-none-eabi/lib/armv7-m/libc.a(lib_a-mprec.o)
                0x000000000800d06c                __i2b
 .text.__multiply
                0x000000000800d080      0x2d0 /Users/imac/Develop/stm32f4/arm_gcc/gcc-arm-none-eabi-4_7-2013q3/bin/../lib/gcc/arm-none-eabi/4.7.4/../../../../arm-none-eabi/lib/armv7-m/libc.a(lib_a-mprec.o)
                0x000000000800d080                __multiply
 .text.__pow5mult
                0x000000000800d350       0x94 /Users/imac/Develop/stm32f4/arm_gcc/gcc-arm-none-eabi-4_7-2013q3/bin/../lib/gcc/arm-none-eabi/4.7.4/../../../../arm-none-eabi/lib/armv7-m/libc.a(lib_a-mprec.o)
                0x000000000800d350                __pow5mult
 .text.__lshift
                0x000000000800d3e4      0x16c /Users/imac/Develop/stm32f4/arm_gcc/gcc-arm-none-eabi-4_7-2013q3/bin/../lib/gcc/arm-none-eabi/4.7.4/../../../../arm-none-eabi/lib/armv7-m/libc.a(lib_a-mprec.o)
                0x000000000800d3e4                __lshift
 .text.__mcmp   0x000000000800d550       0x5c /Users/imac/Develop/stm32f4/arm_gcc/gcc-arm-none-eabi-4_7-2013q3/bin/../lib/gcc/arm-none-eabi/4.7.4/../../../../arm-none-eabi/lib/armv7-m/libc.a(lib_a-mprec.o)
                0x000000000800d550                __mcmp
 .text.__mdiff  0x000000000800d5ac      0x218 /Users/imac/Develop/stm32f4/arm_gcc/gcc-arm-none-eabi-4_7-2013q3/bin/../lib/gcc/arm-none-eabi/4.7.4/../../../../arm-none-eabi/lib/armv7-m/libc.a(lib_a-mprec.o)
                0x000000000800d5ac                __mdiff
 .text.__ulp    0x000000000800d7c4       0x44 /Users/imac/Develop/stm32f4/arm_gcc/gcc-arm-none-eabi-4_7-2013q3/bin/../lib/gcc/arm-none-eabi/4.7.4/../../../../arm-none-eabi/lib/armv7-m/libc.a(lib_a-mprec.o)
                0x000000000800d7c4                __ulp
 .text.__b2d    0x000000000800d808       0xbc /Users/imac/Develop/stm32f4/arm_gcc/gcc-arm-none-eabi-4_7-2013q3/bin/../lib/gcc/arm-none-eabi/4.7.4/../../../../arm-none-eabi/lib/armv7-m/libc.a(lib_a-mprec.o)
                0x000000000800d808                __b2d
 .text.__d2b    0x000000000800d8c4       0xc0 /Users/imac/Develop/stm32f4/arm_gcc/gcc-arm-none-eabi-4_7-2013q3/bin/../lib/gcc/arm-none-eabi/4.7.4/../../../../arm-none-eabi/lib/armv7-m/libc.a(lib_a-mprec.o)
                0x000000000800d8c4                __d2b
 .text.__ratio  0x000000000800d984       0x54 /Users/imac/Develop/stm32f4/arm_gcc/gcc-arm-none-eabi-4_7-2013q3/bin/../lib/gcc/arm-none-eabi/4.7.4/../../../../arm-none-eabi/lib/armv7-m/libc.a(lib_a-mprec.o)
                0x000000000800d984                __ratio
 .text.__copybits
                0x000000000800d9d8       0xa0 /Users/imac/Develop/stm32f4/arm_gcc/gcc-arm-none-eabi-4_7-2013q3/bin/../lib/gcc/arm-none-eabi/4.7.4/../../../../arm-none-eabi/lib/armv7-m/libc.a(lib_a-mprec.o)
                0x000000000800d9d8                __copybits
 .text.__any_on
                0x000000000800da78       0x74 /Users/imac/Develop/stm32f4/arm_gcc/gcc-arm-none-eabi-4_7-2013q3/bin/../lib/gcc/arm-none-eabi/4.7.4/../../../../arm-none-eabi/lib/armv7-m/libc.a(lib_a-mprec.o)
                0x000000000800da78                __any_on
 .text._realloc_r
                0x000000000800daec      0x3ec /Users/imac/Develop/stm32f4/arm_gcc/gcc-arm-none-eabi-4_7-2013q3/bin/../lib/gcc/arm-none-eabi/4.7.4/../../../../arm-none-eabi/lib/armv7-m/libc.a(lib_a-reallocr.o)
                0x000000000800daec                _realloc_r
 .text.__ssprint_r
                0x000000000800ded8      0x100 /Users/imac/Develop/stm32f4/arm_gcc/gcc-arm-none-eabi-4_7-2013q3/bin/../lib/gcc/arm-none-eabi/4.7.4/../../../../arm-none-eabi/lib/armv7-m/libc.a(lib_a-svfiprintf.o)
                0x000000000800ded8                __ssprint_r
 .text._calloc_r
                0x000000000800dfd8       0x60 /Users/imac/Develop/stm32f4/arm_gcc/gcc-arm-none-eabi-4_7-2013q3/bin/../lib/gcc/arm-none-eabi/4.7.4/../../../../arm-none-eabi/lib/armv7-m/libc.a(lib_a-callocr.o)
                0x000000000800dfd8                _calloc_r
 .text.memmove  0x000000000800e038      0x1b0 /Users/imac/Develop/stm32f4/arm_gcc/gcc-arm-none-eabi-4_7-2013q3/bin/../lib/gcc/arm-none-eabi/4.7.4/../../../../arm-none-eabi/lib/armv7-m/libc.a(lib_a-memmove.o)
                0x000000000800e038                memmove
 *(.stub .gnu.linkonce.t.*)
 *(.rodata .rodata.* .gnu.linkonce.r.*)
 .rodata.str1.4
                0x000000000800e1e8       0x24 main.o
 .rodata.str1.4
                0x000000000800e20c      0x153 Ap_StrCmd.o
                                        0x158 (size before relaxing)
 *fill*         0x000000000800e35f        0x1 00
 .rodata.str1.4
                0x000000000800e360       0x13 Ap_StrCmd_List.o
                                         0x14 (size before relaxing)
 *fill*         0x000000000800e373        0x1 00
 .rodata.str1.4
                0x000000000800e374        0xb Ap_StrCmd_MOVE.o
                                         0x10 (size before relaxing)
 *fill*         0x000000000800e37f        0x1 00
 .rodata.str1.4
                0x000000000800e380        0x7 Lb_Util.o
                                          0x8 (size before relaxing)
 *fill*         0x000000000800e387        0x1 00
 .rodata.Virtual_Com_Port_StringVendor
                0x000000000800e388       0x28 usb_desc.o
                0x000000000800e388                Virtual_Com_Port_StringVendor
 .rodata.Virtual_Com_Port_DeviceDescriptor
                0x000000000800e3b0       0x14 usb_desc.o
                0x000000000800e3b0                Virtual_Com_Port_DeviceDescriptor
 .rodata.Virtual_Com_Port_StringLangID
                0x000000000800e3c4        0x4 usb_desc.o
                0x000000000800e3c4                Virtual_Com_Port_StringLangID
 .rodata.Virtual_Com_Port_StringProduct
                0x000000000800e3c8       0x34 usb_desc.o
                0x000000000800e3c8                Virtual_Com_Port_StringProduct
 .rodata.Virtual_Com_Port_ConfigDescriptor
                0x000000000800e3fc       0x44 usb_desc.o
                0x000000000800e3fc                Virtual_Com_Port_ConfigDescriptor
 .rodata._ctype_
                0x000000000800e440      0x104 /Users/imac/Develop/stm32f4/arm_gcc/gcc-arm-none-eabi-4_7-2013q3/bin/../lib/gcc/arm-none-eabi/4.7.4/../../../../arm-none-eabi/lib/armv7-m/libc.a(lib_a-ctype_.o)
                0x000000000800e440                _ctype_
 .rodata.str1.4
                0x000000000800e544        0x2 /Users/imac/Develop/stm32f4/arm_gcc/gcc-arm-none-eabi-4_7-2013q3/bin/../lib/gcc/arm-none-eabi/4.7.4/../../../../arm-none-eabi/lib/armv7-m/libc.a(lib_a-impure.o)
                                          0x4 (size before relaxing)
 *fill*         0x000000000800e546        0x2 00
 .rodata.basefix.6637
                0x000000000800e548       0x24 /Users/imac/Develop/stm32f4/arm_gcc/gcc-arm-none-eabi-4_7-2013q3/bin/../lib/gcc/arm-none-eabi/4.7.4/../../../../arm-none-eabi/lib/armv7-m/libc.a(lib_a-svfscanf.o)
 .rodata.str1.4
                0x000000000800e56c        0x5 /Users/imac/Develop/stm32f4/arm_gcc/gcc-arm-none-eabi-4_7-2013q3/bin/../lib/gcc/arm-none-eabi/4.7.4/../../../../arm-none-eabi/lib/armv7-m/libc.a(lib_a-svfscanf.o)
                                          0x8 (size before relaxing)
 *fill*         0x000000000800e571        0x3 00
 .rodata.str1.4
                0x000000000800e574        0xa /Users/imac/Develop/stm32f4/arm_gcc/gcc-arm-none-eabi-4_7-2013q3/bin/../lib/gcc/arm-none-eabi/4.7.4/../../../../arm-none-eabi/lib/armv7-m/libc.a(lib_a-locale.o)
                                         0x14 (size before relaxing)
 .rodata.str1.4
                0x0000000000000000        0x4 /Users/imac/Develop/stm32f4/arm_gcc/gcc-arm-none-eabi-4_7-2013q3/bin/../lib/gcc/arm-none-eabi/4.7.4/../../../../arm-none-eabi/lib/armv7-m/libc.a(lib_a-mbrtowc.o)
 *fill*         0x000000000800e57e        0x2 00
 .rodata.str1.4
                0x000000000800e580        0xf /Users/imac/Develop/stm32f4/arm_gcc/gcc-arm-none-eabi-4_7-2013q3/bin/../lib/gcc/arm-none-eabi/4.7.4/../../../../arm-none-eabi/lib/armv7-m/libc.a(lib_a-strtod.o)
                                         0x10 (size before relaxing)
 *fill*         0x000000000800e58f        0x1 00
 .rodata.tinytens
                0x000000000800e590       0x28 /Users/imac/Develop/stm32f4/arm_gcc/gcc-arm-none-eabi-4_7-2013q3/bin/../lib/gcc/arm-none-eabi/4.7.4/../../../../arm-none-eabi/lib/armv7-m/libc.a(lib_a-strtod.o)
 .rodata.str1.4
                0x000000000800e5b8       0x42 /Users/imac/Develop/stm32f4/arm_gcc/gcc-arm-none-eabi-4_7-2013q3/bin/../lib/gcc/arm-none-eabi/4.7.4/../../../../arm-none-eabi/lib/armv7-m/libc.a(lib_a-svfprintf.o)
                                         0x44 (size before relaxing)
 *fill*         0x000000000800e5fa        0x2 00
 .rodata.zeroes.6721
                0x000000000800e5fc       0x10 /Users/imac/Develop/stm32f4/arm_gcc/gcc-arm-none-eabi-4_7-2013q3/bin/../lib/gcc/arm-none-eabi/4.7.4/../../../../arm-none-eabi/lib/armv7-m/libc.a(lib_a-svfprintf.o)
 .rodata.blanks.6720
                0x000000000800e60c       0x10 /Users/imac/Develop/stm32f4/arm_gcc/gcc-arm-none-eabi-4_7-2013q3/bin/../lib/gcc/arm-none-eabi/4.7.4/../../../../arm-none-eabi/lib/armv7-m/libc.a(lib_a-svfprintf.o)
 .rodata.str1.4
                0x000000000800e61c       0x10 /Users/imac/Develop/stm32f4/arm_gcc/gcc-arm-none-eabi-4_7-2013q3/bin/../lib/gcc/arm-none-eabi/4.7.4/../../../../arm-none-eabi/lib/armv7-m/libc.a(lib_a-dtoa.o)
                                         0x14 (size before relaxing)
 .rodata.str1.4
                0x000000000800e62c       0x1c /Users/imac/Develop/stm32f4/arm_gcc/gcc-arm-none-eabi-4_7-2013q3/bin/../lib/gcc/arm-none-eabi/4.7.4/../../../../arm-none-eabi/lib/armv7-m/libc.a(lib_a-gdtoa-gethex.o)
 .rodata.p05.5242
                0x000000000800e648        0xc /Users/imac/Develop/stm32f4/arm_gcc/gcc-arm-none-eabi-4_7-2013q3/bin/../lib/gcc/arm-none-eabi/4.7.4/../../../../arm-none-eabi/lib/armv7-m/libc.a(lib_a-mprec.o)
 *fill*         0x000000000800e654        0x4 00
 .rodata.__mprec_tens
                0x000000000800e658       0xc8 /Users/imac/Develop/stm32f4/arm_gcc/gcc-arm-none-eabi-4_7-2013q3/bin/../lib/gcc/arm-none-eabi/4.7.4/../../../../arm-none-eabi/lib/armv7-m/libc.a(lib_a-mprec.o)
                0x000000000800e658                __mprec_tens
 .rodata.__mprec_bigtens
                0x000000000800e720       0x28 /Users/imac/Develop/stm32f4/arm_gcc/gcc-arm-none-eabi-4_7-2013q3/bin/../lib/gcc/arm-none-eabi/4.7.4/../../../../arm-none-eabi/lib/armv7-m/libc.a(lib_a-mprec.o)
                0x000000000800e720                __mprec_bigtens
 *(.glue_7 .glue_7t)
 .glue_7        0x0000000000000000        0x0 linker stubs
 .glue_7t       0x0000000000000000        0x0 linker stubs
                0x000000000800e748                . = ALIGN (0x4)

.vfp11_veneer   0x000000000800e748        0x0
 .vfp11_veneer  0x0000000000000000        0x0 linker stubs

.v4_bx          0x000000000800e748        0x0
 .v4_bx         0x0000000000000000        0x0 linker stubs

.iplt           0x000000000800e748        0x0
 .iplt          0x0000000000000000        0x0 main.o

.ARM.extab
 *(.ARM.extab* .gnu.linkonce.armextab.*)

.ARM            0x000000000800e748        0x8
                0x000000000800e748                __exidx_start = .
 *(.ARM.exidx*)
 .ARM.exidx     0x000000000800e748        0x8 /Users/imac/Develop/stm32f4/arm_gcc/gcc-arm-none-eabi-4_7-2013q3/bin/../lib/gcc/arm-none-eabi/4.7.4/armv7-m/libgcc.a(_divdi3.o)
 .ARM.exidx     0x000000000800e750        0x0 /Users/imac/Develop/stm32f4/arm_gcc/gcc-arm-none-eabi-4_7-2013q3/bin/../lib/gcc/arm-none-eabi/4.7.4/armv7-m/libgcc.a(_udivdi3.o)
                                          0x8 (size before relaxing)
                0x000000000800e750                __exidx_end = .
                0x000000000800e750                _etext = .
                0x000000000800e750                _sidata = _etext

.rel.dyn        0x000000000800e750        0x0
 .rel.iplt      0x0000000000000000        0x0 main.o

.data           0x0000000020000000      0x9ac load address 0x000000000800e750
                0x0000000020000000                . = .
                0x0000000020000000                . = ALIGN (0x4)
                0x0000000020000000                _sdata = .
                0x0000000020000000                . = ALIGN (0x80)
                0x0000000000000000                _isr_vectorsram_offs = (. - 0x20000000)
 *(.isr_vectorsram)
                0x0000000020000000                . = ALIGN (0x4)
 *(.ramfunc*)
                0x0000000020000000                . = ALIGN (0x4)
 *(.data .data.* .gnu.linkonce.d.*)
 .data.Virtual_Com_Port_StringSerial
                0x0000000020000000       0x1c usb_desc.o
                0x0000000020000000                Virtual_Com_Port_StringSerial
 .data.pEpInt_IN
                0x000000002000001c       0x1c usb_istr.o
                0x000000002000001c                pEpInt_IN
 .data.pEpInt_OUT
                0x0000000020000038       0x1c usb_istr.o
                0x0000000020000038                pEpInt_OUT
 .data.Config_Descriptor
                0x0000000020000054        0x8 usb_prop.o
                0x0000000020000054                Config_Descriptor
 .data.Device_Property
                0x000000002000005c       0x30 usb_prop.o
                0x000000002000005c                Device_Property
 .data.User_Standard_Requests
                0x000000002000008c       0x24 usb_prop.o
                0x000000002000008c                User_Standard_Requests
 .data.Device_Descriptor
                0x00000000200000b0        0x8 usb_prop.o
                0x00000000200000b0                Device_Descriptor
 .data.String_Descriptor
                0x00000000200000b8       0x20 usb_prop.o
                0x00000000200000b8                String_Descriptor
 .data.linecoding
                0x00000000200000d8        0x8 usb_prop.o
                0x00000000200000d8                linecoding
 .data.Device_Table
                0x00000000200000e0        0x4 usb_prop.o
                0x00000000200000e0                Device_Table
 .data.__ctype_ptr__
                0x00000000200000e4        0x4 /Users/imac/Develop/stm32f4/arm_gcc/gcc-arm-none-eabi-4_7-2013q3/bin/../lib/gcc/arm-none-eabi/4.7.4/../../../../arm-none-eabi/lib/armv7-m/libc.a(lib_a-ctype_.o)
                0x00000000200000e4                __ctype_ptr__
 .data.impure_data
                0x00000000200000e8      0x428 /Users/imac/Develop/stm32f4/arm_gcc/gcc-arm-none-eabi-4_7-2013q3/bin/../lib/gcc/arm-none-eabi/4.7.4/../../../../arm-none-eabi/lib/armv7-m/libc.a(lib_a-impure.o)
 .data._impure_ptr
                0x0000000020000510        0x4 /Users/imac/Develop/stm32f4/arm_gcc/gcc-arm-none-eabi-4_7-2013q3/bin/../lib/gcc/arm-none-eabi/4.7.4/../../../../arm-none-eabi/lib/armv7-m/libc.a(lib_a-impure.o)
                0x0000000020000510                _impure_ptr
 .data.lconv    0x0000000020000514       0x38 /Users/imac/Develop/stm32f4/arm_gcc/gcc-arm-none-eabi-4_7-2013q3/bin/../lib/gcc/arm-none-eabi/4.7.4/../../../../arm-none-eabi/lib/armv7-m/libc.a(lib_a-locale.o)
 .data.lc_ctype_charset
                0x000000002000054c       0x20 /Users/imac/Develop/stm32f4/arm_gcc/gcc-arm-none-eabi-4_7-2013q3/bin/../lib/gcc/arm-none-eabi/4.7.4/../../../../arm-none-eabi/lib/armv7-m/libc.a(lib_a-locale.o)
 .data.__mb_cur_max
                0x000000002000056c        0x4 /Users/imac/Develop/stm32f4/arm_gcc/gcc-arm-none-eabi-4_7-2013q3/bin/../lib/gcc/arm-none-eabi/4.7.4/../../../../arm-none-eabi/lib/armv7-m/libc.a(lib_a-locale.o)
                0x000000002000056c                __mb_cur_max
 .data.__malloc_av_
                0x0000000020000570      0x408 /Users/imac/Develop/stm32f4/arm_gcc/gcc-arm-none-eabi-4_7-2013q3/bin/../lib/gcc/arm-none-eabi/4.7.4/../../../../arm-none-eabi/lib/armv7-m/libc.a(lib_a-mallocr.o)
                0x0000000020000570                __malloc_av_
 .data.__malloc_trim_threshold
                0x0000000020000978        0x4 /Users/imac/Develop/stm32f4/arm_gcc/gcc-arm-none-eabi-4_7-2013q3/bin/../lib/gcc/arm-none-eabi/4.7.4/../../../../arm-none-eabi/lib/armv7-m/libc.a(lib_a-mallocr.o)
                0x0000000020000978                __malloc_trim_threshold
 .data.__malloc_sbrk_base
                0x000000002000097c        0x4 /Users/imac/Develop/stm32f4/arm_gcc/gcc-arm-none-eabi-4_7-2013q3/bin/../lib/gcc/arm-none-eabi/4.7.4/../../../../arm-none-eabi/lib/armv7-m/libc.a(lib_a-mallocr.o)
                0x000000002000097c                __malloc_sbrk_base
 .data.__mbtowc
                0x0000000020000980        0x4 /Users/imac/Develop/stm32f4/arm_gcc/gcc-arm-none-eabi-4_7-2013q3/bin/../lib/gcc/arm-none-eabi/4.7.4/../../../../arm-none-eabi/lib/armv7-m/libc.a(lib_a-mbtowc_r.o)
                0x0000000020000980                __mbtowc
 .data.fpi.5202
                0x0000000020000984       0x14 /Users/imac/Develop/stm32f4/arm_gcc/gcc-arm-none-eabi-4_7-2013q3/bin/../lib/gcc/arm-none-eabi/4.7.4/../../../../arm-none-eabi/lib/armv7-m/libc.a(lib_a-strtod.o)
 .data.fpinan.5238
                0x0000000020000998       0x14 /Users/imac/Develop/stm32f4/arm_gcc/gcc-arm-none-eabi-4_7-2013q3/bin/../lib/gcc/arm-none-eabi/4.7.4/../../../../arm-none-eabi/lib/armv7-m/libc.a(lib_a-strtod.o)
                0x00000000200009ac                . = ALIGN (0x4)
                0x00000000200009ac                _edata = .

.igot.plt       0x00000000200009ac        0x0 load address 0x000000000800f0fc
 .igot.plt      0x0000000000000000        0x0 main.o

.bss            0x0000000020000a00     0x135c load address 0x000000000800f200
                0x0000000020000a00                . = ALIGN (0x4)
                0x0000000020000a00                _sbss = .
 *(.bss .bss.*)
 .bss.Ap_StrCmd_EchoEnable
                0x0000000020000a00        0x1 Ap_StrCmd.o
                0x0000000020000a00                Ap_StrCmd_EchoEnable
 *fill*         0x0000000020000a01        0x3 00
 .bss.heap_end.4960
                0x0000000020000a04        0x4 Lb_Util.o
 .bss.StrPrintBufIndex
                0x0000000020000a08        0x4 Lb_Printf.o
                0x0000000020000a08                StrPrintBufIndex
 .bss.StrPrintMode
                0x0000000020000a0c        0x1 Lb_Printf.o
                0x0000000020000a0c                StrPrintMode
 *fill*         0x0000000020000a0d        0x3 00
 .bss.Timer_Tbl
                0x0000000020000a10       0xa0 Hw_Timer.o
 .bss.Hw_Timer_Counter
                0x0000000020000ab0        0x4 Hw_Timer.o
 .bss.Excute.4445
                0x0000000020000ab4        0x1 Hw_Timer.o
 *fill*         0x0000000020000ab5        0x1 00
 .bss.Tmr_Ctn   0x0000000020000ab6        0x2 Hw_Timer.o
 .bss.Cnt.4437  0x0000000020000ab8        0x1 Hw_Sonic.o
 *fill*         0x0000000020000ab9        0x3 00
 .bss.FrameCount.4891
                0x0000000020000abc        0x4 usb_endp.o
 .bss.wCNTR     0x0000000020000ac0        0x4 usb_istr.o
                0x0000000020000ac0                wCNTR
 .bss.bIntPackSOF
                0x0000000020000ac4        0x1 usb_istr.o
                0x0000000020000ac4                bIntPackSOF
 *fill*         0x0000000020000ac5        0x3 00
 .bss.esof_counter
                0x0000000020000ac8        0x4 usb_istr.o
                0x0000000020000ac8                esof_counter
 .bss.Request   0x0000000020000acc        0x1 usb_prop.o
                0x0000000020000acc                Request
 *fill*         0x0000000020000acd        0x3 00
 .bss.bDeviceState
                0x0000000020000ad0        0x4 usb_pwr.o
                0x0000000020000ad0                bDeviceState
 .bss.fSuspendEnabled
                0x0000000020000ad4        0x1 usb_pwr.o
                0x0000000020000ad4                fSuspendEnabled
 *fill*         0x0000000020000ad5        0x3 00
 .bss.remotewakeupon
                0x0000000020000ad8        0x4 usb_pwr.o
                0x0000000020000ad8                remotewakeupon
 .bss.USB_Tx_State
                0x0000000020000adc        0x1 hw_config.o
                0x0000000020000adc                USB_Tx_State
 *fill*         0x0000000020000add        0x3 00
 .bss.USART_Rx_ptr_in
                0x0000000020000ae0        0x4 hw_config.o
                0x0000000020000ae0                USART_Rx_ptr_in
 .bss.USART_Rx_ptr_out
                0x0000000020000ae4        0x4 hw_config.o
                0x0000000020000ae4                USART_Rx_ptr_out
 .bss.USART_Rx_length
                0x0000000020000ae8        0x4 hw_config.o
                0x0000000020000ae8                USART_Rx_length
 .bss.Data_Mul_MaxPacketSize
                0x0000000020000aec        0x1 usb_core.o
                0x0000000020000aec                Data_Mul_MaxPacketSize
 *fill*         0x0000000020000aed        0x3 00
 .bss.__malloc_max_total_mem
                0x0000000020000af0        0x4 /Users/imac/Develop/stm32f4/arm_gcc/gcc-arm-none-eabi-4_7-2013q3/bin/../lib/gcc/arm-none-eabi/4.7.4/../../../../arm-none-eabi/lib/armv7-m/libc.a(lib_a-mallocr.o)
                0x0000000020000af0                __malloc_max_total_mem
 .bss.__malloc_max_sbrked_mem
                0x0000000020000af4        0x4 /Users/imac/Develop/stm32f4/arm_gcc/gcc-arm-none-eabi-4_7-2013q3/bin/../lib/gcc/arm-none-eabi/4.7.4/../../../../arm-none-eabi/lib/armv7-m/libc.a(lib_a-mallocr.o)
                0x0000000020000af4                __malloc_max_sbrked_mem
 .bss.__malloc_top_pad
                0x0000000020000af8        0x4 /Users/imac/Develop/stm32f4/arm_gcc/gcc-arm-none-eabi-4_7-2013q3/bin/../lib/gcc/arm-none-eabi/4.7.4/../../../../arm-none-eabi/lib/armv7-m/libc.a(lib_a-mallocr.o)
                0x0000000020000af8                __malloc_top_pad
 .bss.__malloc_current_mallinfo
                0x0000000020000afc       0x28 /Users/imac/Develop/stm32f4/arm_gcc/gcc-arm-none-eabi-4_7-2013q3/bin/../lib/gcc/arm-none-eabi/4.7.4/../../../../arm-none-eabi/lib/armv7-m/libc.a(lib_a-mallocr.o)
                0x0000000020000afc                __malloc_current_mallinfo
 *(COMMON)
 COMMON         0x0000000020000b24      0x3fd Ap_StrCmd.o
                0x0000000020000b24                Ap_StrCmd_Dic_Ptr
                0x0000000020000e94                Ap_StrCmd_CmdStrExe
                0x0000000020000ed0                Ap_StrCmd_ChSize
                0x0000000020000ed2                Ap_StrCmd_CmdCheck
                0x0000000020000ed4                Ap_StrCmd_CmdStr
                0x0000000020000f10                Ap_StrCmd_DlyCheck
                0x0000000020000f14                Ap_StrCmd_PrintPtr
                0x0000000020000f18                Ap_StrCmd_Size
                0x0000000020000f1c                Ap_StrCmd_PutchPtr
                0x0000000020000f20                Ap_StrCmd_LoopCheck
 *fill*         0x0000000020000f21        0x3 00
 COMMON         0x0000000020000f24      0x172 Ap_StrCmd_Q.o
                0x0000000020000f24                Ap_StrCmd_Q_Start
                0x0000000020000f28                Ap_StrCmd_Q_Buffer
                0x0000000020001090                Ap_StrCmd_Q_End
                0x0000000020001094                Ap_StrCmd_Q_Size
 *fill*         0x0000000020001096        0x2 00
 COMMON         0x0000000020001098        0x4 Lb_Printf.o
                0x0000000020001098                pStrPrintBuf
 COMMON         0x000000002000109c       0x48 Hw_Uart.o
                0x000000002000109c                Hw_Uart_Ch
 COMMON         0x00000000200010e4      0x116 Hw_Uart_Q.o
                0x00000000200010e4                Hw_Uart_Q_Buffer
                0x00000000200011cc                Hw_Uart_Q_Size
                0x00000000200011dc                Hw_Uart_Q_End
                0x00000000200011ec                Hw_Uart_Q_Start
 *fill*         0x00000000200011fa        0x6 00
 COMMON         0x0000000020001200      0x190 Hw_ISR.o
                0x0000000020001200                Hw_ISR_VectorTable
 COMMON         0x0000000020001390        0x4 Hw_VCom.o
                0x0000000020001390                Hw_VCom_RxdFuncPtr
 COMMON         0x0000000020001394        0xc Hw_DcMotor.o
                0x0000000020001394                Hw_DcMotor_State
 COMMON         0x00000000200013a0       0x14 Hw_Sonic.o
                0x00000000200013a0                Hw_Sonic_Log
 COMMON         0x00000000200013b4       0x40 usb_endp.o
                0x00000000200013b4                USB_Rx_Buffer
 COMMON         0x00000000200013f4        0x2 usb_istr.o
                0x00000000200013f4                wIstr
 *fill*         0x00000000200013f6        0x2 00
 COMMON         0x00000000200013f8       0x24 usb_pwr.o
                0x00000000200013f8                ResumeS
                0x00000000200013fc                EP
 COMMON         0x000000002000141c      0x800 hw_config.o
                0x000000002000141c                USART_Rx_Buffer
 COMMON         0x0000000020001c1c        0x2 usb_core.o
                0x0000000020001c1c                StatusInfo
 *fill*         0x0000000020001c1e        0x2 00
 COMMON         0x0000000020001c20       0x32 usb_init.o
                0x0000000020001c20                SaveState
                0x0000000020001c24                pProperty
                0x0000000020001c28                EPindex
                0x0000000020001c2c                Device_Info
                0x0000000020001c48                pUser_Standard_Requests
                0x0000000020001c4c                pInformation
                0x0000000020001c50                wInterrupt_Mask
 COMMON         0x0000000020001c52        0x4 usb_int.o
                0x0000000020001c52                SaveRState
                0x0000000020001c54                SaveTState
 *fill*         0x0000000020001c56        0x2 00
 COMMON         0x0000000020001c58        0x4 /Users/imac/Develop/stm32f4/arm_gcc/gcc-arm-none-eabi-4_7-2013q3/bin/../lib/gcc/arm-none-eabi/4.7.4/../../../../arm-none-eabi/lib/armv7-m/libc.a(lib_a-reent.o)
                0x0000000020001c58                errno
 COMMON         0x0000000020001c5c      0x100 /Users/imac/Develop/stm32f4/arm_gcc/gcc-arm-none-eabi-4_7-2013q3/bin/../lib/gcc/arm-none-eabi/4.7.4/../../../../arm-none-eabi/lib/armv7-m/libc.a(lib_a-gdtoa-gethex.o)
                0x0000000020001c5c                __hexdig
                0x0000000020001d5c                . = ALIGN (0x4)
                0x0000000020001d5c                _ebss = .
                0x0000000020001d5c                PROVIDE (end, _ebss)
                0x0000000020001d5c                PROVIDE (_end, _ebss)
                0x0000000020001d5c                . = ALIGN (0x4)
                0x0000000020001e00                . = ALIGN (0x100)

._usrstack      0x0000000020001d5c      0x100 load address 0x000000000801055c
                0x0000000020001d5c                . = ALIGN (0x4)
                0x0000000020001d5c                _susrstack = .
                0x0000000020001e5c                . = (. + _Minimum_Stack_Size)
 *fill*         0x0000000020001d5c      0x100 00
                0x0000000020001e5c                . = ALIGN (0x4)
                0x0000000020001e5c                _eusrstack = .

.ARM.attributes
                0x0000000000000000       0x33
 *(.ARM.attributes)
 .ARM.attributes
                0x0000000000000000       0x33 main.o
 .ARM.attributes
                0x0000000000000033       0x33 Ap.o
 .ARM.attributes
                0x0000000000000066       0x33 Ap_StrCmd.o
 .ARM.attributes
                0x0000000000000099       0x33 Ap_StrCmd_Q.o
 .ARM.attributes
                0x00000000000000cc       0x33 Ap_StrCmd_List.o
 .ARM.attributes
                0x00000000000000ff       0x33 Ap_StrCmd_MOVE.o
 .ARM.attributes
                0x0000000000000132       0x33 Lb_Util.o
 .ARM.attributes
                0x0000000000000165       0x33 Lb_Printf.o
 .ARM.attributes
                0x0000000000000198       0x33 Hw_StartUp.o
 .ARM.attributes
                0x00000000000001cb       0x33 Hw.o
 .ARM.attributes
                0x00000000000001fe       0x33 Hw_Uart.o
 .ARM.attributes
                0x0000000000000231       0x33 Hw_PLL.o
 .ARM.attributes
                0x0000000000000264       0x33 Hw_Led.o
 .ARM.attributes
                0x0000000000000297       0x33 Hw_Uart_Q.o
 .ARM.attributes
                0x00000000000002ca       0x33 Hw_ISR.o
 .ARM.attributes
                0x00000000000002fd       0x33 Hw_Timer.o
 .ARM.attributes
                0x0000000000000330       0x33 Hw_VCom.o
 .ARM.attributes
                0x0000000000000363       0x33 Hw_Adc.o
 .ARM.attributes
                0x0000000000000396       0x33 Hw_DcMotor.o
 .ARM.attributes
                0x00000000000003c9       0x33 Hw_Pwm.o
 .ARM.attributes
                0x00000000000003fc       0x33 Hw_Sonic.o
 .ARM.attributes
                0x000000000000042f       0x33 usb_desc.o
 .ARM.attributes
                0x0000000000000462       0x33 usb_endp.o
 .ARM.attributes
                0x0000000000000495       0x33 usb_istr.o
 .ARM.attributes
                0x00000000000004c8       0x33 usb_prop.o
 .ARM.attributes
                0x00000000000004fb       0x33 usb_pwr.o
 .ARM.attributes
                0x000000000000052e       0x33 hw_config.o
 .ARM.attributes
                0x0000000000000561       0x33 usb_core.o
 .ARM.attributes
                0x0000000000000594       0x33 usb_init.o
 .ARM.attributes
                0x00000000000005c7       0x33 usb_mem.o
 .ARM.attributes
                0x00000000000005fa       0x33 usb_regs.o
 .ARM.attributes
                0x000000000000062d       0x33 usb_sil.o
 .ARM.attributes
                0x0000000000000660       0x33 usb_int.o
 .ARM.attributes
                0x0000000000000693       0x2d /Users/imac/Develop/stm32f4/arm_gcc/gcc-arm-none-eabi-4_7-2013q3/bin/../lib/gcc/arm-none-eabi/4.7.4/../../../../arm-none-eabi/lib/armv7-m/libc.a(lib_a-ctype_.o)
 .ARM.attributes
                0x00000000000006c0       0x2d /Users/imac/Develop/stm32f4/arm_gcc/gcc-arm-none-eabi-4_7-2013q3/bin/../lib/gcc/arm-none-eabi/4.7.4/../../../../arm-none-eabi/lib/armv7-m/libc.a(lib_a-errno.o)
 .ARM.attributes
                0x00000000000006ed       0x2d /Users/imac/Develop/stm32f4/arm_gcc/gcc-arm-none-eabi-4_7-2013q3/bin/../lib/gcc/arm-none-eabi/4.7.4/../../../../arm-none-eabi/lib/armv7-m/libc.a(lib_a-impure.o)
 .ARM.attributes
                0x000000000000071a       0x2d /Users/imac/Develop/stm32f4/arm_gcc/gcc-arm-none-eabi-4_7-2013q3/bin/../lib/gcc/arm-none-eabi/4.7.4/../../../../arm-none-eabi/lib/armv7-m/libc.a(lib_a-sscanf.o)
 .ARM.attributes
                0x0000000000000747       0x2d /Users/imac/Develop/stm32f4/arm_gcc/gcc-arm-none-eabi-4_7-2013q3/bin/../lib/gcc/arm-none-eabi/4.7.4/../../../../arm-none-eabi/lib/armv7-m/libc.a(lib_a-stdio.o)
 .ARM.attributes
                0x0000000000000774       0x2d /Users/imac/Develop/stm32f4/arm_gcc/gcc-arm-none-eabi-4_7-2013q3/bin/../lib/gcc/arm-none-eabi/4.7.4/../../../../arm-none-eabi/lib/armv7-m/libc.a(lib_a-strcmp.o)
 .ARM.attributes
                0x00000000000007a1       0x2d /Users/imac/Develop/stm32f4/arm_gcc/gcc-arm-none-eabi-4_7-2013q3/bin/../lib/gcc/arm-none-eabi/4.7.4/../../../../arm-none-eabi/lib/armv7-m/libc.a(lib_a-strlen.o)
 .ARM.attributes
                0x00000000000007ce       0x2d /Users/imac/Develop/stm32f4/arm_gcc/gcc-arm-none-eabi-4_7-2013q3/bin/../lib/gcc/arm-none-eabi/4.7.4/../../../../arm-none-eabi/lib/armv7-m/libc.a(lib_a-strncmp.o)
 .ARM.attributes
                0x00000000000007fb       0x2d /Users/imac/Develop/stm32f4/arm_gcc/gcc-arm-none-eabi-4_7-2013q3/bin/../lib/gcc/arm-none-eabi/4.7.4/../../../../arm-none-eabi/lib/armv7-m/libc.a(lib_a-strtok.o)
 .ARM.attributes
                0x0000000000000828       0x2d /Users/imac/Develop/stm32f4/arm_gcc/gcc-arm-none-eabi-4_7-2013q3/bin/../lib/gcc/arm-none-eabi/4.7.4/../../../../arm-none-eabi/lib/armv7-m/libc.a(lib_a-strtok_r.o)
 .ARM.attributes
                0x0000000000000855       0x2d /Users/imac/Develop/stm32f4/arm_gcc/gcc-arm-none-eabi-4_7-2013q3/bin/../lib/gcc/arm-none-eabi/4.7.4/../../../../arm-none-eabi/lib/armv7-m/libc.a(lib_a-svfscanf.o)
 .ARM.attributes
                0x0000000000000882       0x2d /Users/imac/Develop/stm32f4/arm_gcc/gcc-arm-none-eabi-4_7-2013q3/bin/../lib/gcc/arm-none-eabi/4.7.4/../../../../arm-none-eabi/lib/armv7-m/libc.a(lib_a-findfp.o)
 .ARM.attributes
                0x00000000000008af       0x2d /Users/imac/Develop/stm32f4/arm_gcc/gcc-arm-none-eabi-4_7-2013q3/bin/../lib/gcc/arm-none-eabi/4.7.4/../../../../arm-none-eabi/lib/armv7-m/libc.a(lib_a-iswspace.o)
 .ARM.attributes
                0x00000000000008dc       0x2d /Users/imac/Develop/stm32f4/arm_gcc/gcc-arm-none-eabi-4_7-2013q3/bin/../lib/gcc/arm-none-eabi/4.7.4/../../../../arm-none-eabi/lib/armv7-m/libc.a(lib_a-locale.o)
 .ARM.attributes
                0x0000000000000909       0x2d /Users/imac/Develop/stm32f4/arm_gcc/gcc-arm-none-eabi-4_7-2013q3/bin/../lib/gcc/arm-none-eabi/4.7.4/../../../../arm-none-eabi/lib/armv7-m/libc.a(lib_a-mallocr.o)
 .ARM.attributes
                0x0000000000000936       0x2d /Users/imac/Develop/stm32f4/arm_gcc/gcc-arm-none-eabi-4_7-2013q3/bin/../lib/gcc/arm-none-eabi/4.7.4/../../../../arm-none-eabi/lib/armv7-m/libc.a(lib_a-mbrtowc.o)
 .ARM.attributes
                0x0000000000000963       0x2d /Users/imac/Develop/stm32f4/arm_gcc/gcc-arm-none-eabi-4_7-2013q3/bin/../lib/gcc/arm-none-eabi/4.7.4/../../../../arm-none-eabi/lib/armv7-m/libc.a(lib_a-mbtowc_r.o)
 .ARM.attributes
                0x0000000000000990       0x2d /Users/imac/Develop/stm32f4/arm_gcc/gcc-arm-none-eabi-4_7-2013q3/bin/../lib/gcc/arm-none-eabi/4.7.4/../../../../arm-none-eabi/lib/armv7-m/libc.a(lib_a-memset.o)
 .ARM.attributes
                0x00000000000009bd       0x2d /Users/imac/Develop/stm32f4/arm_gcc/gcc-arm-none-eabi-4_7-2013q3/bin/../lib/gcc/arm-none-eabi/4.7.4/../../../../arm-none-eabi/lib/armv7-m/libc.a(lib_a-mlock.o)
 .ARM.attributes
                0x00000000000009ea       0x2d /Users/imac/Develop/stm32f4/arm_gcc/gcc-arm-none-eabi-4_7-2013q3/bin/../lib/gcc/arm-none-eabi/4.7.4/../../../../arm-none-eabi/lib/armv7-m/libc.a(lib_a-reent.o)
 .ARM.attributes
                0x0000000000000a17       0x2d /Users/imac/Develop/stm32f4/arm_gcc/gcc-arm-none-eabi-4_7-2013q3/bin/../lib/gcc/arm-none-eabi/4.7.4/../../../../arm-none-eabi/lib/armv7-m/libc.a(lib_a-s_fpclassify.o)
 .ARM.attributes
                0x0000000000000a44       0x2d /Users/imac/Develop/stm32f4/arm_gcc/gcc-arm-none-eabi-4_7-2013q3/bin/../lib/gcc/arm-none-eabi/4.7.4/../../../../arm-none-eabi/lib/armv7-m/libc.a(lib_a-sbrkr.o)
 .ARM.attributes
                0x0000000000000a71       0x2d /Users/imac/Develop/stm32f4/arm_gcc/gcc-arm-none-eabi-4_7-2013q3/bin/../lib/gcc/arm-none-eabi/4.7.4/../../../../arm-none-eabi/lib/armv7-m/libc.a(lib_a-sccl.o)
 .ARM.attributes
                0x0000000000000a9e       0x2d /Users/imac/Develop/stm32f4/arm_gcc/gcc-arm-none-eabi-4_7-2013q3/bin/../lib/gcc/arm-none-eabi/4.7.4/../../../../arm-none-eabi/lib/armv7-m/libc.a(lib_a-sf_nan.o)
 .ARM.attributes
                0x0000000000000acb       0x2d /Users/imac/Develop/stm32f4/arm_gcc/gcc-arm-none-eabi-4_7-2013q3/bin/../lib/gcc/arm-none-eabi/4.7.4/../../../../arm-none-eabi/lib/armv7-m/libc.a(lib_a-sprintf.o)
 .ARM.attributes
                0x0000000000000af8       0x2d /Users/imac/Develop/stm32f4/arm_gcc/gcc-arm-none-eabi-4_7-2013q3/bin/../lib/gcc/arm-none-eabi/4.7.4/../../../../arm-none-eabi/lib/armv7-m/libc.a(lib_a-strtod.o)
 .ARM.attributes
                0x0000000000000b25       0x2d /Users/imac/Develop/stm32f4/arm_gcc/gcc-arm-none-eabi-4_7-2013q3/bin/../lib/gcc/arm-none-eabi/4.7.4/../../../../arm-none-eabi/lib/armv7-m/libc.a(lib_a-strtol.o)
 .ARM.attributes
                0x0000000000000b52       0x2d /Users/imac/Develop/stm32f4/arm_gcc/gcc-arm-none-eabi-4_7-2013q3/bin/../lib/gcc/arm-none-eabi/4.7.4/../../../../arm-none-eabi/lib/armv7-m/libc.a(lib_a-strtoll_r.o)
 .ARM.attributes
                0x0000000000000b7f       0x2d /Users/imac/Develop/stm32f4/arm_gcc/gcc-arm-none-eabi-4_7-2013q3/bin/../lib/gcc/arm-none-eabi/4.7.4/../../../../arm-none-eabi/lib/armv7-m/libc.a(lib_a-strtoul.o)
 .ARM.attributes
                0x0000000000000bac       0x2d /Users/imac/Develop/stm32f4/arm_gcc/gcc-arm-none-eabi-4_7-2013q3/bin/../lib/gcc/arm-none-eabi/4.7.4/../../../../arm-none-eabi/lib/armv7-m/libc.a(lib_a-strtoull_r.o)
 .ARM.attributes
                0x0000000000000bd9       0x2d /Users/imac/Develop/stm32f4/arm_gcc/gcc-arm-none-eabi-4_7-2013q3/bin/../lib/gcc/arm-none-eabi/4.7.4/../../../../arm-none-eabi/lib/armv7-m/libc.a(lib_a-svfiscanf.o)
 .ARM.attributes
                0x0000000000000c06       0x2d /Users/imac/Develop/stm32f4/arm_gcc/gcc-arm-none-eabi-4_7-2013q3/bin/../lib/gcc/arm-none-eabi/4.7.4/../../../../arm-none-eabi/lib/armv7-m/libc.a(lib_a-svfprintf.o)
 .ARM.attributes
                0x0000000000000c33       0x2d /Users/imac/Develop/stm32f4/arm_gcc/gcc-arm-none-eabi-4_7-2013q3/bin/../lib/gcc/arm-none-eabi/4.7.4/../../../../arm-none-eabi/lib/armv7-m/libc.a(lib_a-ungetc.o)
 .ARM.attributes
                0x0000000000000c60       0x2d /Users/imac/Develop/stm32f4/arm_gcc/gcc-arm-none-eabi-4_7-2013q3/bin/../lib/gcc/arm-none-eabi/4.7.4/../../../../arm-none-eabi/lib/armv7-m/libc.a(lib_a-dtoa.o)
 .ARM.attributes
                0x0000000000000c8d       0x2d /Users/imac/Develop/stm32f4/arm_gcc/gcc-arm-none-eabi-4_7-2013q3/bin/../lib/gcc/arm-none-eabi/4.7.4/../../../../arm-none-eabi/lib/armv7-m/libc.a(lib_a-freer.o)
 .ARM.attributes
                0x0000000000000cba       0x2d /Users/imac/Develop/stm32f4/arm_gcc/gcc-arm-none-eabi-4_7-2013q3/bin/../lib/gcc/arm-none-eabi/4.7.4/../../../../arm-none-eabi/lib/armv7-m/libc.a(lib_a-gdtoa-gethex.o)
 .ARM.attributes
                0x0000000000000ce7       0x2d /Users/imac/Develop/stm32f4/arm_gcc/gcc-arm-none-eabi-4_7-2013q3/bin/../lib/gcc/arm-none-eabi/4.7.4/../../../../arm-none-eabi/lib/armv7-m/libc.a(lib_a-gdtoa-hexnan.o)
 .ARM.attributes
                0x0000000000000d14       0x2d /Users/imac/Develop/stm32f4/arm_gcc/gcc-arm-none-eabi-4_7-2013q3/bin/../lib/gcc/arm-none-eabi/4.7.4/../../../../arm-none-eabi/lib/armv7-m/libc.a(lib_a-memchr.o)
 .ARM.attributes
                0x0000000000000d41       0x2d /Users/imac/Develop/stm32f4/arm_gcc/gcc-arm-none-eabi-4_7-2013q3/bin/../lib/gcc/arm-none-eabi/4.7.4/../../../../arm-none-eabi/lib/armv7-m/libc.a(lib_a-memcpy.o)
 .ARM.attributes
                0x0000000000000d6e       0x2d /Users/imac/Develop/stm32f4/arm_gcc/gcc-arm-none-eabi-4_7-2013q3/bin/../lib/gcc/arm-none-eabi/4.7.4/../../../../arm-none-eabi/lib/armv7-m/libc.a(lib_a-mprec.o)
 .ARM.attributes
                0x0000000000000d9b       0x2d /Users/imac/Develop/stm32f4/arm_gcc/gcc-arm-none-eabi-4_7-2013q3/bin/../lib/gcc/arm-none-eabi/4.7.4/../../../../arm-none-eabi/lib/armv7-m/libc.a(lib_a-reallocr.o)
 .ARM.attributes
                0x0000000000000dc8       0x2d /Users/imac/Develop/stm32f4/arm_gcc/gcc-arm-none-eabi-4_7-2013q3/bin/../lib/gcc/arm-none-eabi/4.7.4/../../../../arm-none-eabi/lib/armv7-m/libc.a(lib_a-svfiprintf.o)
 .ARM.attributes
                0x0000000000000df5       0x2d /Users/imac/Develop/stm32f4/arm_gcc/gcc-arm-none-eabi-4_7-2013q3/bin/../lib/gcc/arm-none-eabi/4.7.4/../../../../arm-none-eabi/lib/armv7-m/libc.a(lib_a-callocr.o)
 .ARM.attributes
                0x0000000000000e22       0x2d /Users/imac/Develop/stm32f4/arm_gcc/gcc-arm-none-eabi-4_7-2013q3/bin/../lib/gcc/arm-none-eabi/4.7.4/../../../../arm-none-eabi/lib/armv7-m/libc.a(lib_a-memmove.o)
 .ARM.attributes
                0x0000000000000e4f       0x1d /Users/imac/Develop/stm32f4/arm_gcc/gcc-arm-none-eabi-4_7-2013q3/bin/../lib/gcc/arm-none-eabi/4.7.4/armv7-m/libgcc.a(_arm_addsubdf3.o)
 .ARM.attributes
                0x0000000000000e6c       0x1d /Users/imac/Develop/stm32f4/arm_gcc/gcc-arm-none-eabi-4_7-2013q3/bin/../lib/gcc/arm-none-eabi/4.7.4/armv7-m/libgcc.a(_arm_muldivdf3.o)
 .ARM.attributes
                0x0000000000000e89       0x1d /Users/imac/Develop/stm32f4/arm_gcc/gcc-arm-none-eabi-4_7-2013q3/bin/../lib/gcc/arm-none-eabi/4.7.4/armv7-m/libgcc.a(_arm_cmpdf2.o)
 .ARM.attributes
                0x0000000000000ea6       0x1d /Users/imac/Develop/stm32f4/arm_gcc/gcc-arm-none-eabi-4_7-2013q3/bin/../lib/gcc/arm-none-eabi/4.7.4/armv7-m/libgcc.a(_arm_fixdfsi.o)
 .ARM.attributes
                0x0000000000000ec3       0x1d /Users/imac/Develop/stm32f4/arm_gcc/gcc-arm-none-eabi-4_7-2013q3/bin/../lib/gcc/arm-none-eabi/4.7.4/armv7-m/libgcc.a(_arm_fixunsdfsi.o)
 .ARM.attributes
                0x0000000000000ee0       0x1d /Users/imac/Develop/stm32f4/arm_gcc/gcc-arm-none-eabi-4_7-2013q3/bin/../lib/gcc/arm-none-eabi/4.7.4/armv7-m/libgcc.a(_arm_truncdfsf2.o)
 .ARM.attributes
                0x0000000000000efd       0x1d /Users/imac/Develop/stm32f4/arm_gcc/gcc-arm-none-eabi-4_7-2013q3/bin/../lib/gcc/arm-none-eabi/4.7.4/armv7-m/libgcc.a(_aeabi_uldivmod.o)
 .ARM.attributes
                0x0000000000000f1a       0x2d /Users/imac/Develop/stm32f4/arm_gcc/gcc-arm-none-eabi-4_7-2013q3/bin/../lib/gcc/arm-none-eabi/4.7.4/armv7-m/libgcc.a(bpabi.o)
 .ARM.attributes
                0x0000000000000f47       0x1d /Users/imac/Develop/stm32f4/arm_gcc/gcc-arm-none-eabi-4_7-2013q3/bin/../lib/gcc/arm-none-eabi/4.7.4/armv7-m/libgcc.a(_dvmd_tls.o)
 .ARM.attributes
                0x0000000000000f64       0x2d /Users/imac/Develop/stm32f4/arm_gcc/gcc-arm-none-eabi-4_7-2013q3/bin/../lib/gcc/arm-none-eabi/4.7.4/armv7-m/libgcc.a(_divdi3.o)
 .ARM.attributes
                0x0000000000000f91       0x2d /Users/imac/Develop/stm32f4/arm_gcc/gcc-arm-none-eabi-4_7-2013q3/bin/../lib/gcc/arm-none-eabi/4.7.4/armv7-m/libgcc.a(_udivdi3.o)
                0x0000000000000400                __Stack_Size = 0x400
                0x0000000000000400                PROVIDE (_Stack_Size, __Stack_Size)
                0x0000000020004c00                __Stack_Init = (_estack - __Stack_Size)
                0x0000000020004c00                PROVIDE (_Stack_Init, __Stack_Init)
OUTPUT(main.elf elf32-littlearm)

.debug_info     0x0000000000000000     0x858d
 .debug_info    0x0000000000000000      0x1f4 main.o
 .debug_info    0x00000000000001f4       0x91 Ap.o
 .debug_info    0x0000000000000285      0xf2b Ap_StrCmd.o
 .debug_info    0x00000000000011b0      0x2d4 Ap_StrCmd_Q.o
 .debug_info    0x0000000000001484       0xb4 Ap_StrCmd_List.o
 .debug_info    0x0000000000001538      0x1db Ap_StrCmd_MOVE.o
 .debug_info    0x0000000000001713      0x2e1 Lb_Util.o
 .debug_info    0x00000000000019f4      0x9b8 Lb_Printf.o
 .debug_info    0x00000000000023ac      0x14a Hw_StartUp.o
 .debug_info    0x00000000000024f6      0x15c Hw.o
 .debug_info    0x0000000000002652      0x674 Hw_Uart.o
 .debug_info    0x0000000000002cc6       0x7e Hw_PLL.o
 .debug_info    0x0000000000002d44      0x17c Hw_Led.o
 .debug_info    0x0000000000002ec0      0x282 Hw_Uart_Q.o
 .debug_info    0x0000000000003142      0x160 Hw_ISR.o
 .debug_info    0x00000000000032a2      0x3fa Hw_Timer.o
 .debug_info    0x000000000000369c      0x199 Hw_VCom.o
 .debug_info    0x0000000000003835      0x172 Hw_Adc.o
 .debug_info    0x00000000000039a7      0x3d9 Hw_DcMotor.o
 .debug_info    0x0000000000003d80      0x1b8 Hw_Pwm.o
 .debug_info    0x0000000000003f38      0x5fd Hw_Sonic.o
 .debug_info    0x0000000000004535      0x154 usb_desc.o
 .debug_info    0x0000000000004689      0x22f usb_endp.o
 .debug_info    0x00000000000048b8      0x372 usb_istr.o
 .debug_info    0x0000000000004c2a      0xad9 usb_prop.o
 .debug_info    0x0000000000005703      0x34a usb_pwr.o
 .debug_info    0x0000000000005a4d      0x680 hw_config.o
 .debug_info    0x00000000000060cd      0xddb usb_core.o
 .debug_info    0x0000000000006ea8      0x46d usb_init.o
 .debug_info    0x0000000000007315      0x194 usb_mem.o
 .debug_info    0x00000000000074a9      0xd92 usb_regs.o
 .debug_info    0x000000000000823b      0x1b9 usb_sil.o
 .debug_info    0x00000000000083f4      0x199 usb_int.o

.debug_abbrev   0x0000000000000000     0x2fcb
 .debug_abbrev  0x0000000000000000       0xfa main.o
 .debug_abbrev  0x00000000000000fa       0x4d Ap.o
 .debug_abbrev  0x0000000000000147      0x40f Ap_StrCmd.o
 .debug_abbrev  0x0000000000000556      0x168 Ap_StrCmd_Q.o
 .debug_abbrev  0x00000000000006be       0x59 Ap_StrCmd_List.o
 .debug_abbrev  0x0000000000000717      0x103 Ap_StrCmd_MOVE.o
 .debug_abbrev  0x000000000000081a      0x1c4 Lb_Util.o
 .debug_abbrev  0x00000000000009de      0x32c Lb_Printf.o
 .debug_abbrev  0x0000000000000d0a       0xd0 Hw_StartUp.o
 .debug_abbrev  0x0000000000000dda       0xf1 Hw.o
 .debug_abbrev  0x0000000000000ecb      0x2bb Hw_Uart.o
 .debug_abbrev  0x0000000000001186       0x44 Hw_PLL.o
 .debug_abbrev  0x00000000000011ca      0x103 Hw_Led.o
 .debug_abbrev  0x00000000000012cd      0x130 Hw_Uart_Q.o
 .debug_abbrev  0x00000000000013fd       0xd1 Hw_ISR.o
 .debug_abbrev  0x00000000000014ce      0x1ef Hw_Timer.o
 .debug_abbrev  0x00000000000016bd      0x121 Hw_VCom.o
 .debug_abbrev  0x00000000000017de      0x118 Hw_Adc.o
 .debug_abbrev  0x00000000000018f6      0x1ad Hw_DcMotor.o
 .debug_abbrev  0x0000000000001aa3      0x127 Hw_Pwm.o
 .debug_abbrev  0x0000000000001bca      0x22a Hw_Sonic.o
 .debug_abbrev  0x0000000000001df4       0x5d usb_desc.o
 .debug_abbrev  0x0000000000001e51       0xf2 usb_endp.o
 .debug_abbrev  0x0000000000001f43      0x138 usb_istr.o
 .debug_abbrev  0x000000000000207b      0x214 usb_prop.o
 .debug_abbrev  0x000000000000228f      0x18b usb_pwr.o
 .debug_abbrev  0x000000000000241a      0x2c2 hw_config.o
 .debug_abbrev  0x00000000000026dc      0x383 usb_core.o
 .debug_abbrev  0x0000000000002a5f      0x10a usb_init.o
 .debug_abbrev  0x0000000000002b69       0x96 usb_mem.o
 .debug_abbrev  0x0000000000002bff      0x227 usb_regs.o
 .debug_abbrev  0x0000000000002e26       0xc7 usb_sil.o
 .debug_abbrev  0x0000000000002eed       0xde usb_int.o

.debug_loc      0x0000000000000000     0x641a
 .debug_loc     0x0000000000000000       0xc1 main.o
 .debug_loc     0x00000000000000c1       0x20 Ap.o
 .debug_loc     0x00000000000000e1      0x97f Ap_StrCmd.o
 .debug_loc     0x0000000000000a60      0x1b9 Ap_StrCmd_Q.o
 .debug_loc     0x0000000000000c19       0x20 Ap_StrCmd_List.o
 .debug_loc     0x0000000000000c39       0xec Ap_StrCmd_MOVE.o
 .debug_loc     0x0000000000000d25      0x293 Lb_Util.o
 .debug_loc     0x0000000000000fb8     0x175e Lb_Printf.o
 .debug_loc     0x0000000000002716       0x6a Hw_StartUp.o
 .debug_loc     0x0000000000002780       0xbf Hw.o
 .debug_loc     0x000000000000283f      0x633 Hw_Uart.o
 .debug_loc     0x0000000000002e72       0xa2 Hw_Led.o
 .debug_loc     0x0000000000002f14      0x26e Hw_Uart_Q.o
 .debug_loc     0x0000000000003182       0x42 Hw_ISR.o
 .debug_loc     0x00000000000031c4      0x395 Hw_Timer.o
 .debug_loc     0x0000000000003559       0x8d Hw_VCom.o
 .debug_loc     0x00000000000035e6       0xcf Hw_Adc.o
 .debug_loc     0x00000000000036b5      0x2ce Hw_DcMotor.o
 .debug_loc     0x0000000000003983      0x118 Hw_Pwm.o
 .debug_loc     0x0000000000003a9b      0x388 Hw_Sonic.o
 .debug_loc     0x0000000000003e23       0xc7 usb_endp.o
 .debug_loc     0x0000000000003eea      0x118 usb_istr.o
 .debug_loc     0x0000000000004002      0x2ab usb_prop.o
 .debug_loc     0x00000000000042ad      0x368 usb_pwr.o
 .debug_loc     0x0000000000004615      0x278 hw_config.o
 .debug_loc     0x000000000000488d      0xa9f usb_core.o
 .debug_loc     0x000000000000532c       0x20 usb_init.o
 .debug_loc     0x000000000000534c      0x241 usb_mem.o
 .debug_loc     0x000000000000558d      0xc1f usb_regs.o
 .debug_loc     0x00000000000061ac      0x135 usb_sil.o
 .debug_loc     0x00000000000062e1      0x139 usb_int.o

.debug_aranges  0x0000000000000000      0xb00
 .debug_aranges
                0x0000000000000000       0x30 main.o
 .debug_aranges
                0x0000000000000030       0x20 Ap.o
 .debug_aranges
                0x0000000000000050       0xc8 Ap_StrCmd.o
 .debug_aranges
                0x0000000000000118       0x48 Ap_StrCmd_Q.o
 .debug_aranges
                0x0000000000000160       0x20 Ap_StrCmd_List.o
 .debug_aranges
                0x0000000000000180       0x20 Ap_StrCmd_MOVE.o
 .debug_aranges
                0x00000000000001a0       0x48 Lb_Util.o
 .debug_aranges
                0x00000000000001e8       0x68 Lb_Printf.o
 .debug_aranges
                0x0000000000000250       0x20 Hw_StartUp.o
 .debug_aranges
                0x0000000000000270       0x30 Hw.o
 .debug_aranges
                0x00000000000002a0       0x90 Hw_Uart.o
 .debug_aranges
                0x0000000000000330       0x20 Hw_PLL.o
 .debug_aranges
                0x0000000000000350       0x40 Hw_Led.o
 .debug_aranges
                0x0000000000000390       0x48 Hw_Uart_Q.o
 .debug_aranges
                0x00000000000003d8       0x30 Hw_ISR.o
 .debug_aranges
                0x0000000000000408       0x88 Hw_Timer.o
 .debug_aranges
                0x0000000000000490       0x38 Hw_VCom.o
 .debug_aranges
                0x00000000000004c8       0x40 Hw_Adc.o
 .debug_aranges
                0x0000000000000508       0x50 Hw_DcMotor.o
 .debug_aranges
                0x0000000000000558       0x40 Hw_Pwm.o
 .debug_aranges
                0x0000000000000598       0x80 Hw_Sonic.o
 .debug_aranges
                0x0000000000000618       0x18 usb_desc.o
 .debug_aranges
                0x0000000000000630       0x30 usb_endp.o
 .debug_aranges
                0x0000000000000660       0x20 usb_istr.o
 .debug_aranges
                0x0000000000000680       0x88 usb_prop.o
 .debug_aranges